127.4.151.177 - - [08/Mar/2025:00:57:27 +0530] "GET /tmp_dash/stream/474999.m4v HTTP/1.1" 200 1574213 "http://extra-tcp.gl.at.ply.gg:47078/dashjs/index.html" "Mozilla/5.0 (Windows NT 10.0; Win64; x64) AppleWebKit/537.36 (KHTML, like Gecko) Chrome/134.0.0.0 Safari/537.36" "-"
127.0.0.1 - - [08/Mar/2025:00:57:30 +0530] "GET /tmp_hls/stream/index.m3u8 HTTP/1.1" 200 266 "http://localhost/videojs/index.html" "Mozilla/5.0 (Windows NT 10.0; Win64; x64) AppleWebKit/537.36 (KHTML, like Gecko) Chrome/134.0.0.0 Safari/537.36" "-"
127.0.0.1 - - [08/Mar/2025:00:57:30 +0530] "GET /tmp_dash/stream/index.mpd HTTP/1.1" 304 0 "http://localhost/dashjs/index.html" "Mozilla/5.0 (Windows NT 10.0; Win64; x64) AppleWebKit/537.36 (KHTML, like Gecko) Chrome/134.0.0.0 Safari/537.36" "-"
127.4.151.177 - - [08/Mar/2025:00:57:30 +0530] "\x16\x03\x01\x06\xDF\x01\x00\x06\xDB\x03\x03\xBA\xF9\xA1\xA4\x0FV,D\xE8\x93\x16\x8B\x19~\x16\x98\x05\xFD<3\x8Dn\x91^\xBE8\xEAH{\x85]# \x1A\x82\xC0j\x06\x87\xC4t\xC5N4\x08\x15$g\xB4\xCA\xE0\x8E#\xF9\x8B\xC6\xCD\xB1\xEBq\xAB\xA03[k\x00 \x9A\x9A\x13\x01\x13\x02\x13\x03\xC0+\xC0/\xC0,\xC00\xCC\xA9\xCC\xA8\xC0\x13\xC0\x14\x00\x9C\x00\x9D\x00/\x005\x01\x00\x06r\xBA\xBA\x00\x00D\xCD\x00\x05\x00\x03\x02h2\x00\x05\x00\x05\x01\x00\x00\x00\x00\x00\x12\x00\x00\x00" 400 158 "-" "-" "-"
192.168.0.102 - - [08/Mar/2025:00:57:31 +0530] "GET /tmp_dash/stream/index.mpd HTTP/1.1" 304 0 "http://192.168.0.102/dashjs/index.html" "Mozilla/5.0 (Windows NT 10.0; Win64; x64) AppleWebKit/537.36 (KHTML, like Gecko) Chrome/134.0.0.0 Safari/537.36" "-"
127.4.151.177 - - [08/Mar/2025:00:57:31 +0530] "\x16\x03\x01\x06\xFF\x01\x00\x06\xFB\x03\x03\xA4\xD7!\xDE1\xC4\x1B0\xA4\x93/sx\x0B7\xA5\xF5Z\xD7\x1B\x5C\xD5\x12\x93f\xD2\xF2H\xCE\x17N\x09 \xDE\xEA\x01\x0B\xD7A\x9E\x85M0\xA0\x80\xC0\xFBq\x02\x95\x0Cd\x9Df>v\xF9\x5C\xF0\xAC\xAD\x9A\x9C\x8E\xA8\x00 ZZ\x13\x01\x13\x02\x13\x03\xC0+\xC0/\xC0,\xC00\xCC\xA9\xCC\xA8\xC0\x13\xC0\x14\x00\x9C\x00\x9D\x00/\x005\x01\x00\x06\x92" 400 158 "-" "-" "-"
127.4.151.177 - - [08/Mar/2025:00:57:32 +0530] "GET /tmp_dash/stream/index.mpd HTTP/1.1" 304 0 "http://extra-tcp.gl.at.ply.gg:47078/dashjs/index.html" "Mozilla/5.0 (Windows NT 10.0; Win64; x64) AppleWebKit/537.36 (KHTML, like Gecko) Chrome/134.0.0.0 Safari/537.36" "-"
127.4.151.177 - - [08/Mar/2025:00:57:32 +0530] "\x16\x03\x01\x02\x00\x01\x00\x01\xFC\x03\x03IwA\xC5\x94w\x04\x121\xA6x)\x97\xD9)\xDF\x12\xCF\x89?c^\x8E\x989q\x86\xA5" 400 158 "-" "-" "-"
127.4.151.177 - - [08/Mar/2025:00:57:32 +0530] "GET /dashjs/index.html HTTP/1.1" 206 685 "chrome-error://chromewebdata/" "Mozilla/5.0 (Windows NT 10.0; Win64; x64) AppleWebKit/537.36 (KHTML, like Gecko) Chrome/131.0.0.0 Safari/537.36" "-"
127.4.151.177 - - [08/Mar/2025:00:57:33 +0530] "GET /dashjs/index.html HTTP/1.1" 200 685 "chrome-error://chromewebdata/" "Mozilla/5.0 (Windows NT 10.0; Win64; x64) AppleWebKit/537.36 (KHTML, like Gecko) Chrome/131.0.0.0 Safari/537.36" "-"
127.4.151.177 - - [08/Mar/2025:00:57:33 +0530] "GET /dashjs/index.html HTTP/1.1" 206 685 "chrome-error://chromewebdata/" "Mozilla/5.0 (Linux; Android 13; M2010J19CG) AppleWebKit/537.36 (KHTML, like Gecko) Chrome/133.0.6943.121 Mobile Safari/537.36" "-"
127.4.151.177 - - [08/Mar/2025:00:57:34 +0530] "GET /dashjs/index.html HTTP/1.1" 200 685 "chrome-error://chromewebdata/" "Mozilla/5.0 (Linux; Android 13; M2010J19CG) AppleWebKit/537.36 (KHTML, like Gecko) Chrome/133.0.6943.121 Mobile Safari/537.36" "-"
127.0.0.1 - - [08/Mar/2025:00:57:35 +0530] "GET /tmp_dash/stream/index.mpd HTTP/1.1" 200 2282 "http://localhost/dashjs/index.html" "Mozilla/5.0 (Windows NT 10.0; Win64; x64) AppleWebKit/537.36 (KHTML, like Gecko) Chrome/134.0.0.0 Safari/537.36" "-"
127.4.151.177 - - [08/Mar/2025:00:57:37 +0530] "GET /tmp_dash/stream/index.mpd HTTP/1.1" 200 2282 "http://extra-tcp.gl.at.ply.gg:47078/dashjs/index.html" "Mozilla/5.0 (Windows NT 10.0; Win64; x64) AppleWebKit/537.36 (KHTML, like Gecko) Chrome/134.0.0.0 Safari/537.36" "-"
192.168.0.102 - - [08/Mar/2025:00:57:37 +0530] "GET /tmp_dash/stream/index.mpd HTTP/1.1" 200 2282 "http://192.168.0.102/dashjs/index.html" "Mozilla/5.0 (Windows NT 10.0; Win64; x64) AppleWebKit/537.36 (KHTML, like Gecko) Chrome/134.0.0.0 Safari/537.36" "-"
127.4.151.177 - - [08/Mar/2025:00:57:37 +0530] "GET /tmp_dash/stream/483332.m4a HTTP/1.1" 200 138173 "http://extra-tcp.gl.at.ply.gg:47078/dashjs/index.html" "Mozilla/5.0 (Windows NT 10.0; Win64; x64) AppleWebKit/537.36 (KHTML, like Gecko) Chrome/134.0.0.0 Safari/537.36" "-"
127.4.151.177 - - [08/Mar/2025:00:57:37 +0530] "GET /tmp_dash/stream/483332.m4v HTTP/1.1" 200 1626499 "http://extra-tcp.gl.at.ply.gg:47078/dashjs/index.html" "Mozilla/5.0 (Windows NT 10.0; Win64; x64) AppleWebKit/537.36 (KHTML, like Gecko) Chrome/134.0.0.0 Safari/537.36" "-"
127.4.151.177 - - [08/Mar/2025:00:57:39 +0530] "GET /dashjs/index.html HTTP/1.1" 200 685 "-" "Mozilla/5.0 (Linux; Android 13; M2010J19CG) AppleWebKit/537.36 (KHTML, like Gecko) Chrome/133.0.6943.121 Mobile Safari/537.36" "-"
127.4.151.177 - - [08/Mar/2025:00:57:39 +0530] "GET /dashjs/js/dash.all.min.js HTTP/1.1" 200 608246 "http://extra-tcp.gl.at.ply.gg:47078/dashjs/index.html" "Mozilla/5.0 (Linux; Android 13; M2010J19CG) AppleWebKit/537.36 (KHTML, like Gecko) Chrome/133.0.6943.121 Mobile Safari/537.36" "-"
127.0.0.1 - - [08/Mar/2025:00:57:39 +0530] "GET /tmp_hls/stream/index.m3u8 HTTP/1.1" 200 266 "http://localhost/videojs/index.html" "Mozilla/5.0 (Windows NT 10.0; Win64; x64) AppleWebKit/537.36 (KHTML, like Gecko) Chrome/134.0.0.0 Safari/537.36" "-"
127.0.0.1 - - [08/Mar/2025:00:57:40 +0530] "GET /tmp_dash/stream/index.mpd HTTP/1.1" 304 0 "http://localhost/dashjs/index.html" "Mozilla/5.0 (Windows NT 10.0; Win64; x64) AppleWebKit/537.36 (KHTML, like Gecko) Chrome/134.0.0.0 Safari/537.36" "-"
127.4.151.177 - - [08/Mar/2025:00:57:40 +0530] "GET /tmp_dash/stream/index.mpd HTTP/1.1" 200 2282 "http://extra-tcp.gl.at.ply.gg:47078/dashjs/index.html" "Mozilla/5.0 (Linux; Android 13; M2010J19CG) AppleWebKit/537.36 (KHTML, like Gecko) Chrome/133.0.6943.121 Mobile Safari/537.36" "-"
127.4.151.177 - - [08/Mar/2025:00:57:41 +0530] "GET /tmp_dash/stream/index.mpd HTTP/1.1" 206 2282 "http://extra-tcp.gl.at.ply.gg:47078/dashjs/index.html" "Mozilla/5.0 (Linux; Android 13; M2010J19CG) AppleWebKit/537.36 (KHTML, like Gecko) Chrome/133.0.6943.121 Mobile Safari/537.36" "-"
127.4.151.177 - - [08/Mar/2025:00:57:41 +0530] "GET /favicon.ico HTTP/1.1" 404 556 "http://extra-tcp.gl.at.ply.gg:47078/dashjs/index.html" "Mozilla/5.0 (Linux; Android 13; M2010J19CG) AppleWebKit/537.36 (KHTML, like Gecko) Chrome/133.0.6943.121 Mobile Safari/537.36" "-"
127.4.151.177 - - [08/Mar/2025:00:57:41 +0530] "GET /tmp_dash/stream/index.mpd HTTP/1.1" 206 2282 "http://extra-tcp.gl.at.ply.gg:47078/dashjs/index.html" "Mozilla/5.0 (Windows NT 10.0; Win64; x64) AppleWebKit/537.36 (KHTML, like Gecko) Chrome/131.0.0.0 Safari/537.36" "-"
127.4.151.177 - - [08/Mar/2025:00:57:41 +0530] "GET /dashjs/],div[data-free-banner], HTTP/1.1" 404 556 "http://extra-tcp.gl.at.ply.gg:47078/dashjs/index.html" "Mozilla/5.0 (Windows NT 10.0; Win64; x64) AppleWebKit/537.36 (KHTML, like Gecko) Chrome/131.0.0.0 Safari/537.36" "-"
127.4.151.177 - - [08/Mar/2025:00:57:41 +0530] "GET /tmp_dash/stream/init.m4v HTTP/1.1" 200 675 "http://extra-tcp.gl.at.ply.gg:47078/dashjs/index.html" "Mozilla/5.0 (Linux; Android 13; M2010J19CG) AppleWebKit/537.36 (KHTML, like Gecko) Chrome/133.0.6943.121 Mobile Safari/537.36" "-"
127.4.151.177 - - [08/Mar/2025:00:57:41 +0530] "GET /tmp_dash/stream/init.m4a HTTP/1.1" 200 599 "http://extra-tcp.gl.at.ply.gg:47078/dashjs/index.html" "Mozilla/5.0 (Linux; Android 13; M2010J19CG) AppleWebKit/537.36 (KHTML, like Gecko) Chrome/133.0.6943.121 Mobile Safari/537.36" "-"
127.4.151.177 - - [08/Mar/2025:00:57:41 +0530] "GET /dashjs/],div[data-free-banner], HTTP/1.1" 404 556 "http://extra-tcp.gl.at.ply.gg:47078/dashjs/index.html" "Mozilla/5.0 (Windows NT 10.0; Win64; x64) AppleWebKit/537.36 (KHTML, like Gecko) Chrome/131.0.0.0 Safari/537.36" "-"
127.4.151.177 - - [08/Mar/2025:00:57:41 +0530] "GET /tmp_dash/stream/474999.m4v HTTP/1.1" 200 1574213 "http://extra-tcp.gl.at.ply.gg:47078/dashjs/index.html" "Mozilla/5.0 (Linux; Android 13; M2010J19CG) AppleWebKit/537.36 (KHTML, like Gecko) Chrome/133.0.6943.121 Mobile Safari/537.36" "-"
127.4.151.177 - - [08/Mar/2025:00:57:41 +0530] "GET /dashjs/],div[data-free-banner], HTTP/1.1" 404 154 "http://extra-tcp.gl.at.ply.gg:47078/dashjs/index.html" "Dalvik/2.1.0 (Linux; U; Android 13; M2010J19CG Build/TQ3A.230901.001.B1)" "-"
127.4.151.177 - - [08/Mar/2025:00:57:41 +0530] "GET /tmp_dash/stream/474999.m4a HTTP/1.1" 200 137391 "http://extra-tcp.gl.at.ply.gg:47078/dashjs/index.html" "Mozilla/5.0 (Linux; Android 13; M2010J19CG) AppleWebKit/537.36 (KHTML, like Gecko) Chrome/133.0.6943.121 Mobile Safari/537.36" "-"
127.4.151.177 - - [08/Mar/2025:00:57:42 +0530] "GET /tmp_dash/stream/index.mpd HTTP/1.1" 200 2282 "http://extra-tcp.gl.at.ply.gg:47078/dashjs/index.html" "Mozilla/5.0 (Windows NT 10.0; Win64; x64) AppleWebKit/537.36 (KHTML, like Gecko) Chrome/134.0.0.0 Safari/537.36" "-"
127.4.151.177 - - [08/Mar/2025:00:57:42 +0530] "GET /dashjs/],div[data-free-banner], HTTP/1.1" 404 556 "http://extra-tcp.gl.at.ply.gg:47078/dashjs/index.html" "Mozilla/5.0 (Linux; Android 13; M2010J19CG) AppleWebKit/537.36 (KHTML, like Gecko) Chrome/133.0.6943.121 Mobile Safari/537.36" "-"
127.4.151.177 - - [08/Mar/2025:00:57:42 +0530] "GET /tmp_dash/stream/483332.m4v HTTP/1.1" 200 1626499 "http://extra-tcp.gl.at.ply.gg:47078/dashjs/index.html" "Mozilla/5.0 (Linux; Android 13; M2010J19CG) AppleWebKit/537.36 (KHTML, like Gecko) Chrome/133.0.6943.121 Mobile Safari/537.36" "-"
127.4.151.177 - - [08/Mar/2025:00:57:42 +0530] "GET /tmp_dash/stream/491666.m4v HTTP/1.1" 200 1492826 "http://extra-tcp.gl.at.ply.gg:47078/dashjs/index.html" "Mozilla/5.0 (Windows NT 10.0; Win64; x64) AppleWebKit/537.36 (KHTML, like Gecko) Chrome/134.0.0.0 Safari/537.36" "-"
192.168.0.102 - - [08/Mar/2025:00:57:43 +0530] "GET /tmp_dash/stream/index.mpd HTTP/1.1" 200 2282 "http://192.168.0.102/dashjs/index.html" "Mozilla/5.0 (Windows NT 10.0; Win64; x64) AppleWebKit/537.36 (KHTML, like Gecko) Chrome/134.0.0.0 Safari/537.36" "-"
127.4.151.177 - - [08/Mar/2025:00:57:43 +0530] "GET /tmp_dash/stream/491666.m4a HTTP/1.1" 200 137701 "http://extra-tcp.gl.at.ply.gg:47078/dashjs/index.html" "Mozilla/5.0 (Windows NT 10.0; Win64; x64) AppleWebKit/537.36 (KHTML, like Gecko) Chrome/134.0.0.0 Safari/537.36" "-"
127.4.151.177 - - [08/Mar/2025:00:57:43 +0530] "GET /dashjs/],div[data-free-banner], HTTP/1.1" 404 556 "http://extra-tcp.gl.at.ply.gg:47078/dashjs/index.html" "Mozilla/5.0 (Linux; Android 13; M2010J19CG) AppleWebKit/537.36 (KHTML, like Gecko) Chrome/133.0.6943.121 Mobile Safari/537.36" "-"
127.4.151.177 - - [08/Mar/2025:00:57:44 +0530] "GET /tmp_dash/stream/483332.m4a HTTP/1.1" 200 138173 "http://extra-tcp.gl.at.ply.gg:47078/dashjs/index.html" "Mozilla/5.0 (Linux; Android 13; M2010J19CG) AppleWebKit/537.36 (KHTML, like Gecko) Chrome/133.0.6943.121 Mobile Safari/537.36" "-"
127.4.151.177 - - [08/Mar/2025:00:57:44 +0530] "GET /dashjs/],div[data-free-banner], HTTP/1.1" 404 154 "http://extra-tcp.gl.at.ply.gg:47078/dashjs/index.html" "Dalvik/2.1.0 (Linux; U; Android 13; M2010J19CG Build/TQ3A.230901.001.B1)" "-"
127.0.0.1 - - [08/Mar/2025:00:57:45 +0530] "GET /tmp_dash/stream/index.mpd HTTP/1.1" 200 2282 "http://localhost/dashjs/index.html" "Mozilla/5.0 (Windows NT 10.0; Win64; x64) AppleWebKit/537.36 (KHTML, like Gecko) Chrome/134.0.0.0 Safari/537.36" "-"
127.4.151.177 - - [08/Mar/2025:00:57:47 +0530] "GET /tmp_dash/stream/index.mpd HTTP/1.1" 304 0 "http://extra-tcp.gl.at.ply.gg:47078/dashjs/index.html" "Mozilla/5.0 (Windows NT 10.0; Win64; x64) AppleWebKit/537.36 (KHTML, like Gecko) Chrome/134.0.0.0 Safari/537.36" "-"
127.0.0.1 - - [08/Mar/2025:00:57:48 +0530] "GET /tmp_hls/stream/index.m3u8 HTTP/1.1" 200 266 "http://localhost/videojs/index.html" "Mozilla/5.0 (Windows NT 10.0; Win64; x64) AppleWebKit/537.36 (KHTML, like Gecko) Chrome/134.0.0.0 Safari/537.36" "-"
192.168.0.102 - - [08/Mar/2025:00:57:49 +0530] "GET /tmp_dash/stream/index.mpd HTTP/1.1" 304 0 "http://192.168.0.102/dashjs/index.html" "Mozilla/5.0 (Windows NT 10.0; Win64; x64) AppleWebKit/537.36 (KHTML, like Gecko) Chrome/134.0.0.0 Safari/537.36" "-"
127.0.0.1 - - [08/Mar/2025:00:57:50 +0530] "GET /tmp_dash/stream/index.mpd HTTP/1.1" 200 2282 "http://localhost/dashjs/index.html" "Mozilla/5.0 (Windows NT 10.0; Win64; x64) AppleWebKit/537.36 (KHTML, like Gecko) Chrome/134.0.0.0 Safari/537.36" "-"
127.4.151.177 - - [08/Mar/2025:00:57:51 +0530] "GET /dashjs/index.html HTTP/1.1" 200 685 "-" "Mozilla/5.0 (Linux; Android 10; K) AppleWebKit/537.36 (KHTML, like Gecko) Chrome/134.0.0.0 Mobile Safari/537.36" "-"
127.4.151.177 - - [08/Mar/2025:00:57:51 +0530] "GET /dashjs/js/dash.all.min.js HTTP/1.1" 200 608246 "http://extra-tcp.gl.at.ply.gg:47078/dashjs/index.html" "Mozilla/5.0 (Linux; Android 10; K) AppleWebKit/537.36 (KHTML, like Gecko) Chrome/134.0.0.0 Mobile Safari/537.36" "-"
127.4.151.177 - - [08/Mar/2025:00:57:52 +0530] "GET /tmp_dash/stream/index.mpd HTTP/1.1" 200 2282 "http://extra-tcp.gl.at.ply.gg:47078/dashjs/index.html" "Mozilla/5.0 (Windows NT 10.0; Win64; x64) AppleWebKit/537.36 (KHTML, like Gecko) Chrome/134.0.0.0 Safari/537.36" "-"
127.4.151.177 - - [08/Mar/2025:00:57:52 +0530] "GET /tmp_dash/stream/index.mpd HTTP/1.1" 200 2282 "http://extra-tcp.gl.at.ply.gg:47078/dashjs/index.html" "Mozilla/5.0 (Linux; Android 10; K) AppleWebKit/537.36 (KHTML, like Gecko) Chrome/134.0.0.0 Mobile Safari/537.36" "-"
127.4.151.177 - - [08/Mar/2025:00:57:52 +0530] "GET /favicon.ico HTTP/1.1" 404 556 "http://extra-tcp.gl.at.ply.gg:47078/dashjs/index.html" "Mozilla/5.0 (Linux; Android 10; K) AppleWebKit/537.36 (KHTML, like Gecko) Chrome/134.0.0.0 Mobile Safari/537.36" "-"
127.4.151.177 - - [08/Mar/2025:00:57:53 +0530] "GET /tmp_dash/stream/499999.m4a HTTP/1.1" 200 136758 "http://extra-tcp.gl.at.ply.gg:47078/dashjs/index.html" "Mozilla/5.0 (Windows NT 10.0; Win64; x64) AppleWebKit/537.36 (KHTML, like Gecko) Chrome/134.0.0.0 Safari/537.36" "-"
127.4.151.177 - - [08/Mar/2025:00:57:53 +0530] "GET /tmp_dash/stream/499999.m4v HTTP/1.1" 200 1569355 "http://extra-tcp.gl.at.ply.gg:47078/dashjs/index.html" "Mozilla/5.0 (Windows NT 10.0; Win64; x64) AppleWebKit/537.36 (KHTML, like Gecko) Chrome/134.0.0.0 Safari/537.36" "-"
127.4.151.177 - - [08/Mar/2025:00:57:53 +0530] "GET /tmp_dash/stream/init.m4v HTTP/1.1" 200 675 "http://extra-tcp.gl.at.ply.gg:47078/dashjs/index.html" "Mozilla/5.0 (Linux; Android 10; K) AppleWebKit/537.36 (KHTML, like Gecko) Chrome/134.0.0.0 Mobile Safari/537.36" "-"
127.4.151.177 - - [08/Mar/2025:00:57:53 +0530] "GET /tmp_dash/stream/init.m4a HTTP/1.1" 200 599 "http://extra-tcp.gl.at.ply.gg:47078/dashjs/index.html" "Mozilla/5.0 (Linux; Android 10; K) AppleWebKit/537.36 (KHTML, like Gecko) Chrome/134.0.0.0 Mobile Safari/537.36" "-"
127.4.151.177 - - [08/Mar/2025:00:57:53 +0530] "GET /tmp_dash/stream/491666.m4v HTTP/1.1" 200 1492826 "http://extra-tcp.gl.at.ply.gg:47078/dashjs/index.html" "Mozilla/5.0 (Linux; Android 10; K) AppleWebKit/537.36 (KHTML, like Gecko) Chrome/134.0.0.0 Mobile Safari/537.36" "-"
127.4.151.177 - - [08/Mar/2025:00:57:53 +0530] "GET /tmp_dash/stream/491666.m4a HTTP/1.1" 200 137701 "http://extra-tcp.gl.at.ply.gg:47078/dashjs/index.html" "Mozilla/5.0 (Linux; Android 10; K) AppleWebKit/537.36 (KHTML, like Gecko) Chrome/134.0.0.0 Mobile Safari/537.36" "-"
127.4.151.177 - - [08/Mar/2025:00:57:54 +0530] "GET /tmp_dash/stream/499999.m4a HTTP/1.1" 200 136758 "http://extra-tcp.gl.at.ply.gg:47078/dashjs/index.html" "Mozilla/5.0 (Linux; Android 10; K) AppleWebKit/537.36 (KHTML, like Gecko) Chrome/134.0.0.0 Mobile Safari/537.36" "-"
127.4.151.177 - - [08/Mar/2025:00:57:55 +0530] "GET /tmp_dash/stream/499999.m4v HTTP/1.1" 200 1569355 "http://extra-tcp.gl.at.ply.gg:47078/dashjs/index.html" "Mozilla/5.0 (Linux; Android 10; K) AppleWebKit/537.36 (KHTML, like Gecko) Chrome/134.0.0.0 Mobile Safari/537.36" "-"
192.168.0.102 - - [08/Mar/2025:00:57:55 +0530] "GET /tmp_dash/stream/index.mpd HTTP/1.1" 200 2282 "http://192.168.0.102/dashjs/index.html" "Mozilla/5.0 (Windows NT 10.0; Win64; x64) AppleWebKit/537.36 (KHTML, like Gecko) Chrome/134.0.0.0 Safari/537.36" "-"
127.0.0.1 - - [08/Mar/2025:00:57:55 +0530] "GET /tmp_dash/stream/index.mpd HTTP/1.1" 304 0 "http://localhost/dashjs/index.html" "Mozilla/5.0 (Windows NT 10.0; Win64; x64) AppleWebKit/537.36 (KHTML, like Gecko) Chrome/134.0.0.0 Safari/537.36" "-"
127.0.0.1 - - [08/Mar/2025:00:57:57 +0530] "GET /tmp_hls/stream/index.m3u8 HTTP/1.1" 200 266 "http://localhost/videojs/index.html" "Mozilla/5.0 (Windows NT 10.0; Win64; x64) AppleWebKit/537.36 (KHTML, like Gecko) Chrome/134.0.0.0 Safari/537.36" "-"
127.4.151.177 - - [08/Mar/2025:00:57:58 +0530] "GET /tmp_dash/stream/index.mpd HTTP/1.1" 304 0 "http://extra-tcp.gl.at.ply.gg:47078/dashjs/index.html" "Mozilla/5.0 (Windows NT 10.0; Win64; x64) AppleWebKit/537.36 (KHTML, like Gecko) Chrome/134.0.0.0 Safari/537.36" "-"
127.0.0.1 - - [08/Mar/2025:00:58:00 +0530] "GET /tmp_dash/stream/index.mpd HTTP/1.1" 200 2282 "http://localhost/dashjs/index.html" "Mozilla/5.0 (Windows NT 10.0; Win64; x64) AppleWebKit/537.36 (KHTML, like Gecko) Chrome/134.0.0.0 Safari/537.36" "-"
192.168.0.102 - - [08/Mar/2025:00:58:01 +0530] "GET /tmp_dash/stream/index.mpd HTTP/1.1" 200 2282 "http://192.168.0.102/dashjs/index.html" "Mozilla/5.0 (Windows NT 10.0; Win64; x64) AppleWebKit/537.36 (KHTML, like Gecko) Chrome/134.0.0.0 Safari/537.36" "-"
127.4.151.177 - - [08/Mar/2025:00:58:01 +0530] "GET /tmp_dash/stream/index.mpd HTTP/1.1" 200 2282 "http://extra-tcp.gl.at.ply.gg:47078/dashjs/index.html" "Mozilla/5.0 (Linux; Android 10; K) AppleWebKit/537.36 (KHTML, like Gecko) Chrome/134.0.0.0 Mobile Safari/537.36" "-"
127.4.151.177 - - [08/Mar/2025:00:58:02 +0530] "GET /tmp_dash/stream/508332.m4v HTTP/1.1" 200 1583199 "http://extra-tcp.gl.at.ply.gg:47078/dashjs/index.html" "Mozilla/5.0 (Linux; Android 10; K) AppleWebKit/537.36 (KHTML, like Gecko) Chrome/134.0.0.0 Mobile Safari/537.36" "-"
127.4.151.177 - - [08/Mar/2025:00:58:02 +0530] "GET /tmp_dash/stream/508332.m4a HTTP/1.1" 200 138905 "http://extra-tcp.gl.at.ply.gg:47078/dashjs/index.html" "Mozilla/5.0 (Linux; Android 10; K) AppleWebKit/537.36 (KHTML, like Gecko) Chrome/134.0.0.0 Mobile Safari/537.36" "-"
127.4.151.177 - - [08/Mar/2025:00:58:03 +0530] "GET /tmp_dash/stream/index.mpd HTTP/1.1" 200 2282 "http://extra-tcp.gl.at.ply.gg:47078/dashjs/index.html" "Mozilla/5.0 (Windows NT 10.0; Win64; x64) AppleWebKit/537.36 (KHTML, like Gecko) Chrome/134.0.0.0 Safari/537.36" "-"
127.4.151.177 - - [08/Mar/2025:00:58:03 +0530] "GET /tmp_dash/stream/508332.m4v HTTP/1.1" 200 1583199 "http://extra-tcp.gl.at.ply.gg:47078/dashjs/index.html" "Mozilla/5.0 (Windows NT 10.0; Win64; x64) AppleWebKit/537.36 (KHTML, like Gecko) Chrome/134.0.0.0 Safari/537.36" "-"
127.4.151.177 - - [08/Mar/2025:00:58:03 +0530] "GET /tmp_dash/stream/508332.m4a HTTP/1.1" 200 138905 "http://extra-tcp.gl.at.ply.gg:47078/dashjs/index.html" "Mozilla/5.0 (Windows NT 10.0; Win64; x64) AppleWebKit/537.36 (KHTML, like Gecko) Chrome/134.0.0.0 Safari/537.36" "-"
127.0.0.1 - - [08/Mar/2025:00:58:06 +0530] "GET /tmp_hls/stream/index.m3u8 HTTP/1.1" 200 266 "http://localhost/videojs/index.html" "Mozilla/5.0 (Windows NT 10.0; Win64; x64) AppleWebKit/537.36 (KHTML, like Gecko) Chrome/134.0.0.0 Safari/537.36" "-"
127.0.0.1 - - [08/Mar/2025:00:58:06 +0530] "GET /tmp_dash/stream/index.mpd HTTP/1.1" 304 0 "http://localhost/dashjs/index.html" "Mozilla/5.0 (Windows NT 10.0; Win64; x64) AppleWebKit/537.36 (KHTML, like Gecko) Chrome/134.0.0.0 Safari/537.36" "-"
127.4.151.177 - - [08/Mar/2025:00:58:07 +0530] "GET /tmp_dash/stream/index.mpd HTTP/1.1" 200 2282 "http://extra-tcp.gl.at.ply.gg:47078/dashjs/index.html" "Mozilla/5.0 (Linux; Android 10; K) AppleWebKit/537.36 (KHTML, like Gecko) Chrome/134.0.0.0 Mobile Safari/537.36" "-"
192.168.0.102 - - [08/Mar/2025:00:58:07 +0530] "GET /tmp_dash/stream/index.mpd HTTP/1.1" 200 2282 "http://192.168.0.102/dashjs/index.html" "Mozilla/5.0 (Windows NT 10.0; Win64; x64) AppleWebKit/537.36 (KHTML, like Gecko) Chrome/134.0.0.0 Safari/537.36" "-"
127.4.151.177 - - [08/Mar/2025:00:58:07 +0530] "GET /tmp_dash/stream/516666.m4v HTTP/1.1" 200 1547348 "http://extra-tcp.gl.at.ply.gg:47078/dashjs/index.html" "Mozilla/5.0 (Linux; Android 10; K) AppleWebKit/537.36 (KHTML, like Gecko) Chrome/134.0.0.0 Mobile Safari/537.36" "-"
127.4.151.177 - - [08/Mar/2025:00:58:07 +0530] "GET /tmp_dash/stream/516666.m4a HTTP/1.1" 200 137409 "http://extra-tcp.gl.at.ply.gg:47078/dashjs/index.html" "Mozilla/5.0 (Linux; Android 10; K) AppleWebKit/537.36 (KHTML, like Gecko) Chrome/134.0.0.0 Mobile Safari/537.36" "-"
192.168.0.102 - - [08/Mar/2025:00:58:12 +0530] "GET /tmp_dash/stream/index.mpd HTTP/1.1" 304 0 "http://192.168.0.102/dashjs/index.html" "Mozilla/5.0 (Windows NT 10.0; Win64; x64) AppleWebKit/537.36 (KHTML, like Gecko) Chrome/134.0.0.0 Safari/537.36" "-"
127.4.151.177 - - [08/Mar/2025:00:58:12 +0530] "GET /tmp_dash/stream/index.mpd HTTP/1.1" 304 0 "http://extra-tcp.gl.at.ply.gg:47078/dashjs/index.html" "Mozilla/5.0 (Linux; Android 10; K) AppleWebKit/537.36 (KHTML, like Gecko) Chrome/134.0.0.0 Mobile Safari/537.36" "-"
192.168.0.102 - - [08/Mar/2025:00:58:13 +0530] "GET / HTTP/1.1" 304 0 "-" "Mozilla/5.0 (Windows NT 10.0; Win64; x64) AppleWebKit/537.36 (KHTML, like Gecko) Chrome/134.0.0.0 Safari/537.36" "-"
127.4.151.177 - - [08/Mar/2025:00:58:17 +0530] "GET /tmp_dash/stream/index.mpd HTTP/1.1" 200 2282 "http://extra-tcp.gl.at.ply.gg:47078/dashjs/index.html" "Mozilla/5.0 (Linux; Android 10; K) AppleWebKit/537.36 (KHTML, like Gecko) Chrome/134.0.0.0 Mobile Safari/537.36" "-"
127.4.151.177 - - [08/Mar/2025:00:58:17 +0530] "GET /tmp_dash/stream/524999.m4a HTTP/1.1" 200 136293 "http://extra-tcp.gl.at.ply.gg:47078/dashjs/index.html" "Mozilla/5.0 (Linux; Android 10; K) AppleWebKit/537.36 (KHTML, like Gecko) Chrome/134.0.0.0 Mobile Safari/537.36" "-"
127.4.151.177 - - [08/Mar/2025:00:58:18 +0530] "GET /tmp_dash/stream/524999.m4v HTTP/1.1" 200 1592065 "http://extra-tcp.gl.at.ply.gg:47078/dashjs/index.html" "Mozilla/5.0 (Linux; Android 10; K) AppleWebKit/537.36 (KHTML, like Gecko) Chrome/134.0.0.0 Mobile Safari/537.36" "-"
127.4.151.177 - - [08/Mar/2025:00:58:22 +0530] "GET /tmp_dash/stream/index.mpd HTTP/1.1" 304 0 "http://extra-tcp.gl.at.ply.gg:47078/dashjs/index.html" "Mozilla/5.0 (Linux; Android 10; K) AppleWebKit/537.36 (KHTML, like Gecko) Chrome/134.0.0.0 Mobile Safari/537.36" "-"
127.4.151.177 - - [08/Mar/2025:00:58:27 +0530] "GET /tmp_dash/stream/index.mpd HTTP/1.1" 200 2282 "http://extra-tcp.gl.at.ply.gg:47078/dashjs/index.html" "Mozilla/5.0 (Linux; Android 10; K) AppleWebKit/537.36 (KHTML, like Gecko) Chrome/134.0.0.0 Mobile Safari/537.36" "-"
127.4.151.177 - - [08/Mar/2025:00:58:28 +0530] "GET /tmp_dash/stream/533332.m4a HTTP/1.1" 200 136264 "http://extra-tcp.gl.at.ply.gg:47078/dashjs/index.html" "Mozilla/5.0 (Linux; Android 10; K) AppleWebKit/537.36 (KHTML, like Gecko) Chrome/134.0.0.0 Mobile Safari/537.36" "-"
127.4.151.177 - - [08/Mar/2025:00:58:28 +0530] "GET /tmp_dash/stream/533332.m4v HTTP/1.1" 200 1541270 "http://extra-tcp.gl.at.ply.gg:47078/dashjs/index.html" "Mozilla/5.0 (Linux; Android 10; K) AppleWebKit/537.36 (KHTML, like Gecko) Chrome/134.0.0.0 Mobile Safari/537.36" "-"
127.4.151.177 - - [08/Mar/2025:00:58:33 +0530] "GET /tmp_dash/stream/index.mpd HTTP/1.1" 200 2282 "http://extra-tcp.gl.at.ply.gg:47078/dashjs/index.html" "Mozilla/5.0 (Linux; Android 10; K) AppleWebKit/537.36 (KHTML, like Gecko) Chrome/134.0.0.0 Mobile Safari/537.36" "-"
127.4.151.177 - - [08/Mar/2025:00:58:33 +0530] "GET /tmp_dash/stream/541666.m4v HTTP/1.1" 200 1566730 "http://extra-tcp.gl.at.ply.gg:47078/dashjs/index.html" "Mozilla/5.0 (Linux; Android 10; K) AppleWebKit/537.36 (KHTML, like Gecko) Chrome/134.0.0.0 Mobile Safari/537.36" "-"
127.4.151.177 - - [08/Mar/2025:00:58:34 +0530] "GET /tmp_dash/stream/541666.m4a HTTP/1.1" 200 135790 "http://extra-tcp.gl.at.ply.gg:47078/dashjs/index.html" "Mozilla/5.0 (Linux; Android 10; K) AppleWebKit/537.36 (KHTML, like Gecko) Chrome/134.0.0.0 Mobile Safari/537.36" "-"
127.4.151.177 - - [08/Mar/2025:00:58:38 +0530] "GET /tmp_dash/stream/index.mpd HTTP/1.1" 304 0 "http://extra-tcp.gl.at.ply.gg:47078/dashjs/index.html" "Mozilla/5.0 (Linux; Android 10; K) AppleWebKit/537.36 (KHTML, like Gecko) Chrome/134.0.0.0 Mobile Safari/537.36" "-"
127.4.151.177 - - [08/Mar/2025:00:58:43 +0530] "GET /tmp_dash/stream/index.mpd HTTP/1.1" 200 2282 "http://extra-tcp.gl.at.ply.gg:47078/dashjs/index.html" "Mozilla/5.0 (Linux; Android 10; K) AppleWebKit/537.36 (KHTML, like Gecko) Chrome/134.0.0.0 Mobile Safari/537.36" "-"
127.4.151.177 - - [08/Mar/2025:00:58:44 +0530] "GET /tmp_dash/stream/549999.m4a HTTP/1.1" 200 136107 "http://extra-tcp.gl.at.ply.gg:47078/dashjs/index.html" "Mozilla/5.0 (Linux; Android 10; K) AppleWebKit/537.36 (KHTML, like Gecko) Chrome/134.0.0.0 Mobile Safari/537.36" "-"
127.4.151.177 - - [08/Mar/2025:00:58:44 +0530] "GET /tmp_dash/stream/549999.m4v HTTP/1.1" 200 1580239 "http://extra-tcp.gl.at.ply.gg:47078/dashjs/index.html" "Mozilla/5.0 (Linux; Android 10; K) AppleWebKit/537.36 (KHTML, like Gecko) Chrome/134.0.0.0 Mobile Safari/537.36" "-"
127.4.151.177 - - [08/Mar/2025:00:58:49 +0530] "GET /tmp_dash/stream/index.mpd HTTP/1.1" 200 2282 "http://extra-tcp.gl.at.ply.gg:47078/dashjs/index.html" "Mozilla/5.0 (Linux; Android 10; K) AppleWebKit/537.36 (KHTML, like Gecko) Chrome/134.0.0.0 Mobile Safari/537.36" "-"
127.4.151.177 - - [08/Mar/2025:00:58:49 +0530] "GET /tmp_dash/stream/558332.m4a HTTP/1.1" 200 136348 "http://extra-tcp.gl.at.ply.gg:47078/dashjs/index.html" "Mozilla/5.0 (Linux; Android 10; K) AppleWebKit/537.36 (KHTML, like Gecko) Chrome/134.0.0.0 Mobile Safari/537.36" "-"
127.4.151.177 - - [08/Mar/2025:00:58:49 +0530] "GET /tmp_dash/stream/558332.m4v HTTP/1.1" 200 1556117 "http://extra-tcp.gl.at.ply.gg:47078/dashjs/index.html" "Mozilla/5.0 (Linux; Android 10; K) AppleWebKit/537.36 (KHTML, like Gecko) Chrome/134.0.0.0 Mobile Safari/537.36" "-"
127.4.151.177 - - [08/Mar/2025:00:58:54 +0530] "GET /tmp_dash/stream/index.mpd HTTP/1.1" 304 0 "http://extra-tcp.gl.at.ply.gg:47078/dashjs/index.html" "Mozilla/5.0 (Linux; Android 10; K) AppleWebKit/537.36 (KHTML, like Gecko) Chrome/134.0.0.0 Mobile Safari/537.36" "-"
127.4.151.177 - - [08/Mar/2025:00:58:59 +0530] "GET /tmp_dash/stream/index.mpd HTTP/1.1" 200 2282 "http://extra-tcp.gl.at.ply.gg:47078/dashjs/index.html" "Mozilla/5.0 (Linux; Android 10; K) AppleWebKit/537.36 (KHTML, like Gecko) Chrome/134.0.0.0 Mobile Safari/537.36" "-"
127.4.151.177 - - [08/Mar/2025:00:58:59 +0530] "GET /tmp_dash/stream/566666.m4a HTTP/1.1" 200 135690 "http://extra-tcp.gl.at.ply.gg:47078/dashjs/index.html" "Mozilla/5.0 (Linux; Android 10; K) AppleWebKit/537.36 (KHTML, like Gecko) Chrome/134.0.0.0 Mobile Safari/537.36" "-"
127.4.151.177 - - [08/Mar/2025:00:59:00 +0530] "GET /tmp_dash/stream/566666.m4v HTTP/1.1" 200 1579799 "http://extra-tcp.gl.at.ply.gg:47078/dashjs/index.html" "Mozilla/5.0 (Linux; Android 10; K) AppleWebKit/537.36 (KHTML, like Gecko) Chrome/134.0.0.0 Mobile Safari/537.36" "-"
127.4.151.177 - - [08/Mar/2025:00:59:04 +0530] "GET /tmp_dash/stream/index.mpd HTTP/1.1" 304 0 "http://extra-tcp.gl.at.ply.gg:47078/dashjs/index.html" "Mozilla/5.0 (Linux; Android 10; K) AppleWebKit/537.36 (KHTML, like Gecko) Chrome/134.0.0.0 Mobile Safari/537.36" "-"
127.4.151.177 - - [08/Mar/2025:00:59:09 +0530] "GET /tmp_dash/stream/index.mpd HTTP/1.1" 200 2282 "http://extra-tcp.gl.at.ply.gg:47078/dashjs/index.html" "Mozilla/5.0 (Linux; Android 10; K) AppleWebKit/537.36 (KHTML, like Gecko) Chrome/134.0.0.0 Mobile Safari/537.36" "-"
127.4.151.177 - - [08/Mar/2025:00:59:10 +0530] "GET /tmp_dash/stream/574999.m4v HTTP/1.1" 200 1558780 "http://extra-tcp.gl.at.ply.gg:47078/dashjs/index.html" "Mozilla/5.0 (Linux; Android 10; K) AppleWebKit/537.36 (KHTML, like Gecko) Chrome/134.0.0.0 Mobile Safari/537.36" "-"
127.4.151.177 - - [08/Mar/2025:00:59:10 +0530] "GET /tmp_dash/stream/574999.m4a HTTP/1.1" 200 136498 "http://extra-tcp.gl.at.ply.gg:47078/dashjs/index.html" "Mozilla/5.0 (Linux; Android 10; K) AppleWebKit/537.36 (KHTML, like Gecko) Chrome/134.0.0.0 Mobile Safari/537.36" "-"
127.4.151.177 - - [08/Mar/2025:00:59:15 +0530] "GET /tmp_dash/stream/index.mpd HTTP/1.1" 200 2282 "http://extra-tcp.gl.at.ply.gg:47078/dashjs/index.html" "Mozilla/5.0 (Linux; Android 10; K) AppleWebKit/537.36 (KHTML, like Gecko) Chrome/134.0.0.0 Mobile Safari/537.36" "-"
127.4.151.177 - - [08/Mar/2025:00:59:15 +0530] "GET /tmp_dash/stream/583332.m4v HTTP/1.1" 200 1332684 "http://extra-tcp.gl.at.ply.gg:47078/dashjs/index.html" "Mozilla/5.0 (Linux; Android 10; K) AppleWebKit/537.36 (KHTML, like Gecko) Chrome/134.0.0.0 Mobile Safari/537.36" "-"
127.4.151.177 - - [08/Mar/2025:00:59:15 +0530] "GET /tmp_dash/stream/583332.m4a HTTP/1.1" 200 116692 "http://extra-tcp.gl.at.ply.gg:47078/dashjs/index.html" "Mozilla/5.0 (Linux; Android 10; K) AppleWebKit/537.36 (KHTML, like Gecko) Chrome/134.0.0.0 Mobile Safari/537.36" "-"
127.4.151.177 - - [08/Mar/2025:00:59:20 +0530] "GET /tmp_dash/stream/index.mpd HTTP/1.1" 304 0 "http://extra-tcp.gl.at.ply.gg:47078/dashjs/index.html" "Mozilla/5.0 (Linux; Android 10; K) AppleWebKit/537.36 (KHTML, like Gecko) Chrome/134.0.0.0 Mobile Safari/537.36" "-"
127.4.151.177 - - [08/Mar/2025:00:59:25 +0530] "GET /tmp_dash/stream/index.mpd HTTP/1.1" 200 2282 "http://extra-tcp.gl.at.ply.gg:47078/dashjs/index.html" "Mozilla/5.0 (Linux; Android 10; K) AppleWebKit/537.36 (KHTML, like Gecko) Chrome/134.0.0.0 Mobile Safari/537.36" "-"
127.4.151.177 - - [08/Mar/2025:00:59:26 +0530] "GET /tmp_dash/stream/590466.m4a HTTP/1.1" 200 136261 "http://extra-tcp.gl.at.ply.gg:47078/dashjs/index.html" "Mozilla/5.0 (Linux; Android 10; K) AppleWebKit/537.36 (KHTML, like Gecko) Chrome/134.0.0.0 Mobile Safari/537.36" "-"
127.4.151.177 - - [08/Mar/2025:00:59:26 +0530] "GET /tmp_dash/stream/590466.m4v HTTP/1.1" 200 1595402 "http://extra-tcp.gl.at.ply.gg:47078/dashjs/index.html" "Mozilla/5.0 (Linux; Android 10; K) AppleWebKit/537.36 (KHTML, like Gecko) Chrome/134.0.0.0 Mobile Safari/537.36" "-"
127.4.151.177 - - [08/Mar/2025:00:59:31 +0530] "GET /tmp_dash/stream/index.mpd HTTP/1.1" 200 2282 "http://extra-tcp.gl.at.ply.gg:47078/dashjs/index.html" "Mozilla/5.0 (Linux; Android 10; K) AppleWebKit/537.36 (KHTML, like Gecko) Chrome/134.0.0.0 Mobile Safari/537.36" "-"
127.4.151.177 - - [08/Mar/2025:00:59:31 +0530] "GET / HTTP/1.1" 200 902 "-" "Mozilla/5.0 (Windows NT 10.0; Win64; x64) AppleWebKit/537.36 (KHTML, like Gecko) Chrome/134.0.0.0 Safari/537.36" "-"
127.4.151.177 - - [08/Mar/2025:00:59:31 +0530] "GET /tmp_dash/stream/598799.m4v HTTP/1.1" 200 1544234 "http://extra-tcp.gl.at.ply.gg:47078/dashjs/index.html" "Mozilla/5.0 (Linux; Android 10; K) AppleWebKit/537.36 (KHTML, like Gecko) Chrome/134.0.0.0 Mobile Safari/537.36" "-"
127.4.151.177 - - [08/Mar/2025:00:59:32 +0530] "GET /tmp_dash/stream/598799.m4a HTTP/1.1" 200 136305 "http://extra-tcp.gl.at.ply.gg:47078/dashjs/index.html" "Mozilla/5.0 (Linux; Android 10; K) AppleWebKit/537.36 (KHTML, like Gecko) Chrome/134.0.0.0 Mobile Safari/537.36" "-"
127.4.151.177 - - [08/Mar/2025:00:59:36 +0530] "GET /tmp_dash/stream/index.mpd HTTP/1.1" 304 0 "http://extra-tcp.gl.at.ply.gg:47078/dashjs/index.html" "Mozilla/5.0 (Linux; Android 10; K) AppleWebKit/537.36 (KHTML, like Gecko) Chrome/134.0.0.0 Mobile Safari/537.36" "-"
127.4.151.177 - - [08/Mar/2025:00:59:41 +0530] "GET /tmp_dash/stream/index.mpd HTTP/1.1" 200 2282 "http://extra-tcp.gl.at.ply.gg:47078/dashjs/index.html" "Mozilla/5.0 (Linux; Android 10; K) AppleWebKit/537.36 (KHTML, like Gecko) Chrome/134.0.0.0 Mobile Safari/537.36" "-"
127.4.151.177 - - [08/Mar/2025:00:59:41 +0530] "GET /tmp_dash/stream/607132.m4v HTTP/1.1" 200 1569675 "http://extra-tcp.gl.at.ply.gg:47078/dashjs/index.html" "Mozilla/5.0 (Linux; Android 10; K) AppleWebKit/537.36 (KHTML, like Gecko) Chrome/134.0.0.0 Mobile Safari/537.36" "-"
127.4.151.177 - - [08/Mar/2025:00:59:42 +0530] "GET /tmp_dash/stream/607132.m4a HTTP/1.1" 200 135845 "http://extra-tcp.gl.at.ply.gg:47078/dashjs/index.html" "Mozilla/5.0 (Linux; Android 10; K) AppleWebKit/537.36 (KHTML, like Gecko) Chrome/134.0.0.0 Mobile Safari/537.36" "-"
127.4.151.177 - - [08/Mar/2025:00:59:46 +0530] "GET /tmp_dash/stream/index.mpd HTTP/1.1" 200 2282 "http://extra-tcp.gl.at.ply.gg:47078/dashjs/index.html" "Mozilla/5.0 (Linux; Android 10; K) AppleWebKit/537.36 (KHTML, like Gecko) Chrome/134.0.0.0 Mobile Safari/537.36" "-"
127.4.151.177 - - [08/Mar/2025:00:59:47 +0530] "GET /tmp_dash/stream/615466.m4a HTTP/1.1" 200 136335 "http://extra-tcp.gl.at.ply.gg:47078/dashjs/index.html" "Mozilla/5.0 (Linux; Android 10; K) AppleWebKit/537.36 (KHTML, like Gecko) Chrome/134.0.0.0 Mobile Safari/537.36" "-"
127.4.151.177 - - [08/Mar/2025:00:59:47 +0530] "GET /tmp_dash/stream/615466.m4v HTTP/1.1" 200 1561376 "http://extra-tcp.gl.at.ply.gg:47078/dashjs/index.html" "Mozilla/5.0 (Linux; Android 10; K) AppleWebKit/537.36 (KHTML, like Gecko) Chrome/134.0.0.0 Mobile Safari/537.36" "-"
127.4.151.177 - - [08/Mar/2025:00:59:52 +0530] "GET /tmp_dash/stream/index.mpd HTTP/1.1" 304 0 "http://extra-tcp.gl.at.ply.gg:47078/dashjs/index.html" "Mozilla/5.0 (Linux; Android 10; K) AppleWebKit/537.36 (KHTML, like Gecko) Chrome/134.0.0.0 Mobile Safari/537.36" "-"
127.4.151.177 - - [08/Mar/2025:00:59:57 +0530] "GET /tmp_dash/stream/index.mpd HTTP/1.1" 200 2282 "http://extra-tcp.gl.at.ply.gg:47078/dashjs/index.html" "Mozilla/5.0 (Linux; Android 10; K) AppleWebKit/537.36 (KHTML, like Gecko) Chrome/134.0.0.0 Mobile Safari/537.36" "-"
127.4.151.177 - - [08/Mar/2025:00:59:58 +0530] "GET /tmp_dash/stream/623799.m4v HTTP/1.1" 200 1576766 "http://extra-tcp.gl.at.ply.gg:47078/dashjs/index.html" "Mozilla/5.0 (Linux; Android 10; K) AppleWebKit/537.36 (KHTML, like Gecko) Chrome/134.0.0.0 Mobile Safari/537.36" "-"
127.4.151.177 - - [08/Mar/2025:00:59:58 +0530] "GET /tmp_dash/stream/623799.m4a HTTP/1.1" 200 136010 "http://extra-tcp.gl.at.ply.gg:47078/dashjs/index.html" "Mozilla/5.0 (Linux; Android 10; K) AppleWebKit/537.36 (KHTML, like Gecko) Chrome/134.0.0.0 Mobile Safari/537.36" "-"
127.4.151.177 - - [08/Mar/2025:01:00:02 +0530] "GET /tmp_dash/stream/index.mpd HTTP/1.1" 200 2282 "http://extra-tcp.gl.at.ply.gg:47078/dashjs/index.html" "Mozilla/5.0 (Linux; Android 10; K) AppleWebKit/537.36 (KHTML, like Gecko) Chrome/134.0.0.0 Mobile Safari/537.36" "-"
127.4.151.177 - - [08/Mar/2025:01:00:03 +0530] "GET /tmp_dash/stream/632132.m4v HTTP/1.1" 200 1564977 "http://extra-tcp.gl.at.ply.gg:47078/dashjs/index.html" "Mozilla/5.0 (Linux; Android 10; K) AppleWebKit/537.36 (KHTML, like Gecko) Chrome/134.0.0.0 Mobile Safari/537.36" "-"
127.4.151.177 - - [08/Mar/2025:01:00:03 +0530] "GET /tmp_dash/stream/632132.m4a HTTP/1.1" 200 135601 "http://extra-tcp.gl.at.ply.gg:47078/dashjs/index.html" "Mozilla/5.0 (Linux; Android 10; K) AppleWebKit/537.36 (KHTML, like Gecko) Chrome/134.0.0.0 Mobile Safari/537.36" "-"
127.4.151.177 - - [08/Mar/2025:01:00:07 +0530] "GET /tmp_dash/stream/index.mpd HTTP/1.1" 304 0 "http://extra-tcp.gl.at.ply.gg:47078/dashjs/index.html" "Mozilla/5.0 (Linux; Android 10; K) AppleWebKit/537.36 (KHTML, like Gecko) Chrome/134.0.0.0 Mobile Safari/537.36" "-"
127.4.151.177 - - [08/Mar/2025:01:00:13 +0530] "GET /tmp_dash/stream/index.mpd HTTP/1.1" 200 2282 "http://extra-tcp.gl.at.ply.gg:47078/dashjs/index.html" "Mozilla/5.0 (Linux; Android 10; K) AppleWebKit/537.36 (KHTML, like Gecko) Chrome/134.0.0.0 Mobile Safari/537.36" "-"
127.4.151.177 - - [08/Mar/2025:01:00:13 +0530] "GET /tmp_dash/stream/640466.m4a HTTP/1.1" 200 136092 "http://extra-tcp.gl.at.ply.gg:47078/dashjs/index.html" "Mozilla/5.0 (Linux; Android 10; K) AppleWebKit/537.36 (KHTML, like Gecko) Chrome/134.0.0.0 Mobile Safari/537.36" "-"
127.4.151.177 - - [08/Mar/2025:01:00:13 +0530] "GET /tmp_dash/stream/640466.m4v HTTP/1.1" 200 1553992 "http://extra-tcp.gl.at.ply.gg:47078/dashjs/index.html" "Mozilla/5.0 (Linux; Android 10; K) AppleWebKit/537.36 (KHTML, like Gecko) Chrome/134.0.0.0 Mobile Safari/537.36" "-"
127.4.151.177 - - [08/Mar/2025:01:00:18 +0530] "GET /tmp_dash/stream/index.mpd HTTP/1.1" 304 0 "http://extra-tcp.gl.at.ply.gg:47078/dashjs/index.html" "Mozilla/5.0 (Linux; Android 10; K) AppleWebKit/537.36 (KHTML, like Gecko) Chrome/134.0.0.0 Mobile Safari/537.36" "-"
127.4.151.177 - - [08/Mar/2025:01:00:23 +0530] "GET /tmp_dash/stream/index.mpd HTTP/1.1" 200 2282 "http://extra-tcp.gl.at.ply.gg:47078/dashjs/index.html" "Mozilla/5.0 (Linux; Android 10; K) AppleWebKit/537.36 (KHTML, like Gecko) Chrome/134.0.0.0 Mobile Safari/537.36" "-"
127.4.151.177 - - [08/Mar/2025:01:00:23 +0530] "GET /tmp_dash/stream/648799.m4v HTTP/1.1" 200 1576520 "http://extra-tcp.gl.at.ply.gg:47078/dashjs/index.html" "Mozilla/5.0 (Linux; Android 10; K) AppleWebKit/537.36 (KHTML, like Gecko) Chrome/134.0.0.0 Mobile Safari/537.36" "-"
127.4.151.177 - - [08/Mar/2025:01:00:24 +0530] "GET /tmp_dash/stream/648799.m4a HTTP/1.1" 200 136198 "http://extra-tcp.gl.at.ply.gg:47078/dashjs/index.html" "Mozilla/5.0 (Linux; Android 10; K) AppleWebKit/537.36 (KHTML, like Gecko) Chrome/134.0.0.0 Mobile Safari/537.36" "-"
127.4.151.177 - - [08/Mar/2025:01:00:28 +0530] "GET /tmp_dash/stream/index.mpd HTTP/1.1" 200 2282 "http://extra-tcp.gl.at.ply.gg:47078/dashjs/index.html" "Mozilla/5.0 (Linux; Android 10; K) AppleWebKit/537.36 (KHTML, like Gecko) Chrome/134.0.0.0 Mobile Safari/537.36" "-"
127.4.151.177 - - [08/Mar/2025:01:00:29 +0530] "GET /tmp_dash/stream/657132.m4v HTTP/1.1" 200 1558760 "http://extra-tcp.gl.at.ply.gg:47078/dashjs/index.html" "Mozilla/5.0 (Linux; Android 10; K) AppleWebKit/537.36 (KHTML, like Gecko) Chrome/134.0.0.0 Mobile Safari/537.36" "-"
127.4.151.177 - - [08/Mar/2025:01:00:30 +0530] "GET /tmp_dash/stream/657132.m4a HTTP/1.1" 200 136054 "http://extra-tcp.gl.at.ply.gg:47078/dashjs/index.html" "Mozilla/5.0 (Linux; Android 10; K) AppleWebKit/537.36 (KHTML, like Gecko) Chrome/134.0.0.0 Mobile Safari/537.36" "-"
127.4.151.177 - - [08/Mar/2025:01:00:34 +0530] "GET /tmp_dash/stream/index.mpd HTTP/1.1" 304 0 "http://extra-tcp.gl.at.ply.gg:47078/dashjs/index.html" "Mozilla/5.0 (Linux; Android 10; K) AppleWebKit/537.36 (KHTML, like Gecko) Chrome/134.0.0.0 Mobile Safari/537.36" "-"
127.4.151.177 - - [08/Mar/2025:01:00:39 +0530] "GET /tmp_dash/stream/index.mpd HTTP/1.1" 200 2282 "http://extra-tcp.gl.at.ply.gg:47078/dashjs/index.html" "Mozilla/5.0 (Linux; Android 10; K) AppleWebKit/537.36 (KHTML, like Gecko) Chrome/134.0.0.0 Mobile Safari/537.36" "-"
127.4.151.177 - - [08/Mar/2025:01:00:39 +0530] "GET /tmp_dash/stream/665466.m4a HTTP/1.1" 200 136259 "http://extra-tcp.gl.at.ply.gg:47078/dashjs/index.html" "Mozilla/5.0 (Linux; Android 10; K) AppleWebKit/537.36 (KHTML, like Gecko) Chrome/134.0.0.0 Mobile Safari/537.36" "-"
127.4.151.177 - - [08/Mar/2025:01:00:40 +0530] "GET /tmp_dash/stream/665466.m4v HTTP/1.1" 200 1628655 "http://extra-tcp.gl.at.ply.gg:47078/dashjs/index.html" "Mozilla/5.0 (Linux; Android 10; K) AppleWebKit/537.36 (KHTML, like Gecko) Chrome/134.0.0.0 Mobile Safari/537.36" "-"
127.4.151.177 - - [08/Mar/2025:01:00:44 +0530] "GET /tmp_dash/stream/index.mpd HTTP/1.1" 200 2282 "http://extra-tcp.gl.at.ply.gg:47078/dashjs/index.html" "Mozilla/5.0 (Linux; Android 10; K) AppleWebKit/537.36 (KHTML, like Gecko) Chrome/134.0.0.0 Mobile Safari/537.36" "-"
127.4.151.177 - - [08/Mar/2025:01:00:44 +0530] "GET /tmp_dash/stream/673799.m4v HTTP/1.1" 200 1544585 "http://extra-tcp.gl.at.ply.gg:47078/dashjs/index.html" "Mozilla/5.0 (Linux; Android 10; K) AppleWebKit/537.36 (KHTML, like Gecko) Chrome/134.0.0.0 Mobile Safari/537.36" "-"
127.4.151.177 - - [08/Mar/2025:01:00:44 +0530] "GET /tmp_dash/stream/673799.m4a HTTP/1.1" 200 135935 "http://extra-tcp.gl.at.ply.gg:47078/dashjs/index.html" "Mozilla/5.0 (Linux; Android 10; K) AppleWebKit/537.36 (KHTML, like Gecko) Chrome/134.0.0.0 Mobile Safari/537.36" "-"
127.4.151.177 - - [08/Mar/2025:01:00:49 +0530] "GET /tmp_dash/stream/index.mpd HTTP/1.1" 304 0 "http://extra-tcp.gl.at.ply.gg:47078/dashjs/index.html" "Mozilla/5.0 (Linux; Android 10; K) AppleWebKit/537.36 (KHTML, like Gecko) Chrome/134.0.0.0 Mobile Safari/537.36" "-"
127.4.151.177 - - [08/Mar/2025:01:00:55 +0530] "GET /tmp_dash/stream/index.mpd HTTP/1.1" 200 2282 "http://extra-tcp.gl.at.ply.gg:47078/dashjs/index.html" "Mozilla/5.0 (Linux; Android 10; K) AppleWebKit/537.36 (KHTML, like Gecko) Chrome/134.0.0.0 Mobile Safari/537.36" "-"
127.4.151.177 - - [08/Mar/2025:01:00:55 +0530] "GET /tmp_dash/stream/682132.m4a HTTP/1.1" 200 136322 "http://extra-tcp.gl.at.ply.gg:47078/dashjs/index.html" "Mozilla/5.0 (Linux; Android 10; K) AppleWebKit/537.36 (KHTML, like Gecko) Chrome/134.0.0.0 Mobile Safari/537.36" "-"
127.4.151.177 - - [08/Mar/2025:01:00:55 +0530] "GET /tmp_dash/stream/682132.m4v HTTP/1.1" 200 1593319 "http://extra-tcp.gl.at.ply.gg:47078/dashjs/index.html" "Mozilla/5.0 (Linux; Android 10; K) AppleWebKit/537.36 (KHTML, like Gecko) Chrome/134.0.0.0 Mobile Safari/537.36" "-"
192.168.0.102 - - [08/Mar/2025:01:00:55 +0530] "GET / HTTP/1.1" 200 1014 "-" "Mozilla/5.0 (Windows NT 10.0; Win64; x64) AppleWebKit/537.36 (KHTML, like Gecko) Chrome/134.0.0.0 Safari/537.36" "-"
127.4.151.177 - - [08/Mar/2025:01:01:00 +0530] "GET /tmp_dash/stream/index.mpd HTTP/1.1" 304 0 "http://extra-tcp.gl.at.ply.gg:47078/dashjs/index.html" "Mozilla/5.0 (Linux; Android 10; K) AppleWebKit/537.36 (KHTML, like Gecko) Chrome/134.0.0.0 Mobile Safari/537.36" "-"
127.4.151.177 - - [08/Mar/2025:01:01:05 +0530] "GET /tmp_dash/stream/index.mpd HTTP/1.1" 200 2282 "http://extra-tcp.gl.at.ply.gg:47078/dashjs/index.html" "Mozilla/5.0 (Linux; Android 10; K) AppleWebKit/537.36 (KHTML, like Gecko) Chrome/134.0.0.0 Mobile Safari/537.36" "-"
127.4.151.177 - - [08/Mar/2025:01:01:06 +0530] "GET /tmp_dash/stream/690466.m4a HTTP/1.1" 200 136765 "http://extra-tcp.gl.at.ply.gg:47078/dashjs/index.html" "Mozilla/5.0 (Linux; Android 10; K) AppleWebKit/537.36 (KHTML, like Gecko) Chrome/134.0.0.0 Mobile Safari/537.36" "-"
127.4.151.177 - - [08/Mar/2025:01:01:07 +0530] "GET /tmp_dash/stream/690466.m4v HTTP/1.1" 200 1518552 "http://extra-tcp.gl.at.ply.gg:47078/dashjs/index.html" "Mozilla/5.0 (Linux; Android 10; K) AppleWebKit/537.36 (KHTML, like Gecko) Chrome/134.0.0.0 Mobile Safari/537.36" "-"
192.168.0.102 - - [08/Mar/2025:01:01:08 +0530] "GET / HTTP/1.1" 200 479 "-" "Mozilla/5.0 (Windows NT 10.0; Win64; x64) AppleWebKit/537.36 (KHTML, like Gecko) Chrome/134.0.0.0 Safari/537.36" "-"
127.4.151.177 - - [08/Mar/2025:01:01:10 +0530] "GET /tmp_dash/stream/index.mpd HTTP/1.1" 200 2282 "http://extra-tcp.gl.at.ply.gg:47078/dashjs/index.html" "Mozilla/5.0 (Linux; Android 10; K) AppleWebKit/537.36 (KHTML, like Gecko) Chrome/134.0.0.0 Mobile Safari/537.36" "-"
127.4.151.177 - - [08/Mar/2025:01:01:11 +0530] "GET /tmp_dash/stream/698799.m4a HTTP/1.1" 200 135761 "http://extra-tcp.gl.at.ply.gg:47078/dashjs/index.html" "Mozilla/5.0 (Linux; Android 10; K) AppleWebKit/537.36 (KHTML, like Gecko) Chrome/134.0.0.0 Mobile Safari/537.36" "-"
127.4.151.177 - - [08/Mar/2025:01:01:11 +0530] "GET /tmp_dash/stream/698799.m4v HTTP/1.1" 200 1552580 "http://extra-tcp.gl.at.ply.gg:47078/dashjs/index.html" "Mozilla/5.0 (Linux; Android 10; K) AppleWebKit/537.36 (KHTML, like Gecko) Chrome/134.0.0.0 Mobile Safari/537.36" "-"
127.4.151.177 - - [08/Mar/2025:01:01:16 +0530] "GET /tmp_dash/stream/index.mpd HTTP/1.1" 304 0 "http://extra-tcp.gl.at.ply.gg:47078/dashjs/index.html" "Mozilla/5.0 (Linux; Android 10; K) AppleWebKit/537.36 (KHTML, like Gecko) Chrome/134.0.0.0 Mobile Safari/537.36" "-"
127.4.151.177 - - [08/Mar/2025:01:01:21 +0530] "GET /tmp_dash/stream/index.mpd HTTP/1.1" 200 2282 "http://extra-tcp.gl.at.ply.gg:47078/dashjs/index.html" "Mozilla/5.0 (Linux; Android 10; K) AppleWebKit/537.36 (KHTML, like Gecko) Chrome/134.0.0.0 Mobile Safari/537.36" "-"
127.4.151.177 - - [08/Mar/2025:01:01:21 +0530] "GET /tmp_dash/stream/707132.m4v HTTP/1.1" 200 1609669 "http://extra-tcp.gl.at.ply.gg:47078/dashjs/index.html" "Mozilla/5.0 (Linux; Android 10; K) AppleWebKit/537.36 (KHTML, like Gecko) Chrome/134.0.0.0 Mobile Safari/537.36" "-"
127.4.151.177 - - [08/Mar/2025:01:01:21 +0530] "GET /tmp_dash/stream/707132.m4a HTTP/1.1" 200 135762 "http://extra-tcp.gl.at.ply.gg:47078/dashjs/index.html" "Mozilla/5.0 (Linux; Android 10; K) AppleWebKit/537.36 (KHTML, like Gecko) Chrome/134.0.0.0 Mobile Safari/537.36" "-"
127.4.151.177 - - [08/Mar/2025:01:01:26 +0530] "GET /tmp_dash/stream/index.mpd HTTP/1.1" 200 2282 "http://extra-tcp.gl.at.ply.gg:47078/dashjs/index.html" "Mozilla/5.0 (Linux; Android 10; K) AppleWebKit/537.36 (KHTML, like Gecko) Chrome/134.0.0.0 Mobile Safari/537.36" "-"
127.4.151.177 - - [08/Mar/2025:01:01:27 +0530] "GET /tmp_dash/stream/715466.m4v HTTP/1.1" 200 1525220 "http://extra-tcp.gl.at.ply.gg:47078/dashjs/index.html" "Mozilla/5.0 (Linux; Android 10; K) AppleWebKit/537.36 (KHTML, like Gecko) Chrome/134.0.0.0 Mobile Safari/537.36" "-"
127.4.151.177 - - [08/Mar/2025:01:01:27 +0530] "GET /tmp_dash/stream/715466.m4a HTTP/1.1" 200 135620 "http://extra-tcp.gl.at.ply.gg:47078/dashjs/index.html" "Mozilla/5.0 (Linux; Android 10; K) AppleWebKit/537.36 (KHTML, like Gecko) Chrome/134.0.0.0 Mobile Safari/537.36" "-"
127.4.151.177 - - [08/Mar/2025:01:01:31 +0530] "GET /tmp_dash/stream/index.mpd HTTP/1.1" 304 0 "http://extra-tcp.gl.at.ply.gg:47078/dashjs/index.html" "Mozilla/5.0 (Linux; Android 10; K) AppleWebKit/537.36 (KHTML, like Gecko) Chrome/134.0.0.0 Mobile Safari/537.36" "-"
192.168.0.102 - - [08/Mar/2025:01:01:35 +0530] "GET / HTTP/1.1" 200 468 "-" "Mozilla/5.0 (Windows NT 10.0; Win64; x64) AppleWebKit/537.36 (KHTML, like Gecko) Chrome/134.0.0.0 Safari/537.36" "-"
127.4.151.177 - - [08/Mar/2025:01:01:37 +0530] "GET /tmp_dash/stream/index.mpd HTTP/1.1" 200 2282 "http://extra-tcp.gl.at.ply.gg:47078/dashjs/index.html" "Mozilla/5.0 (Linux; Android 10; K) AppleWebKit/537.36 (KHTML, like Gecko) Chrome/134.0.0.0 Mobile Safari/537.36" "-"
127.4.151.177 - - [08/Mar/2025:01:01:37 +0530] "GET /tmp_dash/stream/723799.m4a HTTP/1.1" 200 135855 "http://extra-tcp.gl.at.ply.gg:47078/dashjs/index.html" "Mozilla/5.0 (Linux; Android 10; K) AppleWebKit/537.36 (KHTML, like Gecko) Chrome/134.0.0.0 Mobile Safari/537.36" "-"
127.4.151.177 - - [08/Mar/2025:01:01:37 +0530] "GET /tmp_dash/stream/723799.m4v HTTP/1.1" 200 1609267 "http://extra-tcp.gl.at.ply.gg:47078/dashjs/index.html" "Mozilla/5.0 (Linux; Android 10; K) AppleWebKit/537.36 (KHTML, like Gecko) Chrome/134.0.0.0 Mobile Safari/537.36" "-"
127.4.151.177 - - [08/Mar/2025:01:01:42 +0530] "GET /tmp_dash/stream/index.mpd HTTP/1.1" 304 0 "http://extra-tcp.gl.at.ply.gg:47078/dashjs/index.html" "Mozilla/5.0 (Linux; Android 10; K) AppleWebKit/537.36 (KHTML, like Gecko) Chrome/134.0.0.0 Mobile Safari/537.36" "-"
192.168.0.102 - - [08/Mar/2025:01:01:46 +0530] "GET / HTTP/1.1" 200 469 "-" "Mozilla/5.0 (Windows NT 10.0; Win64; x64) AppleWebKit/537.36 (KHTML, like Gecko) Chrome/134.0.0.0 Safari/537.36" "-"
127.4.151.177 - - [08/Mar/2025:01:01:47 +0530] "GET /tmp_dash/stream/index.mpd HTTP/1.1" 200 2282 "http://extra-tcp.gl.at.ply.gg:47078/dashjs/index.html" "Mozilla/5.0 (Linux; Android 10; K) AppleWebKit/537.36 (KHTML, like Gecko) Chrome/134.0.0.0 Mobile Safari/537.36" "-"
127.4.151.177 - - [08/Mar/2025:01:01:48 +0530] "GET /tmp_dash/stream/732132.m4a HTTP/1.1" 200 136249 "http://extra-tcp.gl.at.ply.gg:47078/dashjs/index.html" "Mozilla/5.0 (Linux; Android 10; K) AppleWebKit/537.36 (KHTML, like Gecko) Chrome/134.0.0.0 Mobile Safari/537.36" "-"
127.4.151.177 - - [08/Mar/2025:01:01:49 +0530] "GET /tmp_dash/stream/732132.m4v HTTP/1.1" 200 1542857 "http://extra-tcp.gl.at.ply.gg:47078/dashjs/index.html" "Mozilla/5.0 (Linux; Android 10; K) AppleWebKit/537.36 (KHTML, like Gecko) Chrome/134.0.0.0 Mobile Safari/537.36" "-"
127.4.151.177 - - [08/Mar/2025:01:01:52 +0530] "GET /tmp_dash/stream/index.mpd HTTP/1.1" 200 2282 "http://extra-tcp.gl.at.ply.gg:47078/dashjs/index.html" "Mozilla/5.0 (Linux; Android 10; K) AppleWebKit/537.36 (KHTML, like Gecko) Chrome/134.0.0.0 Mobile Safari/537.36" "-"
127.4.151.177 - - [08/Mar/2025:01:01:53 +0530] "GET /tmp_dash/stream/740466.m4v HTTP/1.1" 200 1571310 "http://extra-tcp.gl.at.ply.gg:47078/dashjs/index.html" "Mozilla/5.0 (Linux; Android 10; K) AppleWebKit/537.36 (KHTML, like Gecko) Chrome/134.0.0.0 Mobile Safari/537.36" "-"
127.4.151.177 - - [08/Mar/2025:01:01:53 +0530] "GET /tmp_dash/stream/740466.m4a HTTP/1.1" 200 135028 "http://extra-tcp.gl.at.ply.gg:47078/dashjs/index.html" "Mozilla/5.0 (Linux; Android 10; K) AppleWebKit/537.36 (KHTML, like Gecko) Chrome/134.0.0.0 Mobile Safari/537.36" "-"
127.4.151.177 - - [08/Mar/2025:01:01:58 +0530] "GET /tmp_dash/stream/index.mpd HTTP/1.1" 304 0 "http://extra-tcp.gl.at.ply.gg:47078/dashjs/index.html" "Mozilla/5.0 (Linux; Android 10; K) AppleWebKit/537.36 (KHTML, like Gecko) Chrome/134.0.0.0 Mobile Safari/537.36" "-"
127.4.151.177 - - [08/Mar/2025:01:02:03 +0530] "GET /tmp_dash/stream/index.mpd HTTP/1.1" 200 2282 "http://extra-tcp.gl.at.ply.gg:47078/dashjs/index.html" "Mozilla/5.0 (Linux; Android 10; K) AppleWebKit/537.36 (KHTML, like Gecko) Chrome/134.0.0.0 Mobile Safari/537.36" "-"
127.4.151.177 - - [08/Mar/2025:01:02:03 +0530] "GET /tmp_dash/stream/748799.m4v HTTP/1.1" 200 1597284 "http://extra-tcp.gl.at.ply.gg:47078/dashjs/index.html" "Mozilla/5.0 (Linux; Android 10; K) AppleWebKit/537.36 (KHTML, like Gecko) Chrome/134.0.0.0 Mobile Safari/537.36" "-"
127.4.151.177 - - [08/Mar/2025:01:02:04 +0530] "GET /tmp_dash/stream/748799.m4a HTTP/1.1" 200 136141 "http://extra-tcp.gl.at.ply.gg:47078/dashjs/index.html" "Mozilla/5.0 (Linux; Android 10; K) AppleWebKit/537.36 (KHTML, like Gecko) Chrome/134.0.0.0 Mobile Safari/537.36" "-"
