127.4.151.177 - - [08/Mar/2025:01:02:08 +0530] "GET /tmp_dash/stream/index.mpd HTTP/1.1" 200 2282 "http://extra-tcp.gl.at.ply.gg:47078/dashjs/index.html" "Mozilla/5.0 (Linux; Android 10; K) AppleWebKit/537.36 (KHTML, like Gecko) Chrome/134.0.0.0 Mobile Safari/537.36" "-"
127.4.151.177 - - [08/Mar/2025:01:02:09 +0530] "GET /tmp_dash/stream/757132.m4v HTTP/1.1" 200 1549576 "http://extra-tcp.gl.at.ply.gg:47078/dashjs/index.html" "Mozilla/5.0 (Linux; Android 10; K) AppleWebKit/537.36 (KHTML, like Gecko) Chrome/134.0.0.0 Mobile Safari/537.36" "-"
127.4.151.177 - - [08/Mar/2025:01:02:09 +0530] "GET /tmp_dash/stream/757132.m4a HTTP/1.1" 200 136337 "http://extra-tcp.gl.at.ply.gg:47078/dashjs/index.html" "Mozilla/5.0 (Linux; Android 10; K) AppleWebKit/537.36 (KHTML, like Gecko) Chrome/134.0.0.0 Mobile Safari/537.36" "-"
127.4.151.177 - - [08/Mar/2025:01:02:13 +0530] "GET /tmp_dash/stream/index.mpd HTTP/1.1" 304 0 "http://extra-tcp.gl.at.ply.gg:47078/dashjs/index.html" "Mozilla/5.0 (Linux; Android 10; K) AppleWebKit/537.36 (KHTML, like Gecko) Chrome/134.0.0.0 Mobile Safari/537.36" "-"
127.4.151.177 - - [08/Mar/2025:01:02:19 +0530] "GET /tmp_dash/stream/index.mpd HTTP/1.1" 200 2282 "http://extra-tcp.gl.at.ply.gg:47078/dashjs/index.html" "Mozilla/5.0 (Linux; Android 10; K) AppleWebKit/537.36 (KHTML, like Gecko) Chrome/134.0.0.0 Mobile Safari/537.36" "-"
127.4.151.177 - - [08/Mar/2025:01:02:19 +0530] "GET /tmp_dash/stream/765466.m4a HTTP/1.1" 200 136199 "http://extra-tcp.gl.at.ply.gg:47078/dashjs/index.html" "Mozilla/5.0 (Linux; Android 10; K) AppleWebKit/537.36 (KHTML, like Gecko) Chrome/134.0.0.0 Mobile Safari/537.36" "-"
127.4.151.177 - - [08/Mar/2025:01:02:19 +0530] "GET /tmp_dash/stream/765466.m4v HTTP/1.1" 200 1530222 "http://extra-tcp.gl.at.ply.gg:47078/dashjs/index.html" "Mozilla/5.0 (Linux; Android 10; K) AppleWebKit/537.36 (KHTML, like Gecko) Chrome/134.0.0.0 Mobile Safari/537.36" "-"
127.4.151.177 - - [08/Mar/2025:01:02:24 +0530] "GET /tmp_dash/stream/index.mpd HTTP/1.1" 200 2282 "http://extra-tcp.gl.at.ply.gg:47078/dashjs/index.html" "Mozilla/5.0 (Linux; Android 10; K) AppleWebKit/537.36 (KHTML, like Gecko) Chrome/134.0.0.0 Mobile Safari/537.36" "-"
127.4.151.177 - - [08/Mar/2025:01:02:24 +0530] "GET /tmp_dash/stream/773799.m4a HTTP/1.1" 200 136140 "http://extra-tcp.gl.at.ply.gg:47078/dashjs/index.html" "Mozilla/5.0 (Linux; Android 10; K) AppleWebKit/537.36 (KHTML, like Gecko) Chrome/134.0.0.0 Mobile Safari/537.36" "-"
127.4.151.177 - - [08/Mar/2025:01:02:25 +0530] "GET /tmp_dash/stream/773799.m4v HTTP/1.1" 200 1593492 "http://extra-tcp.gl.at.ply.gg:47078/dashjs/index.html" "Mozilla/5.0 (Linux; Android 10; K) AppleWebKit/537.36 (KHTML, like Gecko) Chrome/134.0.0.0 Mobile Safari/537.36" "-"
127.4.151.177 - - [08/Mar/2025:01:02:29 +0530] "GET /tmp_dash/stream/index.mpd HTTP/1.1" 304 0 "http://extra-tcp.gl.at.ply.gg:47078/dashjs/index.html" "Mozilla/5.0 (Linux; Android 10; K) AppleWebKit/537.36 (KHTML, like Gecko) Chrome/134.0.0.0 Mobile Safari/537.36" "-"
192.168.0.102 - - [08/Mar/2025:01:02:30 +0530] "GET /dashjs/index.html HTTP/1.1" 304 0 "http://192.168.0.102/" "Mozilla/5.0 (Windows NT 10.0; Win64; x64) AppleWebKit/537.36 (KHTML, like Gecko) Chrome/134.0.0.0 Safari/537.36" "-"
192.168.0.102 - - [08/Mar/2025:01:02:30 +0530] "GET /dashjs/js/dash.all.min.js HTTP/1.1" 304 0 "http://192.168.0.102/dashjs/index.html" "Mozilla/5.0 (Windows NT 10.0; Win64; x64) AppleWebKit/537.36 (KHTML, like Gecko) Chrome/134.0.0.0 Safari/537.36" "-"
192.168.0.102 - - [08/Mar/2025:01:02:30 +0530] "GET /tmp_dash/stream/index.mpd HTTP/1.1" 200 2282 "http://192.168.0.102/dashjs/index.html" "Mozilla/5.0 (Windows NT 10.0; Win64; x64) AppleWebKit/537.36 (KHTML, like Gecko) Chrome/134.0.0.0 Safari/537.36" "-"
192.168.0.102 - - [08/Mar/2025:01:02:30 +0530] "GET /tmp_dash/stream/init.m4v HTTP/1.1" 304 0 "http://192.168.0.102/dashjs/index.html" "Mozilla/5.0 (Windows NT 10.0; Win64; x64) AppleWebKit/537.36 (KHTML, like Gecko) Chrome/134.0.0.0 Safari/537.36" "-"
192.168.0.102 - - [08/Mar/2025:01:02:30 +0530] "GET /tmp_dash/stream/init.m4a HTTP/1.1" 304 0 "http://192.168.0.102/dashjs/index.html" "Mozilla/5.0 (Windows NT 10.0; Win64; x64) AppleWebKit/537.36 (KHTML, like Gecko) Chrome/134.0.0.0 Safari/537.36" "-"
192.168.0.102 - - [08/Mar/2025:01:02:30 +0530] "GET /tmp_dash/stream/765466.m4a HTTP/1.1" 200 136199 "http://192.168.0.102/dashjs/index.html" "Mozilla/5.0 (Windows NT 10.0; Win64; x64) AppleWebKit/537.36 (KHTML, like Gecko) Chrome/134.0.0.0 Safari/537.36" "-"
192.168.0.102 - - [08/Mar/2025:01:02:30 +0530] "GET /tmp_dash/stream/765466.m4v HTTP/1.1" 200 1530222 "http://192.168.0.102/dashjs/index.html" "Mozilla/5.0 (Windows NT 10.0; Win64; x64) AppleWebKit/537.36 (KHTML, like Gecko) Chrome/134.0.0.0 Safari/537.36" "-"
192.168.0.102 - - [08/Mar/2025:01:02:30 +0530] "GET /tmp_dash/stream/773799.m4a HTTP/1.1" 200 136140 "http://192.168.0.102/dashjs/index.html" "Mozilla/5.0 (Windows NT 10.0; Win64; x64) AppleWebKit/537.36 (KHTML, like Gecko) Chrome/134.0.0.0 Safari/537.36" "-"
192.168.0.102 - - [08/Mar/2025:01:02:30 +0530] "GET /tmp_dash/stream/773799.m4v HTTP/1.1" 200 1593492 "http://192.168.0.102/dashjs/index.html" "Mozilla/5.0 (Windows NT 10.0; Win64; x64) AppleWebKit/537.36 (KHTML, like Gecko) Chrome/134.0.0.0 Safari/537.36" "-"
192.168.0.102 - - [08/Mar/2025:01:02:30 +0530] "GET /favicon.ico HTTP/1.1" 404 556 "http://192.168.0.102/dashjs/index.html" "Mozilla/5.0 (Windows NT 10.0; Win64; x64) AppleWebKit/537.36 (KHTML, like Gecko) Chrome/134.0.0.0 Safari/537.36" "-"
127.4.151.177 - - [08/Mar/2025:01:02:34 +0530] "GET /tmp_dash/stream/index.mpd HTTP/1.1" 200 2282 "http://extra-tcp.gl.at.ply.gg:47078/dashjs/index.html" "Mozilla/5.0 (Linux; Android 10; K) AppleWebKit/537.36 (KHTML, like Gecko) Chrome/134.0.0.0 Mobile Safari/537.36" "-"
127.4.151.177 - - [08/Mar/2025:01:02:35 +0530] "GET /tmp_dash/stream/782132.m4a HTTP/1.1" 200 135114 "http://extra-tcp.gl.at.ply.gg:47078/dashjs/index.html" "Mozilla/5.0 (Linux; Android 10; K) AppleWebKit/537.36 (KHTML, like Gecko) Chrome/134.0.0.0 Mobile Safari/537.36" "-"
192.168.0.102 - - [08/Mar/2025:01:02:35 +0530] "GET /tmp_dash/stream/index.mpd HTTP/1.1" 200 2282 "http://192.168.0.102/dashjs/index.html" "Mozilla/5.0 (Windows NT 10.0; Win64; x64) AppleWebKit/537.36 (KHTML, like Gecko) Chrome/134.0.0.0 Safari/537.36" "-"
192.168.0.102 - - [08/Mar/2025:01:02:35 +0530] "GET /tmp_dash/stream/782132.m4a HTTP/1.1" 200 135114 "http://192.168.0.102/dashjs/index.html" "Mozilla/5.0 (Windows NT 10.0; Win64; x64) AppleWebKit/537.36 (KHTML, like Gecko) Chrome/134.0.0.0 Safari/537.36" "-"
192.168.0.102 - - [08/Mar/2025:01:02:35 +0530] "GET /tmp_dash/stream/782132.m4v HTTP/1.1" 200 1548569 "http://192.168.0.102/dashjs/index.html" "Mozilla/5.0 (Windows NT 10.0; Win64; x64) AppleWebKit/537.36 (KHTML, like Gecko) Chrome/134.0.0.0 Safari/537.36" "-"
127.4.151.177 - - [08/Mar/2025:01:02:35 +0530] "GET /tmp_dash/stream/782132.m4v HTTP/1.1" 200 1548569 "http://extra-tcp.gl.at.ply.gg:47078/dashjs/index.html" "Mozilla/5.0 (Linux; Android 10; K) AppleWebKit/537.36 (KHTML, like Gecko) Chrome/134.0.0.0 Mobile Safari/537.36" "-"
127.4.151.177 - - [08/Mar/2025:01:02:40 +0530] "GET /tmp_dash/stream/index.mpd HTTP/1.1" 304 0 "http://extra-tcp.gl.at.ply.gg:47078/dashjs/index.html" "Mozilla/5.0 (Linux; Android 10; K) AppleWebKit/537.36 (KHTML, like Gecko) Chrome/134.0.0.0 Mobile Safari/537.36" "-"
192.168.0.102 - - [08/Mar/2025:01:02:40 +0530] "GET / HTTP/1.1" 304 0 "-" "Mozilla/5.0 (Windows NT 10.0; Win64; x64) AppleWebKit/537.36 (KHTML, like Gecko) Chrome/134.0.0.0 Safari/537.36" "-"
192.168.0.102 - - [08/Mar/2025:01:02:40 +0530] "GET /tmp_dash/stream/index.mpd HTTP/1.1" 200 2282 "http://192.168.0.102/dashjs/index.html" "Mozilla/5.0 (Windows NT 10.0; Win64; x64) AppleWebKit/537.36 (KHTML, like Gecko) Chrome/134.0.0.0 Safari/537.36" "-"
192.168.0.102 - - [08/Mar/2025:01:02:40 +0530] "GET /tmp_dash/stream/790466.m4a HTTP/1.1" 200 136246 "http://192.168.0.102/dashjs/index.html" "Mozilla/5.0 (Windows NT 10.0; Win64; x64) AppleWebKit/537.36 (KHTML, like Gecko) Chrome/134.0.0.0 Safari/537.36" "-"
192.168.0.102 - - [08/Mar/2025:01:02:40 +0530] "GET /tmp_dash/stream/790466.m4v HTTP/1.1" 200 1567092 "http://192.168.0.102/dashjs/index.html" "Mozilla/5.0 (Windows NT 10.0; Win64; x64) AppleWebKit/537.36 (KHTML, like Gecko) Chrome/134.0.0.0 Safari/537.36" "-"
192.168.0.102 - - [08/Mar/2025:01:02:41 +0530] "GET /videojs/index.html HTTP/1.1" 200 925 "http://192.168.0.102/" "Mozilla/5.0 (Windows NT 10.0; Win64; x64) AppleWebKit/537.36 (KHTML, like Gecko) Chrome/134.0.0.0 Safari/537.36" "-"
192.168.0.102 - - [08/Mar/2025:01:02:41 +0530] "GET /videojs/js/video-js.css HTTP/1.1" 200 46980 "http://192.168.0.102/videojs/index.html" "Mozilla/5.0 (Windows NT 10.0; Win64; x64) AppleWebKit/537.36 (KHTML, like Gecko) Chrome/134.0.0.0 Safari/537.36" "-"
192.168.0.102 - - [08/Mar/2025:01:02:41 +0530] "GET /videojs/js/video.min.js HTTP/1.1" 200 499817 "http://192.168.0.102/videojs/index.html" "Mozilla/5.0 (Windows NT 10.0; Win64; x64) AppleWebKit/537.36 (KHTML, like Gecko) Chrome/134.0.0.0 Safari/537.36" "-"
192.168.0.102 - - [08/Mar/2025:01:02:41 +0530] "GET /videojs/js/videojs-http-streaming.js HTTP/1.1" 200 29053 "http://192.168.0.102/videojs/index.html" "Mozilla/5.0 (Windows NT 10.0; Win64; x64) AppleWebKit/537.36 (KHTML, like Gecko) Chrome/134.0.0.0 Safari/537.36" "-"
192.168.0.102 - - [08/Mar/2025:01:02:41 +0530] "GET /poster.jpg HTTP/1.1" 200 76618 "http://192.168.0.102/videojs/index.html" "Mozilla/5.0 (Windows NT 10.0; Win64; x64) AppleWebKit/537.36 (KHTML, like Gecko) Chrome/134.0.0.0 Safari/537.36" "-"
192.168.0.102 - - [08/Mar/2025:01:02:42 +0530] "GET /tmp_hls/stream/index.m3u8 HTTP/1.1" 200 266 "http://192.168.0.102/videojs/index.html" "Mozilla/5.0 (Windows NT 10.0; Win64; x64) AppleWebKit/537.36 (KHTML, like Gecko) Chrome/134.0.0.0 Safari/537.36" "-"
192.168.0.102 - - [08/Mar/2025:01:02:42 +0530] "GET /tmp_hls/stream/1741375927359.ts HTTP/1.1" 200 1733736 "http://192.168.0.102/videojs/index.html" "Mozilla/5.0 (Windows NT 10.0; Win64; x64) AppleWebKit/537.36 (KHTML, like Gecko) Chrome/134.0.0.0 Safari/537.36" "-"
192.168.0.102 - - [08/Mar/2025:01:02:42 +0530] "GET /tmp_hls/stream/1741375935680.ts HTTP/1.1" 200 1798032 "http://192.168.0.102/videojs/index.html" "Mozilla/5.0 (Windows NT 10.0; Win64; x64) AppleWebKit/537.36 (KHTML, like Gecko) Chrome/134.0.0.0 Safari/537.36" "-"
192.168.0.102 - - [08/Mar/2025:01:02:42 +0530] "GET /tmp_hls/stream/1741375944021.ts HTTP/1.1" 200 1750844 "http://192.168.0.102/videojs/index.html" "Mozilla/5.0 (Windows NT 10.0; Win64; x64) AppleWebKit/537.36 (KHTML, like Gecko) Chrome/134.0.0.0 Safari/537.36" "-"
192.168.0.102 - - [08/Mar/2025:01:02:42 +0530] "GET /favicon.ico HTTP/1.1" 404 556 "http://192.168.0.102/videojs/index.html" "Mozilla/5.0 (Windows NT 10.0; Win64; x64) AppleWebKit/537.36 (KHTML, like Gecko) Chrome/134.0.0.0 Safari/537.36" "-"
192.168.0.102 - - [08/Mar/2025:01:02:42 +0530] "GET /tmp_hls/stream/1741375952340.ts HTTP/1.1" 200 1771900 "http://192.168.0.102/videojs/index.html" "Mozilla/5.0 (Windows NT 10.0; Win64; x64) AppleWebKit/537.36 (KHTML, like Gecko) Chrome/134.0.0.0 Safari/537.36" "-"
127.4.151.177 - - [08/Mar/2025:01:02:45 +0530] "GET /tmp_dash/stream/index.mpd HTTP/1.1" 200 2282 "http://extra-tcp.gl.at.ply.gg:47078/dashjs/index.html" "Mozilla/5.0 (Linux; Android 10; K) AppleWebKit/537.36 (KHTML, like Gecko) Chrome/134.0.0.0 Mobile Safari/537.36" "-"
127.4.151.177 - - [08/Mar/2025:01:02:45 +0530] "GET /tmp_dash/stream/790466.m4a HTTP/1.1" 200 136246 "http://extra-tcp.gl.at.ply.gg:47078/dashjs/index.html" "Mozilla/5.0 (Linux; Android 10; K) AppleWebKit/537.36 (KHTML, like Gecko) Chrome/134.0.0.0 Mobile Safari/537.36" "-"
192.168.0.102 - - [08/Mar/2025:01:02:45 +0530] "GET /tmp_dash/stream/index.mpd HTTP/1.1" 304 0 "http://192.168.0.102/dashjs/index.html" "Mozilla/5.0 (Windows NT 10.0; Win64; x64) AppleWebKit/537.36 (KHTML, like Gecko) Chrome/134.0.0.0 Safari/537.36" "-"
127.4.151.177 - - [08/Mar/2025:01:02:46 +0530] "GET /tmp_dash/stream/790466.m4v HTTP/1.1" 200 1567092 "http://extra-tcp.gl.at.ply.gg:47078/dashjs/index.html" "Mozilla/5.0 (Linux; Android 10; K) AppleWebKit/537.36 (KHTML, like Gecko) Chrome/134.0.0.0 Mobile Safari/537.36" "-"
192.168.0.102 - - [08/Mar/2025:01:02:50 +0530] "GET /tmp_hls/stream/index.m3u8 HTTP/1.1" 200 266 "http://192.168.0.102/videojs/index.html" "Mozilla/5.0 (Windows NT 10.0; Win64; x64) AppleWebKit/537.36 (KHTML, like Gecko) Chrome/134.0.0.0 Safari/537.36" "-"
192.168.0.102 - - [08/Mar/2025:01:02:50 +0530] "GET /tmp_hls/stream/1741375960682.ts HTTP/1.1" 200 1765508 "http://192.168.0.102/videojs/index.html" "Mozilla/5.0 (Windows NT 10.0; Win64; x64) AppleWebKit/537.36 (KHTML, like Gecko) Chrome/134.0.0.0 Safari/537.36" "-"
127.4.151.177 - - [08/Mar/2025:01:02:50 +0530] "GET /tmp_dash/stream/index.mpd HTTP/1.1" 200 2282 "http://extra-tcp.gl.at.ply.gg:47078/dashjs/index.html" "Mozilla/5.0 (Linux; Android 10; K) AppleWebKit/537.36 (KHTML, like Gecko) Chrome/134.0.0.0 Mobile Safari/537.36" "-"
192.168.0.102 - - [08/Mar/2025:01:02:50 +0530] "GET /tmp_dash/stream/index.mpd HTTP/1.1" 200 2282 "http://192.168.0.102/dashjs/index.html" "Mozilla/5.0 (Windows NT 10.0; Win64; x64) AppleWebKit/537.36 (KHTML, like Gecko) Chrome/134.0.0.0 Safari/537.36" "-"
192.168.0.102 - - [08/Mar/2025:01:02:51 +0530] "GET /tmp_dash/stream/798799.m4a HTTP/1.1" 200 136689 "http://192.168.0.102/dashjs/index.html" "Mozilla/5.0 (Windows NT 10.0; Win64; x64) AppleWebKit/537.36 (KHTML, like Gecko) Chrome/134.0.0.0 Safari/537.36" "-"
192.168.0.102 - - [08/Mar/2025:01:02:51 +0530] "GET /tmp_dash/stream/798799.m4v HTTP/1.1" 200 1561732 "http://192.168.0.102/dashjs/index.html" "Mozilla/5.0 (Windows NT 10.0; Win64; x64) AppleWebKit/537.36 (KHTML, like Gecko) Chrome/134.0.0.0 Safari/537.36" "-"
127.4.151.177 - - [08/Mar/2025:01:02:51 +0530] "GET /tmp_dash/stream/798799.m4v HTTP/1.1" 200 1561732 "http://extra-tcp.gl.at.ply.gg:47078/dashjs/index.html" "Mozilla/5.0 (Linux; Android 10; K) AppleWebKit/537.36 (KHTML, like Gecko) Chrome/134.0.0.0 Mobile Safari/537.36" "-"
127.4.151.177 - - [08/Mar/2025:01:02:51 +0530] "GET /tmp_dash/stream/798799.m4a HTTP/1.1" 200 136689 "http://extra-tcp.gl.at.ply.gg:47078/dashjs/index.html" "Mozilla/5.0 (Linux; Android 10; K) AppleWebKit/537.36 (KHTML, like Gecko) Chrome/134.0.0.0 Mobile Safari/537.36" "-"
192.168.0.102 - - [08/Mar/2025:01:02:55 +0530] "GET /tmp_dash/stream/index.mpd HTTP/1.1" 304 0 "http://192.168.0.102/dashjs/index.html" "Mozilla/5.0 (Windows NT 10.0; Win64; x64) AppleWebKit/537.36 (KHTML, like Gecko) Chrome/134.0.0.0 Safari/537.36" "-"
127.4.151.177 - - [08/Mar/2025:01:02:55 +0530] "GET /tmp_dash/stream/index.mpd HTTP/1.1" 304 0 "http://extra-tcp.gl.at.ply.gg:47078/dashjs/index.html" "Mozilla/5.0 (Linux; Android 10; K) AppleWebKit/537.36 (KHTML, like Gecko) Chrome/134.0.0.0 Mobile Safari/537.36" "-"
192.168.0.102 - - [08/Mar/2025:01:02:58 +0530] "GET /tmp_hls/stream/index.m3u8 HTTP/1.1" 200 266 "http://192.168.0.102/videojs/index.html" "Mozilla/5.0 (Windows NT 10.0; Win64; x64) AppleWebKit/537.36 (KHTML, like Gecko) Chrome/134.0.0.0 Safari/537.36" "-"
192.168.0.102 - - [08/Mar/2025:01:02:58 +0530] "GET /tmp_hls/stream/1741375969023.ts HTTP/1.1" 200 1790324 "http://192.168.0.102/videojs/index.html" "Mozilla/5.0 (Windows NT 10.0; Win64; x64) AppleWebKit/537.36 (KHTML, like Gecko) Chrome/134.0.0.0 Safari/537.36" "-"
192.168.0.102 - - [08/Mar/2025:01:03:00 +0530] "GET /tmp_dash/stream/index.mpd HTTP/1.1" 200 2282 "http://192.168.0.102/dashjs/index.html" "Mozilla/5.0 (Windows NT 10.0; Win64; x64) AppleWebKit/537.36 (KHTML, like Gecko) Chrome/134.0.0.0 Safari/537.36" "-"
192.168.0.102 - - [08/Mar/2025:01:03:00 +0530] "GET /tmp_dash/stream/807132.m4v HTTP/1.1" 200 1586113 "http://192.168.0.102/dashjs/index.html" "Mozilla/5.0 (Windows NT 10.0; Win64; x64) AppleWebKit/537.36 (KHTML, like Gecko) Chrome/134.0.0.0 Safari/537.36" "-"
127.4.151.177 - - [08/Mar/2025:01:03:00 +0530] "GET /tmp_dash/stream/index.mpd HTTP/1.1" 200 2282 "http://extra-tcp.gl.at.ply.gg:47078/dashjs/index.html" "Mozilla/5.0 (Linux; Android 10; K) AppleWebKit/537.36 (KHTML, like Gecko) Chrome/134.0.0.0 Mobile Safari/537.36" "-"
127.4.151.177 - - [08/Mar/2025:01:03:01 +0530] "GET /tmp_dash/stream/807132.m4a HTTP/1.1" 200 136390 "http://extra-tcp.gl.at.ply.gg:47078/dashjs/index.html" "Mozilla/5.0 (Linux; Android 10; K) AppleWebKit/537.36 (KHTML, like Gecko) Chrome/134.0.0.0 Mobile Safari/537.36" "-"
192.168.0.102 - - [08/Mar/2025:01:03:01 +0530] "GET /tmp_dash/stream/807132.m4a HTTP/1.1" 200 136390 "http://192.168.0.102/dashjs/index.html" "Mozilla/5.0 (Windows NT 10.0; Win64; x64) AppleWebKit/537.36 (KHTML, like Gecko) Chrome/134.0.0.0 Safari/537.36" "-"
127.4.151.177 - - [08/Mar/2025:01:03:01 +0530] "GET /tmp_dash/stream/807132.m4v HTTP/1.1" 200 1586113 "http://extra-tcp.gl.at.ply.gg:47078/dashjs/index.html" "Mozilla/5.0 (Linux; Android 10; K) AppleWebKit/537.36 (KHTML, like Gecko) Chrome/134.0.0.0 Mobile Safari/537.36" "-"
127.4.151.177 - - [08/Mar/2025:01:03:06 +0530] "GET /tmp_dash/stream/index.mpd HTTP/1.1" 200 2282 "http://extra-tcp.gl.at.ply.gg:47078/dashjs/index.html" "Mozilla/5.0 (Linux; Android 10; K) AppleWebKit/537.36 (KHTML, like Gecko) Chrome/134.0.0.0 Mobile Safari/537.36" "-"
192.168.0.102 - - [08/Mar/2025:01:03:06 +0530] "GET /tmp_dash/stream/index.mpd HTTP/1.1" 200 2282 "http://192.168.0.102/dashjs/index.html" "Mozilla/5.0 (Windows NT 10.0; Win64; x64) AppleWebKit/537.36 (KHTML, like Gecko) Chrome/134.0.0.0 Safari/537.36" "-"
127.4.151.177 - - [08/Mar/2025:01:03:06 +0530] "GET /tmp_dash/stream/815466.m4v HTTP/1.1" 200 1536411 "http://extra-tcp.gl.at.ply.gg:47078/dashjs/index.html" "Mozilla/5.0 (Linux; Android 10; K) AppleWebKit/537.36 (KHTML, like Gecko) Chrome/134.0.0.0 Mobile Safari/537.36" "-"
127.4.151.177 - - [08/Mar/2025:01:03:07 +0530] "GET /tmp_dash/stream/815466.m4a HTTP/1.1" 200 136379 "http://extra-tcp.gl.at.ply.gg:47078/dashjs/index.html" "Mozilla/5.0 (Linux; Android 10; K) AppleWebKit/537.36 (KHTML, like Gecko) Chrome/134.0.0.0 Mobile Safari/537.36" "-"
192.168.0.102 - - [08/Mar/2025:01:03:07 +0530] "GET /tmp_hls/stream/index.m3u8 HTTP/1.1" 200 266 "http://192.168.0.102/videojs/index.html" "Mozilla/5.0 (Windows NT 10.0; Win64; x64) AppleWebKit/537.36 (KHTML, like Gecko) Chrome/134.0.0.0 Safari/537.36" "-"
192.168.0.102 - - [08/Mar/2025:01:03:07 +0530] "GET /tmp_hls/stream/1741375977344.ts HTTP/1.1" 200 1737684 "http://192.168.0.102/videojs/index.html" "Mozilla/5.0 (Windows NT 10.0; Win64; x64) AppleWebKit/537.36 (KHTML, like Gecko) Chrome/134.0.0.0 Safari/537.36" "-"
192.168.0.102 - - [08/Mar/2025:01:03:07 +0530] "GET /tmp_dash/stream/815466.m4a HTTP/1.1" 200 136379 "http://192.168.0.102/dashjs/index.html" "Mozilla/5.0 (Windows NT 10.0; Win64; x64) AppleWebKit/537.36 (KHTML, like Gecko) Chrome/134.0.0.0 Safari/537.36" "-"
192.168.0.102 - - [08/Mar/2025:01:03:07 +0530] "GET /tmp_dash/stream/815466.m4v HTTP/1.1" 200 1536411 "http://192.168.0.102/dashjs/index.html" "Mozilla/5.0 (Windows NT 10.0; Win64; x64) AppleWebKit/537.36 (KHTML, like Gecko) Chrome/134.0.0.0 Safari/537.36" "-"
127.4.151.177 - - [08/Mar/2025:01:03:11 +0530] "GET /tmp_dash/stream/index.mpd HTTP/1.1" 304 0 "http://extra-tcp.gl.at.ply.gg:47078/dashjs/index.html" "Mozilla/5.0 (Linux; Android 10; K) AppleWebKit/537.36 (KHTML, like Gecko) Chrome/134.0.0.0 Mobile Safari/537.36" "-"
192.168.0.102 - - [08/Mar/2025:01:03:12 +0530] "GET /tmp_dash/stream/index.mpd HTTP/1.1" 304 0 "http://192.168.0.102/dashjs/index.html" "Mozilla/5.0 (Windows NT 10.0; Win64; x64) AppleWebKit/537.36 (KHTML, like Gecko) Chrome/134.0.0.0 Safari/537.36" "-"
192.168.0.102 - - [08/Mar/2025:01:03:15 +0530] "GET /tmp_hls/stream/index.m3u8 HTTP/1.1" 200 266 "http://192.168.0.102/videojs/index.html" "Mozilla/5.0 (Windows NT 10.0; Win64; x64) AppleWebKit/537.36 (KHTML, like Gecko) Chrome/134.0.0.0 Safari/537.36" "-"
192.168.0.102 - - [08/Mar/2025:01:03:15 +0530] "GET /tmp_hls/stream/1741375985686.ts HTTP/1.1" 200 1772652 "http://192.168.0.102/videojs/index.html" "Mozilla/5.0 (Windows NT 10.0; Win64; x64) AppleWebKit/537.36 (KHTML, like Gecko) Chrome/134.0.0.0 Safari/537.36" "-"
127.4.151.177 - - [08/Mar/2025:01:03:16 +0530] "GET /tmp_dash/stream/index.mpd HTTP/1.1" 200 2282 "http://extra-tcp.gl.at.ply.gg:47078/dashjs/index.html" "Mozilla/5.0 (Linux; Android 10; K) AppleWebKit/537.36 (KHTML, like Gecko) Chrome/134.0.0.0 Mobile Safari/537.36" "-"
127.4.151.177 - - [08/Mar/2025:01:03:17 +0530] "GET /tmp_dash/stream/823799.m4a HTTP/1.1" 200 136517 "http://extra-tcp.gl.at.ply.gg:47078/dashjs/index.html" "Mozilla/5.0 (Linux; Android 10; K) AppleWebKit/537.36 (KHTML, like Gecko) Chrome/134.0.0.0 Mobile Safari/537.36" "-"
127.4.151.177 - - [08/Mar/2025:01:03:17 +0530] "GET /tmp_dash/stream/823799.m4v HTTP/1.1" 200 1567984 "http://extra-tcp.gl.at.ply.gg:47078/dashjs/index.html" "Mozilla/5.0 (Linux; Android 10; K) AppleWebKit/537.36 (KHTML, like Gecko) Chrome/134.0.0.0 Mobile Safari/537.36" "-"
192.168.0.102 - - [08/Mar/2025:01:03:18 +0530] "GET /tmp_dash/stream/index.mpd HTTP/1.1" 200 2282 "http://192.168.0.102/dashjs/index.html" "Mozilla/5.0 (Windows NT 10.0; Win64; x64) AppleWebKit/537.36 (KHTML, like Gecko) Chrome/134.0.0.0 Safari/537.36" "-"
192.168.0.102 - - [08/Mar/2025:01:03:19 +0530] "GET /tmp_dash/stream/823799.m4a HTTP/1.1" 200 136517 "http://192.168.0.102/dashjs/index.html" "Mozilla/5.0 (Windows NT 10.0; Win64; x64) AppleWebKit/537.36 (KHTML, like Gecko) Chrome/134.0.0.0 Safari/537.36" "-"
192.168.0.102 - - [08/Mar/2025:01:03:19 +0530] "GET /tmp_dash/stream/823799.m4v HTTP/1.1" 200 1567984 "http://192.168.0.102/dashjs/index.html" "Mozilla/5.0 (Windows NT 10.0; Win64; x64) AppleWebKit/537.36 (KHTML, like Gecko) Chrome/134.0.0.0 Safari/537.36" "-"
127.4.151.177 - - [08/Mar/2025:01:03:21 +0530] "GET /tmp_dash/stream/index.mpd HTTP/1.1" 304 0 "http://extra-tcp.gl.at.ply.gg:47078/dashjs/index.html" "Mozilla/5.0 (Linux; Android 10; K) AppleWebKit/537.36 (KHTML, like Gecko) Chrome/134.0.0.0 Mobile Safari/537.36" "-"
192.168.0.102 - - [08/Mar/2025:01:03:23 +0530] "GET /tmp_hls/stream/index.m3u8 HTTP/1.1" 200 266 "http://192.168.0.102/videojs/index.html" "Mozilla/5.0 (Windows NT 10.0; Win64; x64) AppleWebKit/537.36 (KHTML, like Gecko) Chrome/134.0.0.0 Safari/537.36" "-"
192.168.0.102 - - [08/Mar/2025:01:03:23 +0530] "GET /tmp_hls/stream/1741375994026.ts HTTP/1.1" 200 1784496 "http://192.168.0.102/videojs/index.html" "Mozilla/5.0 (Windows NT 10.0; Win64; x64) AppleWebKit/537.36 (KHTML, like Gecko) Chrome/134.0.0.0 Safari/537.36" "-"
192.168.0.102 - - [08/Mar/2025:01:03:24 +0530] "GET /tmp_dash/stream/index.mpd HTTP/1.1" 200 2282 "http://192.168.0.102/dashjs/index.html" "Mozilla/5.0 (Windows NT 10.0; Win64; x64) AppleWebKit/537.36 (KHTML, like Gecko) Chrome/134.0.0.0 Safari/537.36" "-"
127.4.151.177 - - [08/Mar/2025:01:03:27 +0530] "GET /tmp_dash/stream/index.mpd HTTP/1.1" 200 2282 "http://extra-tcp.gl.at.ply.gg:47078/dashjs/index.html" "Mozilla/5.0 (Linux; Android 10; K) AppleWebKit/537.36 (KHTML, like Gecko) Chrome/134.0.0.0 Mobile Safari/537.36" "-"
127.4.151.177 - - [08/Mar/2025:01:03:27 +0530] "GET /tmp_dash/stream/832132.m4a HTTP/1.1" 200 136106 "http://extra-tcp.gl.at.ply.gg:47078/dashjs/index.html" "Mozilla/5.0 (Linux; Android 10; K) AppleWebKit/537.36 (KHTML, like Gecko) Chrome/134.0.0.0 Mobile Safari/537.36" "-"
127.4.151.177 - - [08/Mar/2025:01:03:27 +0530] "GET /tmp_dash/stream/832132.m4v HTTP/1.1" 200 1580914 "http://extra-tcp.gl.at.ply.gg:47078/dashjs/index.html" "Mozilla/5.0 (Linux; Android 10; K) AppleWebKit/537.36 (KHTML, like Gecko) Chrome/134.0.0.0 Mobile Safari/537.36" "-"
192.168.0.102 - - [08/Mar/2025:01:03:30 +0530] "GET /tmp_dash/stream/index.mpd HTTP/1.1" 304 0 "http://192.168.0.102/dashjs/index.html" "Mozilla/5.0 (Windows NT 10.0; Win64; x64) AppleWebKit/537.36 (KHTML, like Gecko) Chrome/134.0.0.0 Safari/537.36" "-"
192.168.0.102 - - [08/Mar/2025:01:03:32 +0530] "GET /tmp_hls/stream/index.m3u8 HTTP/1.1" 200 266 "http://192.168.0.102/videojs/index.html" "Mozilla/5.0 (Windows NT 10.0; Win64; x64) AppleWebKit/537.36 (KHTML, like Gecko) Chrome/134.0.0.0 Safari/537.36" "-"
192.168.0.102 - - [08/Mar/2025:01:03:32 +0530] "GET /tmp_hls/stream/1741376002345.ts HTTP/1.1" 200 1780360 "http://192.168.0.102/videojs/index.html" "Mozilla/5.0 (Windows NT 10.0; Win64; x64) AppleWebKit/537.36 (KHTML, like Gecko) Chrome/134.0.0.0 Safari/537.36" "-"
127.4.151.177 - - [08/Mar/2025:01:03:32 +0530] "GET /tmp_dash/stream/index.mpd HTTP/1.1" 200 2282 "http://extra-tcp.gl.at.ply.gg:47078/dashjs/index.html" "Mozilla/5.0 (Linux; Android 10; K) AppleWebKit/537.36 (KHTML, like Gecko) Chrome/134.0.0.0 Mobile Safari/537.36" "-"
127.4.151.177 - - [08/Mar/2025:01:03:32 +0530] "GET /tmp_dash/stream/840466.m4a HTTP/1.1" 200 136231 "http://extra-tcp.gl.at.ply.gg:47078/dashjs/index.html" "Mozilla/5.0 (Linux; Android 10; K) AppleWebKit/537.36 (KHTML, like Gecko) Chrome/134.0.0.0 Mobile Safari/537.36" "-"
127.4.151.177 - - [08/Mar/2025:01:03:33 +0530] "GET /tmp_dash/stream/840466.m4v HTTP/1.1" 200 1575436 "http://extra-tcp.gl.at.ply.gg:47078/dashjs/index.html" "Mozilla/5.0 (Linux; Android 10; K) AppleWebKit/537.36 (KHTML, like Gecko) Chrome/134.0.0.0 Mobile Safari/537.36" "-"
192.168.0.102 - - [08/Mar/2025:01:03:36 +0530] "GET /tmp_dash/stream/index.mpd HTTP/1.1" 200 2282 "http://192.168.0.102/dashjs/index.html" "Mozilla/5.0 (Windows NT 10.0; Win64; x64) AppleWebKit/537.36 (KHTML, like Gecko) Chrome/134.0.0.0 Safari/537.36" "-"
127.4.151.177 - - [08/Mar/2025:01:03:37 +0530] "GET /tmp_dash/stream/index.mpd HTTP/1.1" 304 0 "http://extra-tcp.gl.at.ply.gg:47078/dashjs/index.html" "Mozilla/5.0 (Linux; Android 10; K) AppleWebKit/537.36 (KHTML, like Gecko) Chrome/134.0.0.0 Mobile Safari/537.36" "-"
192.168.0.102 - - [08/Mar/2025:01:03:40 +0530] "GET /tmp_hls/stream/index.m3u8 HTTP/1.1" 200 266 "http://192.168.0.102/videojs/index.html" "Mozilla/5.0 (Windows NT 10.0; Win64; x64) AppleWebKit/537.36 (KHTML, like Gecko) Chrome/134.0.0.0 Safari/537.36" "-"
192.168.0.102 - - [08/Mar/2025:01:03:41 +0530] "GET /tmp_hls/stream/1741376010687.ts HTTP/1.1" 200 1742572 "http://192.168.0.102/videojs/index.html" "Mozilla/5.0 (Windows NT 10.0; Win64; x64) AppleWebKit/537.36 (KHTML, like Gecko) Chrome/134.0.0.0 Safari/537.36" "-"
192.168.0.102 - - [08/Mar/2025:01:03:42 +0530] "GET /tmp_dash/stream/index.mpd HTTP/1.1" 200 2282 "http://192.168.0.102/dashjs/index.html" "Mozilla/5.0 (Windows NT 10.0; Win64; x64) AppleWebKit/537.36 (KHTML, like Gecko) Chrome/134.0.0.0 Safari/537.36" "-"
127.4.151.177 - - [08/Mar/2025:01:03:42 +0530] "GET /tmp_dash/stream/index.mpd HTTP/1.1" 200 2282 "http://extra-tcp.gl.at.ply.gg:47078/dashjs/index.html" "Mozilla/5.0 (Linux; Android 10; K) AppleWebKit/537.36 (KHTML, like Gecko) Chrome/134.0.0.0 Mobile Safari/537.36" "-"
127.4.151.177 - - [08/Mar/2025:01:03:43 +0530] "GET /tmp_dash/stream/848799.m4v HTTP/1.1" 200 1539699 "http://extra-tcp.gl.at.ply.gg:47078/dashjs/index.html" "Mozilla/5.0 (Linux; Android 10; K) AppleWebKit/537.36 (KHTML, like Gecko) Chrome/134.0.0.0 Mobile Safari/537.36" "-"
127.4.151.177 - - [08/Mar/2025:01:03:44 +0530] "GET /tmp_dash/stream/848799.m4a HTTP/1.1" 200 135937 "http://extra-tcp.gl.at.ply.gg:47078/dashjs/index.html" "Mozilla/5.0 (Linux; Android 10; K) AppleWebKit/537.36 (KHTML, like Gecko) Chrome/134.0.0.0 Mobile Safari/537.36" "-"
127.4.151.177 - - [08/Mar/2025:01:03:48 +0530] "GET /tmp_dash/stream/index.mpd HTTP/1.1" 200 2282 "http://extra-tcp.gl.at.ply.gg:47078/dashjs/index.html" "Mozilla/5.0 (Linux; Android 10; K) AppleWebKit/537.36 (KHTML, like Gecko) Chrome/134.0.0.0 Mobile Safari/537.36" "-"
192.168.0.102 - - [08/Mar/2025:01:03:48 +0530] "GET /tmp_dash/stream/index.mpd HTTP/1.1" 200 2282 "http://192.168.0.102/dashjs/index.html" "Mozilla/5.0 (Windows NT 10.0; Win64; x64) AppleWebKit/537.36 (KHTML, like Gecko) Chrome/134.0.0.0 Safari/537.36" "-"
127.4.151.177 - - [08/Mar/2025:01:03:48 +0530] "GET /tmp_dash/stream/857132.m4v HTTP/1.1" 200 1586857 "http://extra-tcp.gl.at.ply.gg:47078/dashjs/index.html" "Mozilla/5.0 (Linux; Android 10; K) AppleWebKit/537.36 (KHTML, like Gecko) Chrome/134.0.0.0 Mobile Safari/537.36" "-"
192.168.0.102 - - [08/Mar/2025:01:03:49 +0530] "GET /tmp_hls/stream/index.m3u8 HTTP/1.1" 200 266 "http://192.168.0.102/videojs/index.html" "Mozilla/5.0 (Windows NT 10.0; Win64; x64) AppleWebKit/537.36 (KHTML, like Gecko) Chrome/134.0.0.0 Safari/537.36" "-"
127.4.151.177 - - [08/Mar/2025:01:03:49 +0530] "GET /tmp_dash/stream/857132.m4a HTTP/1.1" 200 135993 "http://extra-tcp.gl.at.ply.gg:47078/dashjs/index.html" "Mozilla/5.0 (Linux; Android 10; K) AppleWebKit/537.36 (KHTML, like Gecko) Chrome/134.0.0.0 Mobile Safari/537.36" "-"
192.168.0.102 - - [08/Mar/2025:01:03:50 +0530] "GET /tmp_hls/stream/1741376019009.ts HTTP/1.1" 200 1791076 "http://192.168.0.102/videojs/index.html" "Mozilla/5.0 (Windows NT 10.0; Win64; x64) AppleWebKit/537.36 (KHTML, like Gecko) Chrome/134.0.0.0 Safari/537.36" "-"
127.4.151.177 - - [08/Mar/2025:01:03:53 +0530] "GET /tmp_dash/stream/index.mpd HTTP/1.1" 304 0 "http://extra-tcp.gl.at.ply.gg:47078/dashjs/index.html" "Mozilla/5.0 (Linux; Android 10; K) AppleWebKit/537.36 (KHTML, like Gecko) Chrome/134.0.0.0 Mobile Safari/537.36" "-"
192.168.0.102 - - [08/Mar/2025:01:03:54 +0530] "GET /tmp_dash/stream/index.mpd HTTP/1.1" 304 0 "http://192.168.0.102/dashjs/index.html" "Mozilla/5.0 (Windows NT 10.0; Win64; x64) AppleWebKit/537.36 (KHTML, like Gecko) Chrome/134.0.0.0 Safari/537.36" "-"
192.168.0.102 - - [08/Mar/2025:01:03:57 +0530] "GET /tmp_hls/stream/index.m3u8 HTTP/1.1" 200 266 "http://192.168.0.102/videojs/index.html" "Mozilla/5.0 (Windows NT 10.0; Win64; x64) AppleWebKit/537.36 (KHTML, like Gecko) Chrome/134.0.0.0 Safari/537.36" "-"
192.168.0.102 - - [08/Mar/2025:01:03:57 +0530] "GET /tmp_hls/stream/1741376027348.ts HTTP/1.1" 200 1748964 "http://192.168.0.102/videojs/index.html" "Mozilla/5.0 (Windows NT 10.0; Win64; x64) AppleWebKit/537.36 (KHTML, like Gecko) Chrome/134.0.0.0 Safari/537.36" "-"
192.168.0.102 - - [08/Mar/2025:01:03:57 +0530] "GET /videojs/index.html HTTP/1.1" 304 0 "http://192.168.0.102/" "Mozilla/5.0 (Windows NT 10.0; Win64; x64) AppleWebKit/537.36 (KHTML, like Gecko) Chrome/134.0.0.0 Safari/537.36" "-"
192.168.0.102 - - [08/Mar/2025:01:03:58 +0530] "GET /tmp_hls/stream/index.m3u8 HTTP/1.1" 304 0 "http://192.168.0.102/videojs/index.html" "Mozilla/5.0 (Windows NT 10.0; Win64; x64) AppleWebKit/537.36 (KHTML, like Gecko) Chrome/134.0.0.0 Safari/537.36" "-"
127.4.151.177 - - [08/Mar/2025:01:03:58 +0530] "GET /tmp_dash/stream/index.mpd HTTP/1.1" 200 2282 "http://extra-tcp.gl.at.ply.gg:47078/dashjs/index.html" "Mozilla/5.0 (Linux; Android 10; K) AppleWebKit/537.36 (KHTML, like Gecko) Chrome/134.0.0.0 Mobile Safari/537.36" "-"
127.4.151.177 - - [08/Mar/2025:01:03:58 +0530] "GET /tmp_dash/stream/865466.m4v HTTP/1.1" 200 1546415 "http://extra-tcp.gl.at.ply.gg:47078/dashjs/index.html" "Mozilla/5.0 (Linux; Android 10; K) AppleWebKit/537.36 (KHTML, like Gecko) Chrome/134.0.0.0 Mobile Safari/537.36" "-"
127.4.151.177 - - [08/Mar/2025:01:03:59 +0530] "GET /tmp_dash/stream/865466.m4a HTTP/1.1" 200 135945 "http://extra-tcp.gl.at.ply.gg:47078/dashjs/index.html" "Mozilla/5.0 (Linux; Android 10; K) AppleWebKit/537.36 (KHTML, like Gecko) Chrome/134.0.0.0 Mobile Safari/537.36" "-"
192.168.0.102 - - [08/Mar/2025:01:03:59 +0530] "GET /tmp_hls/stream/1741376002345.ts HTTP/1.1" 304 0 "http://192.168.0.102/videojs/index.html" "Mozilla/5.0 (Windows NT 10.0; Win64; x64) AppleWebKit/537.36 (KHTML, like Gecko) Chrome/134.0.0.0 Safari/537.36" "-"
192.168.0.102 - - [08/Mar/2025:01:03:59 +0530] "GET /tmp_hls/stream/1741376010687.ts HTTP/1.1" 304 0 "http://192.168.0.102/videojs/index.html" "Mozilla/5.0 (Windows NT 10.0; Win64; x64) AppleWebKit/537.36 (KHTML, like Gecko) Chrome/134.0.0.0 Safari/537.36" "-"
192.168.0.102 - - [08/Mar/2025:01:04:00 +0530] "GET /tmp_hls/stream/1741376019009.ts HTTP/1.1" 304 0 "http://192.168.0.102/videojs/index.html" "Mozilla/5.0 (Windows NT 10.0; Win64; x64) AppleWebKit/537.36 (KHTML, like Gecko) Chrome/134.0.0.0 Safari/537.36" "-"
192.168.0.102 - - [08/Mar/2025:01:04:00 +0530] "GET /favicon.ico HTTP/1.1" 404 556 "http://192.168.0.102/videojs/index.html" "Mozilla/5.0 (Windows NT 10.0; Win64; x64) AppleWebKit/537.36 (KHTML, like Gecko) Chrome/134.0.0.0 Safari/537.36" "-"
192.168.0.102 - - [08/Mar/2025:01:04:00 +0530] "GET /tmp_hls/stream/1741376027348.ts HTTP/1.1" 304 0 "http://192.168.0.102/videojs/index.html" "Mozilla/5.0 (Windows NT 10.0; Win64; x64) AppleWebKit/537.36 (KHTML, like Gecko) Chrome/134.0.0.0 Safari/537.36" "-"
192.168.0.102 - - [08/Mar/2025:01:04:00 +0530] "GET /tmp_dash/stream/index.mpd HTTP/1.1" 200 2282 "http://192.168.0.102/dashjs/index.html" "Mozilla/5.0 (Windows NT 10.0; Win64; x64) AppleWebKit/537.36 (KHTML, like Gecko) Chrome/134.0.0.0 Safari/537.36" "-"
127.4.151.177 - - [08/Mar/2025:01:04:03 +0530] "GET /tmp_dash/stream/index.mpd HTTP/1.1" 304 0 "http://extra-tcp.gl.at.ply.gg:47078/dashjs/index.html" "Mozilla/5.0 (Linux; Android 10; K) AppleWebKit/537.36 (KHTML, like Gecko) Chrome/134.0.0.0 Mobile Safari/537.36" "-"
192.168.0.102 - - [08/Mar/2025:01:04:06 +0530] "GET /tmp_dash/stream/index.mpd HTTP/1.1" 200 2282 "http://192.168.0.102/dashjs/index.html" "Mozilla/5.0 (Windows NT 10.0; Win64; x64) AppleWebKit/537.36 (KHTML, like Gecko) Chrome/134.0.0.0 Safari/537.36" "-"
192.168.0.102 - - [08/Mar/2025:01:04:06 +0530] "GET /tmp_hls/stream/index.m3u8 HTTP/1.1" 200 266 "http://192.168.0.102/videojs/index.html" "Mozilla/5.0 (Windows NT 10.0; Win64; x64) AppleWebKit/537.36 (KHTML, like Gecko) Chrome/134.0.0.0 Safari/537.36" "-"
192.168.0.102 - - [08/Mar/2025:01:04:06 +0530] "GET /tmp_hls/stream/1741376035690.ts HTTP/1.1" 200 1780924 "http://192.168.0.102/videojs/index.html" "Mozilla/5.0 (Windows NT 10.0; Win64; x64) AppleWebKit/537.36 (KHTML, like Gecko) Chrome/134.0.0.0 Safari/537.36" "-"
127.4.151.177 - - [08/Mar/2025:01:04:09 +0530] "GET /tmp_dash/stream/index.mpd HTTP/1.1" 200 2282 "http://extra-tcp.gl.at.ply.gg:47078/dashjs/index.html" "Mozilla/5.0 (Linux; Android 10; K) AppleWebKit/537.36 (KHTML, like Gecko) Chrome/134.0.0.0 Mobile Safari/537.36" "-"
127.4.151.177 - - [08/Mar/2025:01:04:09 +0530] "GET /tmp_dash/stream/873799.m4a HTTP/1.1" 200 135783 "http://extra-tcp.gl.at.ply.gg:47078/dashjs/index.html" "Mozilla/5.0 (Linux; Android 10; K) AppleWebKit/537.36 (KHTML, like Gecko) Chrome/134.0.0.0 Mobile Safari/537.36" "-"
127.4.151.177 - - [08/Mar/2025:01:04:09 +0530] "GET /tmp_dash/stream/873799.m4v HTTP/1.1" 200 1575829 "http://extra-tcp.gl.at.ply.gg:47078/dashjs/index.html" "Mozilla/5.0 (Linux; Android 10; K) AppleWebKit/537.36 (KHTML, like Gecko) Chrome/134.0.0.0 Mobile Safari/537.36" "-"
192.168.0.102 - - [08/Mar/2025:01:04:09 +0530] "GET /tmp_hls/stream/index.m3u8 HTTP/1.1" 304 0 "-" "Mozilla/5.0 (Windows NT 10.0; Win64; x64) AppleWebKit/537.36 (KHTML, like Gecko) Chrome/134.0.0.0 Safari/537.36" "-"
192.168.0.102 - - [08/Mar/2025:01:04:12 +0530] "GET /tmp_dash/stream/index.mpd HTTP/1.1" 200 2282 "http://192.168.0.102/dashjs/index.html" "Mozilla/5.0 (Windows NT 10.0; Win64; x64) AppleWebKit/537.36 (KHTML, like Gecko) Chrome/134.0.0.0 Safari/537.36" "-"
127.4.151.177 - - [08/Mar/2025:01:04:14 +0530] "GET /tmp_dash/stream/index.mpd HTTP/1.1" 200 2282 "http://extra-tcp.gl.at.ply.gg:47078/dashjs/index.html" "Mozilla/5.0 (Linux; Android 10; K) AppleWebKit/537.36 (KHTML, like Gecko) Chrome/134.0.0.0 Mobile Safari/537.36" "-"
127.4.151.177 - - [08/Mar/2025:01:04:14 +0530] "GET /tmp_dash/stream/882132.m4v HTTP/1.1" 200 1557439 "http://extra-tcp.gl.at.ply.gg:47078/dashjs/index.html" "Mozilla/5.0 (Linux; Android 10; K) AppleWebKit/537.36 (KHTML, like Gecko) Chrome/134.0.0.0 Mobile Safari/537.36" "-"
192.168.0.102 - - [08/Mar/2025:01:04:14 +0530] "GET /tmp_hls/stream/index.m3u8 HTTP/1.1" 200 267 "http://192.168.0.102/videojs/index.html" "Mozilla/5.0 (Windows NT 10.0; Win64; x64) AppleWebKit/537.36 (KHTML, like Gecko) Chrome/134.0.0.0 Safari/537.36" "-"
192.168.0.102 - - [08/Mar/2025:01:04:14 +0530] "GET /tmp_hls/stream/1741376044010.ts HTTP/1.1" 200 1760808 "http://192.168.0.102/videojs/index.html" "Mozilla/5.0 (Windows NT 10.0; Win64; x64) AppleWebKit/537.36 (KHTML, like Gecko) Chrome/134.0.0.0 Safari/537.36" "-"
127.4.151.177 - - [08/Mar/2025:01:04:15 +0530] "GET /tmp_dash/stream/882132.m4a HTTP/1.1" 200 136712 "http://extra-tcp.gl.at.ply.gg:47078/dashjs/index.html" "Mozilla/5.0 (Linux; Android 10; K) AppleWebKit/537.36 (KHTML, like Gecko) Chrome/134.0.0.0 Mobile Safari/537.36" "-"
192.168.0.102 - - [08/Mar/2025:01:04:18 +0530] "GET /tmp_dash/stream/index.mpd HTTP/1.1" 304 0 "http://192.168.0.102/dashjs/index.html" "Mozilla/5.0 (Windows NT 10.0; Win64; x64) AppleWebKit/537.36 (KHTML, like Gecko) Chrome/134.0.0.0 Safari/537.36" "-"
192.168.0.102 - - [08/Mar/2025:01:04:19 +0530] "GET /tmp_hls/stream/index.m3u8 HTTP/1.1" 304 0 "-" "Mozilla/5.0 (Windows NT 10.0; Win64; x64) AppleWebKit/537.36 (KHTML, like Gecko) Chrome/134.0.0.0 Safari/537.36" "-"
127.4.151.177 - - [08/Mar/2025:01:04:19 +0530] "GET /tmp_dash/stream/index.mpd HTTP/1.1" 304 0 "http://extra-tcp.gl.at.ply.gg:47078/dashjs/index.html" "Mozilla/5.0 (Linux; Android 10; K) AppleWebKit/537.36 (KHTML, like Gecko) Chrome/134.0.0.0 Mobile Safari/537.36" "-"
192.168.0.102 - - [08/Mar/2025:01:04:23 +0530] "GET /tmp_hls/stream/index.m3u8 HTTP/1.1" 200 267 "http://192.168.0.102/videojs/index.html" "Mozilla/5.0 (Windows NT 10.0; Win64; x64) AppleWebKit/537.36 (KHTML, like Gecko) Chrome/134.0.0.0 Safari/537.36" "-"
192.168.0.102 - - [08/Mar/2025:01:04:23 +0530] "GET /tmp_hls/stream/1741376052351.ts HTTP/1.1" 200 1820780 "http://192.168.0.102/videojs/index.html" "Mozilla/5.0 (Windows NT 10.0; Win64; x64) AppleWebKit/537.36 (KHTML, like Gecko) Chrome/134.0.0.0 Safari/537.36" "-"
192.168.0.102 - - [08/Mar/2025:01:04:24 +0530] "GET /tmp_dash/stream/index.mpd HTTP/1.1" 200 2282 "http://192.168.0.102/dashjs/index.html" "Mozilla/5.0 (Windows NT 10.0; Win64; x64) AppleWebKit/537.36 (KHTML, like Gecko) Chrome/134.0.0.0 Safari/537.36" "-"
127.4.151.177 - - [08/Mar/2025:01:04:24 +0530] "GET /tmp_dash/stream/index.mpd HTTP/1.1" 200 2282 "http://extra-tcp.gl.at.ply.gg:47078/dashjs/index.html" "Mozilla/5.0 (Linux; Android 10; K) AppleWebKit/537.36 (KHTML, like Gecko) Chrome/134.0.0.0 Mobile Safari/537.36" "-"
127.4.151.177 - - [08/Mar/2025:01:04:25 +0530] "GET /tmp_dash/stream/890466.m4a HTTP/1.1" 200 136467 "http://extra-tcp.gl.at.ply.gg:47078/dashjs/index.html" "Mozilla/5.0 (Linux; Android 10; K) AppleWebKit/537.36 (KHTML, like Gecko) Chrome/134.0.0.0 Mobile Safari/537.36" "-"
127.4.151.177 - - [08/Mar/2025:01:04:25 +0530] "GET /tmp_dash/stream/890466.m4v HTTP/1.1" 200 1615598 "http://extra-tcp.gl.at.ply.gg:47078/dashjs/index.html" "Mozilla/5.0 (Linux; Android 10; K) AppleWebKit/537.36 (KHTML, like Gecko) Chrome/134.0.0.0 Mobile Safari/537.36" "-"
127.4.151.177 - - [08/Mar/2025:01:04:29 +0530] "GET /tmp_dash/stream/index.mpd HTTP/1.1" 200 2282 "http://extra-tcp.gl.at.ply.gg:47078/dashjs/index.html" "Mozilla/5.0 (Linux; Android 10; K) AppleWebKit/537.36 (KHTML, like Gecko) Chrome/134.0.0.0 Mobile Safari/537.36" "-"
127.4.151.177 - - [08/Mar/2025:01:04:30 +0530] "GET /tmp_dash/stream/898799.m4v HTTP/1.1" 200 1519847 "http://extra-tcp.gl.at.ply.gg:47078/dashjs/index.html" "Mozilla/5.0 (Linux; Android 10; K) AppleWebKit/537.36 (KHTML, like Gecko) Chrome/134.0.0.0 Mobile Safari/537.36" "-"
127.4.151.177 - - [08/Mar/2025:01:04:30 +0530] "GET /tmp_dash/stream/898799.m4a HTTP/1.1" 200 135786 "http://extra-tcp.gl.at.ply.gg:47078/dashjs/index.html" "Mozilla/5.0 (Linux; Android 10; K) AppleWebKit/537.36 (KHTML, like Gecko) Chrome/134.0.0.0 Mobile Safari/537.36" "-"
192.168.0.102 - - [08/Mar/2025:01:04:30 +0530] "GET /tmp_dash/stream/index.mpd HTTP/1.1" 200 2282 "http://192.168.0.102/dashjs/index.html" "Mozilla/5.0 (Windows NT 10.0; Win64; x64) AppleWebKit/537.36 (KHTML, like Gecko) Chrome/134.0.0.0 Safari/537.36" "-"
192.168.0.102 - - [08/Mar/2025:01:04:31 +0530] "GET /tmp_hls/stream/index.m3u8 HTTP/1.1" 200 267 "http://192.168.0.102/videojs/index.html" "Mozilla/5.0 (Windows NT 10.0; Win64; x64) AppleWebKit/537.36 (KHTML, like Gecko) Chrome/134.0.0.0 Safari/537.36" "-"
192.168.0.102 - - [08/Mar/2025:01:04:31 +0530] "GET /tmp_hls/stream/1741376060692.ts HTTP/1.1" 200 1720952 "http://192.168.0.102/videojs/index.html" "Mozilla/5.0 (Windows NT 10.0; Win64; x64) AppleWebKit/537.36 (KHTML, like Gecko) Chrome/134.0.0.0 Safari/537.36" "-"
127.4.151.177 - - [08/Mar/2025:01:04:35 +0530] "GET /tmp_dash/stream/index.mpd HTTP/1.1" 304 0 "http://extra-tcp.gl.at.ply.gg:47078/dashjs/index.html" "Mozilla/5.0 (Linux; Android 10; K) AppleWebKit/537.36 (KHTML, like Gecko) Chrome/134.0.0.0 Mobile Safari/537.36" "-"
192.168.0.102 - - [08/Mar/2025:01:04:36 +0530] "GET /tmp_dash/stream/index.mpd HTTP/1.1" 304 0 "http://192.168.0.102/dashjs/index.html" "Mozilla/5.0 (Windows NT 10.0; Win64; x64) AppleWebKit/537.36 (KHTML, like Gecko) Chrome/134.0.0.0 Safari/537.36" "-"
192.168.0.102 - - [08/Mar/2025:01:04:39 +0530] "GET /tmp_hls/stream/index.m3u8 HTTP/1.1" 200 267 "http://192.168.0.102/videojs/index.html" "Mozilla/5.0 (Windows NT 10.0; Win64; x64) AppleWebKit/537.36 (KHTML, like Gecko) Chrome/134.0.0.0 Safari/537.36" "-"
192.168.0.102 - - [08/Mar/2025:01:04:39 +0530] "GET /tmp_hls/stream/1741376069013.ts HTTP/1.1" 200 1770772 "http://192.168.0.102/videojs/index.html" "Mozilla/5.0 (Windows NT 10.0; Win64; x64) AppleWebKit/537.36 (KHTML, like Gecko) Chrome/134.0.0.0 Safari/537.36" "-"
127.4.151.177 - - [08/Mar/2025:01:04:40 +0530] "GET /tmp_dash/stream/index.mpd HTTP/1.1" 200 2282 "http://extra-tcp.gl.at.ply.gg:47078/dashjs/index.html" "Mozilla/5.0 (Linux; Android 10; K) AppleWebKit/537.36 (KHTML, like Gecko) Chrome/134.0.0.0 Mobile Safari/537.36" "-"
127.4.151.177 - - [08/Mar/2025:01:04:40 +0530] "GET /tmp_dash/stream/907132.m4v HTTP/1.1" 200 1567080 "http://extra-tcp.gl.at.ply.gg:47078/dashjs/index.html" "Mozilla/5.0 (Linux; Android 10; K) AppleWebKit/537.36 (KHTML, like Gecko) Chrome/134.0.0.0 Mobile Safari/537.36" "-"
127.4.151.177 - - [08/Mar/2025:01:04:40 +0530] "GET /tmp_dash/stream/907132.m4a HTTP/1.1" 200 135917 "http://extra-tcp.gl.at.ply.gg:47078/dashjs/index.html" "Mozilla/5.0 (Linux; Android 10; K) AppleWebKit/537.36 (KHTML, like Gecko) Chrome/134.0.0.0 Mobile Safari/537.36" "-"
192.168.0.102 - - [08/Mar/2025:01:04:42 +0530] "GET /tmp_dash/stream/index.mpd HTTP/1.1" 200 2282 "http://192.168.0.102/dashjs/index.html" "Mozilla/5.0 (Windows NT 10.0; Win64; x64) AppleWebKit/537.36 (KHTML, like Gecko) Chrome/134.0.0.0 Safari/537.36" "-"
127.4.151.177 - - [08/Mar/2025:01:04:45 +0530] "GET /tmp_dash/stream/index.mpd HTTP/1.1" 200 2282 "http://extra-tcp.gl.at.ply.gg:47078/dashjs/index.html" "Mozilla/5.0 (Linux; Android 10; K) AppleWebKit/537.36 (KHTML, like Gecko) Chrome/134.0.0.0 Mobile Safari/537.36" "-"
127.4.151.177 - - [08/Mar/2025:01:04:46 +0530] "GET /tmp_dash/stream/915466.m4v HTTP/1.1" 200 1575364 "http://extra-tcp.gl.at.ply.gg:47078/dashjs/index.html" "Mozilla/5.0 (Linux; Android 10; K) AppleWebKit/537.36 (KHTML, like Gecko) Chrome/134.0.0.0 Mobile Safari/537.36" "-"
127.4.151.177 - - [08/Mar/2025:01:04:47 +0530] "GET /tmp_dash/stream/915466.m4a HTTP/1.1" 200 135738 "http://extra-tcp.gl.at.ply.gg:47078/dashjs/index.html" "Mozilla/5.0 (Linux; Android 10; K) AppleWebKit/537.36 (KHTML, like Gecko) Chrome/134.0.0.0 Mobile Safari/537.36" "-"
192.168.0.102 - - [08/Mar/2025:01:04:48 +0530] "GET /tmp_hls/stream/index.m3u8 HTTP/1.1" 200 267 "http://192.168.0.102/videojs/index.html" "Mozilla/5.0 (Windows NT 10.0; Win64; x64) AppleWebKit/537.36 (KHTML, like Gecko) Chrome/134.0.0.0 Safari/537.36" "-"
192.168.0.102 - - [08/Mar/2025:01:04:48 +0530] "GET /tmp_hls/stream/1741376077354.ts HTTP/1.1" 200 1778104 "http://192.168.0.102/videojs/index.html" "Mozilla/5.0 (Windows NT 10.0; Win64; x64) AppleWebKit/537.36 (KHTML, like Gecko) Chrome/134.0.0.0 Safari/537.36" "-"
192.168.0.102 - - [08/Mar/2025:01:04:48 +0530] "GET /tmp_dash/stream/index.mpd HTTP/1.1" 200 2282 "http://192.168.0.102/dashjs/index.html" "Mozilla/5.0 (Windows NT 10.0; Win64; x64) AppleWebKit/537.36 (KHTML, like Gecko) Chrome/134.0.0.0 Safari/537.36" "-"
127.4.151.177 - - [08/Mar/2025:01:04:50 +0530] "GET /tmp_dash/stream/index.mpd HTTP/1.1" 304 0 "http://extra-tcp.gl.at.ply.gg:47078/dashjs/index.html" "Mozilla/5.0 (Linux; Android 10; K) AppleWebKit/537.36 (KHTML, like Gecko) Chrome/134.0.0.0 Mobile Safari/537.36" "-"
192.168.0.102 - - [08/Mar/2025:01:04:53 +0530] "GET /tmp_dash/stream/index.mpd HTTP/1.1" 304 0 "http://192.168.0.102/dashjs/index.html" "Mozilla/5.0 (Windows NT 10.0; Win64; x64) AppleWebKit/537.36 (KHTML, like Gecko) Chrome/134.0.0.0 Safari/537.36" "-"
192.168.0.102 - - [08/Mar/2025:01:04:55 +0530] "GET /tmp_dash/stream/873799.m4v HTTP/1.1" 200 1575829 "http://192.168.0.102/dashjs/index.html" "Mozilla/5.0 (Windows NT 10.0; Win64; x64) AppleWebKit/537.36 (KHTML, like Gecko) Chrome/134.0.0.0 Safari/537.36" "-"
192.168.0.102 - - [08/Mar/2025:01:04:55 +0530] "GET /tmp_dash/stream/873799.m4a HTTP/1.1" 200 135783 "http://192.168.0.102/dashjs/index.html" "Mozilla/5.0 (Windows NT 10.0; Win64; x64) AppleWebKit/537.36 (KHTML, like Gecko) Chrome/134.0.0.0 Safari/537.36" "-"
192.168.0.102 - - [08/Mar/2025:01:04:55 +0530] "GET /tmp_dash/stream/882132.m4a HTTP/1.1" 200 136712 "http://192.168.0.102/dashjs/index.html" "Mozilla/5.0 (Windows NT 10.0; Win64; x64) AppleWebKit/537.36 (KHTML, like Gecko) Chrome/134.0.0.0 Safari/537.36" "-"
192.168.0.102 - - [08/Mar/2025:01:04:55 +0530] "GET /tmp_dash/stream/882132.m4v HTTP/1.1" 200 1557439 "http://192.168.0.102/dashjs/index.html" "Mozilla/5.0 (Windows NT 10.0; Win64; x64) AppleWebKit/537.36 (KHTML, like Gecko) Chrome/134.0.0.0 Safari/537.36" "-"
192.168.0.102 - - [08/Mar/2025:01:04:55 +0530] "GET /tmp_dash/stream/890466.m4a HTTP/1.1" 200 136467 "http://192.168.0.102/dashjs/index.html" "Mozilla/5.0 (Windows NT 10.0; Win64; x64) AppleWebKit/537.36 (KHTML, like Gecko) Chrome/134.0.0.0 Safari/537.36" "-"
192.168.0.102 - - [08/Mar/2025:01:04:55 +0530] "GET /tmp_dash/stream/890466.m4v HTTP/1.1" 200 1615598 "http://192.168.0.102/dashjs/index.html" "Mozilla/5.0 (Windows NT 10.0; Win64; x64) AppleWebKit/537.36 (KHTML, like Gecko) Chrome/134.0.0.0 Safari/537.36" "-"
192.168.0.102 - - [08/Mar/2025:01:04:55 +0530] "GET /tmp_dash/stream/898799.m4a HTTP/1.1" 200 135786 "http://192.168.0.102/dashjs/index.html" "Mozilla/5.0 (Windows NT 10.0; Win64; x64) AppleWebKit/537.36 (KHTML, like Gecko) Chrome/134.0.0.0 Safari/537.36" "-"
192.168.0.102 - - [08/Mar/2025:01:04:55 +0530] "GET /tmp_dash/stream/907132.m4a HTTP/1.1" 200 135917 "http://192.168.0.102/dashjs/index.html" "Mozilla/5.0 (Windows NT 10.0; Win64; x64) AppleWebKit/537.36 (KHTML, like Gecko) Chrome/134.0.0.0 Safari/537.36" "-"
192.168.0.102 - - [08/Mar/2025:01:04:55 +0530] "GET /tmp_dash/stream/898799.m4v HTTP/1.1" 200 1519847 "http://192.168.0.102/dashjs/index.html" "Mozilla/5.0 (Windows NT 10.0; Win64; x64) AppleWebKit/537.36 (KHTML, like Gecko) Chrome/134.0.0.0 Safari/537.36" "-"
192.168.0.102 - - [08/Mar/2025:01:04:55 +0530] "GET /tmp_dash/stream/915466.m4a HTTP/1.1" 200 135738 "http://192.168.0.102/dashjs/index.html" "Mozilla/5.0 (Windows NT 10.0; Win64; x64) AppleWebKit/537.36 (KHTML, like Gecko) Chrome/134.0.0.0 Safari/537.36" "-"
192.168.0.102 - - [08/Mar/2025:01:04:55 +0530] "GET /tmp_dash/stream/907132.m4v HTTP/1.1" 200 1567080 "http://192.168.0.102/dashjs/index.html" "Mozilla/5.0 (Windows NT 10.0; Win64; x64) AppleWebKit/537.36 (KHTML, like Gecko) Chrome/134.0.0.0 Safari/537.36" "-"
192.168.0.102 - - [08/Mar/2025:01:04:55 +0530] "GET /tmp_dash/stream/915466.m4v HTTP/1.1" 200 1575364 "http://192.168.0.102/dashjs/index.html" "Mozilla/5.0 (Windows NT 10.0; Win64; x64) AppleWebKit/537.36 (KHTML, like Gecko) Chrome/134.0.0.0 Safari/537.36" "-"
127.4.151.177 - - [08/Mar/2025:01:04:56 +0530] "GET /tmp_dash/stream/index.mpd HTTP/1.1" 200 2282 "http://extra-tcp.gl.at.ply.gg:47078/dashjs/index.html" "Mozilla/5.0 (Linux; Android 10; K) AppleWebKit/537.36 (KHTML, like Gecko) Chrome/134.0.0.0 Mobile Safari/537.36" "-"
127.4.151.177 - - [08/Mar/2025:01:04:56 +0530] "GET /tmp_dash/stream/923799.m4v HTTP/1.1" 200 1555614 "http://extra-tcp.gl.at.ply.gg:47078/dashjs/index.html" "Mozilla/5.0 (Linux; Android 10; K) AppleWebKit/537.36 (KHTML, like Gecko) Chrome/134.0.0.0 Mobile Safari/537.36" "-"
127.4.151.177 - - [08/Mar/2025:01:04:56 +0530] "GET /tmp_dash/stream/923799.m4a HTTP/1.1" 200 136570 "http://extra-tcp.gl.at.ply.gg:47078/dashjs/index.html" "Mozilla/5.0 (Linux; Android 10; K) AppleWebKit/537.36 (KHTML, like Gecko) Chrome/134.0.0.0 Mobile Safari/537.36" "-"
192.168.0.102 - - [08/Mar/2025:01:04:57 +0530] "GET /tmp_hls/stream/index.m3u8 HTTP/1.1" 200 267 "http://192.168.0.102/videojs/index.html" "Mozilla/5.0 (Windows NT 10.0; Win64; x64) AppleWebKit/537.36 (KHTML, like Gecko) Chrome/134.0.0.0 Safari/537.36" "-"
192.168.0.102 - - [08/Mar/2025:01:04:58 +0530] "GET /tmp_hls/stream/1741376085674.ts HTTP/1.1" 200 1760432 "http://192.168.0.102/videojs/index.html" "Mozilla/5.0 (Windows NT 10.0; Win64; x64) AppleWebKit/537.36 (KHTML, like Gecko) Chrome/134.0.0.0 Safari/537.36" "-"
192.168.0.102 - - [08/Mar/2025:01:04:58 +0530] "GET /dashjs/js/dash.all.min.js.map HTTP/1.1" 404 556 "-" "Mozilla/5.0 (Windows NT 10.0; Win64; x64) AppleWebKit/537.36 (KHTML, like Gecko) Chrome/134.0.0.0 Safari/537.36" "-"
192.168.0.102 - - [08/Mar/2025:01:04:59 +0530] "GET /dashjs/index.html HTTP/1.1" 304 0 "http://192.168.0.102/" "Mozilla/5.0 (Windows NT 10.0; Win64; x64) AppleWebKit/537.36 (KHTML, like Gecko) Chrome/134.0.0.0 Safari/537.36" "-"
