127.4.151.177 - - [08/Mar/2025:00:55:21 +0530] "GET /tmp_dash/stream/init.m4v HTTP/1.1" 200 675 "http://extra-tcp.gl.at.ply.gg:47078/dashjs/index.html" "Mozilla/5.0 (Windows NT 10.0; Win64; x64) AppleWebKit/537.36 (KHTML, like Gecko) Chrome/134.0.0.0 Safari/537.36" "-"
127.4.151.177 - - [08/Mar/2025:00:55:21 +0530] "GET /tmp_dash/stream/init.m4a HTTP/1.1" 200 599 "http://extra-tcp.gl.at.ply.gg:47078/dashjs/index.html" "Mozilla/5.0 (Windows NT 10.0; Win64; x64) AppleWebKit/537.36 (KHTML, like Gecko) Chrome/134.0.0.0 Safari/537.36" "-"
192.168.0.103 - - [08/Mar/2025:00:55:21 +0530] "GET /tmp_dash/stream/349999.m4v HTTP/1.1" 200 1616481 "http://192.168.0.102/dashjs/index.html" "Mozilla/5.0 (Linux; Android 10; K) AppleWebKit/537.36 (KHTML, like Gecko) Chrome/134.0.0.0 Mobile Safari/537.36" "-"
127.4.151.177 - - [08/Mar/2025:00:55:22 +0530] "GET /tmp_dash/stream/341666.m4a HTTP/1.1" 200 136556 "http://extra-tcp.gl.at.ply.gg:47078/dashjs/index.html" "Mozilla/5.0 (Windows NT 10.0; Win64; x64) AppleWebKit/537.36 (KHTML, like Gecko) Chrome/134.0.0.0 Safari/537.36" "-"
127.4.151.177 - - [08/Mar/2025:00:55:22 +0530] "GET /tmp_dash/stream/349999.m4a HTTP/1.1" 200 135842 "http://extra-tcp.gl.at.ply.gg:47078/dashjs/index.html" "Mozilla/5.0 (Windows NT 10.0; Win64; x64) AppleWebKit/537.36 (KHTML, like Gecko) Chrome/134.0.0.0 Safari/537.36" "-"
127.4.151.177 - - [08/Mar/2025:00:55:22 +0530] "GET /tmp_dash/stream/341666.m4v HTTP/1.1" 200 1510919 "http://extra-tcp.gl.at.ply.gg:47078/dashjs/index.html" "Mozilla/5.0 (Windows NT 10.0; Win64; x64) AppleWebKit/537.36 (KHTML, like Gecko) Chrome/134.0.0.0 Safari/537.36" "-"
127.4.151.177 - - [08/Mar/2025:00:55:23 +0530] "GET /favicon.ico HTTP/1.1" 404 556 "http://extra-tcp.gl.at.ply.gg:47078/dashjs/index.html" "Mozilla/5.0 (Windows NT 10.0; Win64; x64) AppleWebKit/537.36 (KHTML, like Gecko) Chrome/134.0.0.0 Safari/537.36" "-"
127.4.151.177 - - [08/Mar/2025:00:55:24 +0530] "GET /tmp_dash/stream/349999.m4v HTTP/1.1" 200 1616481 "http://extra-tcp.gl.at.ply.gg:47078/dashjs/index.html" "Mozilla/5.0 (Windows NT 10.0; Win64; x64) AppleWebKit/537.36 (KHTML, like Gecko) Chrome/134.0.0.0 Safari/537.36" "-"
127.0.0.1 - - [08/Mar/2025:00:55:24 +0530] "GET /tmp_hls/stream/index.m3u8 HTTP/1.1" 200 266 "http://localhost/videojs/index.html" "Mozilla/5.0 (Windows NT 10.0; Win64; x64) AppleWebKit/537.36 (KHTML, like Gecko) Chrome/134.0.0.0 Safari/537.36" "-"
127.0.0.1 - - [08/Mar/2025:00:55:25 +0530] "GET /tmp_dash/stream/index.mpd HTTP/1.1" 200 2282 "http://localhost/dashjs/index.html" "Mozilla/5.0 (Windows NT 10.0; Win64; x64) AppleWebKit/537.36 (KHTML, like Gecko) Chrome/134.0.0.0 Safari/537.36" "-"
192.168.0.102 - - [08/Mar/2025:00:55:25 +0530] "GET /tmp_dash/stream/index.mpd HTTP/1.1" 200 2282 "http://192.168.0.102/dashjs/index.html" "Mozilla/5.0 (Windows NT 10.0; Win64; x64) AppleWebKit/537.36 (KHTML, like Gecko) Chrome/134.0.0.0 Safari/537.36" "-"
192.168.0.103 - - [08/Mar/2025:00:55:25 +0530] "GET /tmp_dash/stream/index.mpd HTTP/1.1" 304 0 "http://192.168.0.102/dashjs/index.html" "Mozilla/5.0 (Linux; Android 10; K) AppleWebKit/537.36 (KHTML, like Gecko) Chrome/134.0.0.0 Mobile Safari/537.36" "-"
127.4.151.177 - - [08/Mar/2025:00:55:26 +0530] "GET /tmp_dash/stream/index.mpd HTTP/1.1" 304 0 "http://extra-tcp.gl.at.ply.gg:47078/dashjs/index.html" "Mozilla/5.0 (Windows NT 10.0; Win64; x64) AppleWebKit/537.36 (KHTML, like Gecko) Chrome/134.0.0.0 Safari/537.36" "-"
192.168.0.103 - - [08/Mar/2025:00:55:30 +0530] "GET /tmp_dash/stream/index.mpd HTTP/1.1" 200 2282 "http://192.168.0.102/dashjs/index.html" "Mozilla/5.0 (Linux; Android 10; K) AppleWebKit/537.36 (KHTML, like Gecko) Chrome/134.0.0.0 Mobile Safari/537.36" "-"
192.168.0.102 - - [08/Mar/2025:00:55:31 +0530] "GET /tmp_dash/stream/index.mpd HTTP/1.1" 200 2282 "http://192.168.0.102/dashjs/index.html" "Mozilla/5.0 (Windows NT 10.0; Win64; x64) AppleWebKit/537.36 (KHTML, like Gecko) Chrome/134.0.0.0 Safari/537.36" "-"
127.0.0.1 - - [08/Mar/2025:00:55:31 +0530] "GET /tmp_dash/stream/index.mpd HTTP/1.1" 200 2282 "http://localhost/dashjs/index.html" "Mozilla/5.0 (Windows NT 10.0; Win64; x64) AppleWebKit/537.36 (KHTML, like Gecko) Chrome/134.0.0.0 Safari/537.36" "-"
192.168.0.103 - - [08/Mar/2025:00:55:31 +0530] "GET /tmp_dash/stream/358332.m4v HTTP/1.1" 200 1521236 "http://192.168.0.102/dashjs/index.html" "Mozilla/5.0 (Linux; Android 10; K) AppleWebKit/537.36 (KHTML, like Gecko) Chrome/134.0.0.0 Mobile Safari/537.36" "-"
192.168.0.103 - - [08/Mar/2025:00:55:31 +0530] "GET /tmp_dash/stream/358332.m4a HTTP/1.1" 200 136429 "http://192.168.0.102/dashjs/index.html" "Mozilla/5.0 (Linux; Android 10; K) AppleWebKit/537.36 (KHTML, like Gecko) Chrome/134.0.0.0 Mobile Safari/537.36" "-"
127.4.151.177 - - [08/Mar/2025:00:55:31 +0530] "GET /tmp_dash/stream/index.mpd HTTP/1.1" 200 2282 "http://extra-tcp.gl.at.ply.gg:47078/dashjs/index.html" "Mozilla/5.0 (Windows NT 10.0; Win64; x64) AppleWebKit/537.36 (KHTML, like Gecko) Chrome/134.0.0.0 Safari/537.36" "-"
127.4.151.177 - - [08/Mar/2025:00:55:32 +0530] "GET /tmp_dash/stream/358332.m4v HTTP/1.1" 200 1521236 "http://extra-tcp.gl.at.ply.gg:47078/dashjs/index.html" "Mozilla/5.0 (Windows NT 10.0; Win64; x64) AppleWebKit/537.36 (KHTML, like Gecko) Chrome/134.0.0.0 Safari/537.36" "-"
127.4.151.177 - - [08/Mar/2025:00:55:32 +0530] "GET /tmp_dash/stream/358332.m4a HTTP/1.1" 200 136429 "http://extra-tcp.gl.at.ply.gg:47078/dashjs/index.html" "Mozilla/5.0 (Windows NT 10.0; Win64; x64) AppleWebKit/537.36 (KHTML, like Gecko) Chrome/134.0.0.0 Safari/537.36" "-"
127.0.0.1 - - [08/Mar/2025:00:55:33 +0530] "GET /tmp_hls/stream/index.m3u8 HTTP/1.1" 200 266 "http://localhost/videojs/index.html" "Mozilla/5.0 (Windows NT 10.0; Win64; x64) AppleWebKit/537.36 (KHTML, like Gecko) Chrome/134.0.0.0 Safari/537.36" "-"
192.168.0.103 - - [08/Mar/2025:00:55:35 +0530] "GET /tmp_dash/stream/index.mpd HTTP/1.1" 304 0 "http://192.168.0.102/dashjs/index.html" "Mozilla/5.0 (Linux; Android 10; K) AppleWebKit/537.36 (KHTML, like Gecko) Chrome/134.0.0.0 Mobile Safari/537.36" "-"
127.4.151.177 - - [08/Mar/2025:00:55:37 +0530] "GET /tmp_dash/stream/index.mpd HTTP/1.1" 200 2282 "http://extra-tcp.gl.at.ply.gg:47078/dashjs/index.html" "Mozilla/5.0 (Windows NT 10.0; Win64; x64) AppleWebKit/537.36 (KHTML, like Gecko) Chrome/134.0.0.0 Safari/537.36" "-"
192.168.0.102 - - [08/Mar/2025:00:55:37 +0530] "GET /tmp_dash/stream/index.mpd HTTP/1.1" 200 2282 "http://192.168.0.102/dashjs/index.html" "Mozilla/5.0 (Windows NT 10.0; Win64; x64) AppleWebKit/537.36 (KHTML, like Gecko) Chrome/134.0.0.0 Safari/537.36" "-"
127.0.0.1 - - [08/Mar/2025:00:55:37 +0530] "GET /tmp_dash/stream/index.mpd HTTP/1.1" 200 2282 "http://localhost/dashjs/index.html" "Mozilla/5.0 (Windows NT 10.0; Win64; x64) AppleWebKit/537.36 (KHTML, like Gecko) Chrome/134.0.0.0 Safari/537.36" "-"
127.4.151.177 - - [08/Mar/2025:00:55:37 +0530] "GET /tmp_dash/stream/366666.m4a HTTP/1.1" 200 136257 "http://extra-tcp.gl.at.ply.gg:47078/dashjs/index.html" "Mozilla/5.0 (Windows NT 10.0; Win64; x64) AppleWebKit/537.36 (KHTML, like Gecko) Chrome/134.0.0.0 Safari/537.36" "-"
127.4.151.177 - - [08/Mar/2025:00:55:38 +0530] "GET /tmp_dash/stream/366666.m4v HTTP/1.1" 200 1640624 "http://extra-tcp.gl.at.ply.gg:47078/dashjs/index.html" "Mozilla/5.0 (Windows NT 10.0; Win64; x64) AppleWebKit/537.36 (KHTML, like Gecko) Chrome/134.0.0.0 Safari/537.36" "-"
192.168.0.103 - - [08/Mar/2025:00:55:40 +0530] "GET /tmp_dash/stream/index.mpd HTTP/1.1" 200 2282 "http://192.168.0.102/dashjs/index.html" "Mozilla/5.0 (Linux; Android 10; K) AppleWebKit/537.36 (KHTML, like Gecko) Chrome/134.0.0.0 Mobile Safari/537.36" "-"
192.168.0.103 - - [08/Mar/2025:00:55:41 +0530] "GET /tmp_dash/stream/366666.m4a HTTP/1.1" 200 136257 "http://192.168.0.102/dashjs/index.html" "Mozilla/5.0 (Linux; Android 10; K) AppleWebKit/537.36 (KHTML, like Gecko) Chrome/134.0.0.0 Mobile Safari/537.36" "-"
192.168.0.103 - - [08/Mar/2025:00:55:41 +0530] "GET /tmp_dash/stream/366666.m4v HTTP/1.1" 200 1640624 "http://192.168.0.102/dashjs/index.html" "Mozilla/5.0 (Linux; Android 10; K) AppleWebKit/537.36 (KHTML, like Gecko) Chrome/134.0.0.0 Mobile Safari/537.36" "-"
127.4.151.177 - - [08/Mar/2025:00:55:42 +0530] "GET /tmp_dash/stream/index.mpd HTTP/1.1" 304 0 "http://extra-tcp.gl.at.ply.gg:47078/dashjs/index.html" "Mozilla/5.0 (Windows NT 10.0; Win64; x64) AppleWebKit/537.36 (KHTML, like Gecko) Chrome/134.0.0.0 Safari/537.36" "-"
127.0.0.1 - - [08/Mar/2025:00:55:42 +0530] "GET /tmp_hls/stream/index.m3u8 HTTP/1.1" 200 266 "http://localhost/videojs/index.html" "Mozilla/5.0 (Windows NT 10.0; Win64; x64) AppleWebKit/537.36 (KHTML, like Gecko) Chrome/134.0.0.0 Safari/537.36" "-"
192.168.0.102 - - [08/Mar/2025:00:55:43 +0530] "GET /tmp_dash/stream/index.mpd HTTP/1.1" 304 0 "http://192.168.0.102/dashjs/index.html" "Mozilla/5.0 (Windows NT 10.0; Win64; x64) AppleWebKit/537.36 (KHTML, like Gecko) Chrome/134.0.0.0 Safari/537.36" "-"
127.0.0.1 - - [08/Mar/2025:00:55:43 +0530] "GET /tmp_dash/stream/index.mpd HTTP/1.1" 304 0 "http://localhost/dashjs/index.html" "Mozilla/5.0 (Windows NT 10.0; Win64; x64) AppleWebKit/537.36 (KHTML, like Gecko) Chrome/134.0.0.0 Safari/537.36" "-"
127.4.151.177 - - [08/Mar/2025:00:55:47 +0530] "GET /tmp_dash/stream/index.mpd HTTP/1.1" 200 2282 "http://extra-tcp.gl.at.ply.gg:47078/dashjs/index.html" "Mozilla/5.0 (Windows NT 10.0; Win64; x64) AppleWebKit/537.36 (KHTML, like Gecko) Chrome/134.0.0.0 Safari/537.36" "-"
127.4.151.177 - - [08/Mar/2025:00:55:47 +0530] "GET /tmp_dash/stream/374999.m4a HTTP/1.1" 200 136808 "http://extra-tcp.gl.at.ply.gg:47078/dashjs/index.html" "Mozilla/5.0 (Windows NT 10.0; Win64; x64) AppleWebKit/537.36 (KHTML, like Gecko) Chrome/134.0.0.0 Safari/537.36" "-"
127.4.151.177 - - [08/Mar/2025:00:55:48 +0530] "GET /tmp_dash/stream/374999.m4v HTTP/1.1" 200 1509940 "http://extra-tcp.gl.at.ply.gg:47078/dashjs/index.html" "Mozilla/5.0 (Windows NT 10.0; Win64; x64) AppleWebKit/537.36 (KHTML, like Gecko) Chrome/134.0.0.0 Safari/537.36" "-"
192.168.0.102 - - [08/Mar/2025:00:55:49 +0530] "GET /tmp_dash/stream/index.mpd HTTP/1.1" 200 2282 "http://192.168.0.102/dashjs/index.html" "Mozilla/5.0 (Windows NT 10.0; Win64; x64) AppleWebKit/537.36 (KHTML, like Gecko) Chrome/134.0.0.0 Safari/537.36" "-"
127.0.0.1 - - [08/Mar/2025:00:55:49 +0530] "GET /tmp_dash/stream/index.mpd HTTP/1.1" 200 2282 "http://localhost/dashjs/index.html" "Mozilla/5.0 (Windows NT 10.0; Win64; x64) AppleWebKit/537.36 (KHTML, like Gecko) Chrome/134.0.0.0 Safari/537.36" "-"
127.0.0.1 - - [08/Mar/2025:00:55:51 +0530] "GET /tmp_hls/stream/index.m3u8 HTTP/1.1" 200 266 "http://localhost/videojs/index.html" "Mozilla/5.0 (Windows NT 10.0; Win64; x64) AppleWebKit/537.36 (KHTML, like Gecko) Chrome/134.0.0.0 Safari/537.36" "-"
127.4.151.177 - - [08/Mar/2025:00:55:52 +0530] "GET /tmp_dash/stream/index.mpd HTTP/1.1" 304 0 "http://extra-tcp.gl.at.ply.gg:47078/dashjs/index.html" "Mozilla/5.0 (Windows NT 10.0; Win64; x64) AppleWebKit/537.36 (KHTML, like Gecko) Chrome/134.0.0.0 Safari/537.36" "-"
127.4.151.177 - - [08/Mar/2025:00:55:52 +0530] "\x16\x03\x01\x07\x1F\x01\x00\x07\x1B\x03\x03\xF5)\x06\x1AG\xCBWO\xD5\xCD\xEA\xA1o\xA4\xD6U=\xDDhUH\xAD^\xC5\xDE\xE3\x05\xF4tB\xDE\x84 \x07\xAF\xC5\x89\xF1h\x04\xAB\x1C^5\xB9\x08\xBD\xA5\xCE@\xAA\xEA\xBB\x128kx\x9Dj\xA6\x18\xD4m\xDC\xAB\x00 \xCA\xCA\x13\x01\x13\x02\x13\x03\xC0+\xC0/\xC0,\xC00\xCC\xA9\xCC\xA8\xC0\x13\xC0\x14\x00\x9C\x00\x9D\x00/\x005\x01\x00\x06\xB2\x8A\x8A\x00\x00\x00" 400 158 "-" "-" "-"
127.4.151.177 - - [08/Mar/2025:00:55:52 +0530] "\x16\x03\x01\x06\xFF\x01\x00\x06\xFB\x03\x03\xDA9\xBB\xE9B" 400 158 "-" "-" "-"
127.4.151.177 - - [08/Mar/2025:00:55:53 +0530] "\x16\x03\x01\x06\xDF\x01\x00\x06\xDB\x03\x03\xFB\xAF\x16*`\xAB\xB7d$\xC2\xC7 \xB8w\x93I^A\x8A{\xE2-\xA7x\xBC<w\xA3nn&\xA3 \x9Au\xD2S\x10\xE7<$~1\x08\x8B\x8D*\xE6\x1B_\x8C~\xC33}0Op:#\xC5\xB8M\xB6k\x00 zz\x13\x01\x13\x02\x13\x03\xC0+\xC0/\xC0,\xC00\xCC\xA9\xCC\xA8\xC0\x13\xC0\x14\x00\x9C\x00\x9D\x00/\x005\x01\x00\x06r\x8A\x8A\x00\x00\x00\x05\x00\x05\x01\x00\x00\x00\x00\x00-\x00\x02\x01\x01\x00\x00\x00\x1B\x00\x19\x00\x00\x16extra-tcp.gl.at.ply.gg\xFF\x01\x00\x01\x00\x00" 400 158 "-" "-" "-"
127.4.151.177 - - [08/Mar/2025:00:55:53 +0530] "\x16\x03\x01\x07\x1F\x01\x00\x07\x1B\x03\x03z?N\x1D1\xB4\xCF\x1F\xFA\xCE\x1F\xB5\xDBw\xAEUc\x80\xE6ajl\xF8~V\x84=\xCBq\x226E \xB1ZoT\x08\x15\x90\xA4wDU*\x85\xED\xB5Y\xCC\xC5#)\xBE\x99\xB2\x1F\x8A\x85ct\xF9\xCFlF\x00 \x1A\x1A\x13\x01\x13\x02\x13\x03\xC0+\xC0/\xC0,\xC00\xCC\xA9\xCC\xA8\xC0\x13\xC0\x14\x00\x9C\x00\x9D\x00/\x005\x01\x00\x06\xB2ZZ\x00\x00\x00-\x00\x02\x01\x01\x00\x00\x00\x1B\x00\x19\x00\x00\x16extra-tcp.gl.at.ply.gg\x003\x04\xEF\x04\xED\x1A\x1A\x00\x01\x00\x11\xEC\x04\xC0\xF8\x09l\x06\xC88+H\x08\xB1\xE7\x11'\x89|\x22\x98\xA1\xEBy\xA4#\xB1)I[~+\xC2$\x9As\xA9\x0F\xF3\x14\xC5\xC9\x22*\xB5\xCA>\x04Q\xBAX\x05\xCCq_\x81" 400 158 "-" "-" "-"
127.0.0.1 - - [08/Mar/2025:00:55:55 +0530] "GET /tmp_dash/stream/index.mpd HTTP/1.1" 200 2282 "http://localhost/dashjs/index.html" "Mozilla/5.0 (Windows NT 10.0; Win64; x64) AppleWebKit/537.36 (KHTML, like Gecko) Chrome/134.0.0.0 Safari/537.36" "-"
192.168.0.102 - - [08/Mar/2025:00:55:55 +0530] "GET /tmp_dash/stream/index.mpd HTTP/1.1" 200 2282 "http://192.168.0.102/dashjs/index.html" "Mozilla/5.0 (Windows NT 10.0; Win64; x64) AppleWebKit/537.36 (KHTML, like Gecko) Chrome/134.0.0.0 Safari/537.36" "-"
127.4.151.177 - - [08/Mar/2025:00:55:56 +0530] "\x16\x03\x01\x06\xFF\x01\x00\x06\xFB\x03\x03p\x9A\xEF\x9D\xEE@\xE6/\xF3R\xE4\xDFz\xD7y\xF4t\xB9\xE9\xC4E\x8E\xBD\xA2Q\xB9\xD8$uc\xB4\x7F \xE0gL\xFCl\xDB\xDB\x5C\x9B\x8F\xFFA\xB4d\xC9" 400 158 "-" "-" "-"
127.4.151.177 - - [08/Mar/2025:00:55:56 +0530] "\x16\x03\x01\x06\xFF\x01\x00\x06\xFB\x03\x03\xB7\x16WF01\xF9\x89!1\xF4\xDD\xEF\xBE\x83" 400 158 "-" "-" "-"
127.4.151.177 - - [08/Mar/2025:00:55:56 +0530] "\x16\x03\x01\x06\xFF\x01\x00\x06\xFB\x03\x03\x97\x8FB\xC4\xC7\xC7\x1C~ya>\x86\x0B|0\x15\x9D\xF6m\xB5c\xC0[\x00\xA1\xFC\xF6\x7F\xBF\xD0Y\x10 \xE8=\x94\xF45m<\xA6\xAD\x8F\x09c\xE4T\x9C\x8B\xA4%d\x9E\xDA\x05\x89\xCF\x09\x9A_\x1D\x836\xE9\xD2\x00 \xAA\xAA\x13\x01\x13\x02\x13\x03\xC0+\xC0/\xC0,\xC00\xCC\xA9\xCC\xA8\xC0\x13\xC0\x14\x00\x9C\x00\x9D\x00/\x005\x01\x00\x06\x92\x9A\x9A\x00\x00\x00-\x00\x02\x01\x01\x00#\x00\x00\x003\x04\xEF\x04\xED\x1A\x1A\x00\x01\x00\x11\xEC\x04\xC0\xD1p8\xF4\xA4\x8B4\x93{yD\x06\x0E\x1331\xC2\x0ENp\xA3P5\x09\x1B\xC4X\xC8f(\xA9" 400 158 "-" "-" "-"
127.4.151.177 - - [08/Mar/2025:00:55:56 +0530] "\x16\x03\x01\x06\xDF\x01\x00\x06\xDB\x03\x03\x8C\xC9}\x90\x98\x86\xCE\xC3\xB8\xD5\x1B\x9F\xEBxu\xE5\x19\xE7\x1F\xF2}\xA3\xBDm0\xD7\xAE=\x8CA=\xC4 rc\xF9\x9B\xA3gq\x8C\x14\xF6m\x15,\x04\x19\x8C,\x92\x847\xEAH\xEE\xFA!\xA8C\xC9{\xDB\xC7\xE3\x00 zz\x13\x01\x13\x02\x13\x03\xC0+\xC0/\xC0,\xC00\xCC\xA9\xCC\xA8\xC0\x13\xC0\x14\x00\x9C\x00\x9D\x00/\x005\x01\x00\x06r\xDA\xDA\x00\x00\x00\x1B\x00\x03\x02\x00\x02\x00" 400 158 "-" "-" "-"
127.4.151.177 - - [08/Mar/2025:00:55:57 +0530] "GET /tmp_dash/stream/index.mpd HTTP/1.1" 200 2282 "http://extra-tcp.gl.at.ply.gg:47078/dashjs/index.html" "Mozilla/5.0 (Windows NT 10.0; Win64; x64) AppleWebKit/537.36 (KHTML, like Gecko) Chrome/134.0.0.0 Safari/537.36" "-"
127.4.151.177 - - [08/Mar/2025:00:55:58 +0530] "GET /tmp_dash/stream/383332.m4v HTTP/1.1" 200 1548262 "http://extra-tcp.gl.at.ply.gg:47078/dashjs/index.html" "Mozilla/5.0 (Windows NT 10.0; Win64; x64) AppleWebKit/537.36 (KHTML, like Gecko) Chrome/134.0.0.0 Safari/537.36" "-"
127.4.151.177 - - [08/Mar/2025:00:55:58 +0530] "GET /tmp_dash/stream/383332.m4a HTTP/1.1" 200 138158 "http://extra-tcp.gl.at.ply.gg:47078/dashjs/index.html" "Mozilla/5.0 (Windows NT 10.0; Win64; x64) AppleWebKit/537.36 (KHTML, like Gecko) Chrome/134.0.0.0 Safari/537.36" "-"
127.0.0.1 - - [08/Mar/2025:00:56:00 +0530] "GET /tmp_hls/stream/index.m3u8 HTTP/1.1" 200 266 "http://localhost/videojs/index.html" "Mozilla/5.0 (Windows NT 10.0; Win64; x64) AppleWebKit/537.36 (KHTML, like Gecko) Chrome/134.0.0.0 Safari/537.36" "-"
127.0.0.1 - - [08/Mar/2025:00:56:01 +0530] "GET /tmp_dash/stream/index.mpd HTTP/1.1" 304 0 "http://localhost/dashjs/index.html" "Mozilla/5.0 (Windows NT 10.0; Win64; x64) AppleWebKit/537.36 (KHTML, like Gecko) Chrome/134.0.0.0 Safari/537.36" "-"
192.168.0.102 - - [08/Mar/2025:00:56:01 +0530] "GET /tmp_dash/stream/index.mpd HTTP/1.1" 304 0 "http://192.168.0.102/dashjs/index.html" "Mozilla/5.0 (Windows NT 10.0; Win64; x64) AppleWebKit/537.36 (KHTML, like Gecko) Chrome/134.0.0.0 Safari/537.36" "-"
127.4.151.177 - - [08/Mar/2025:00:56:03 +0530] "GET /tmp_dash/stream/index.mpd HTTP/1.1" 200 2282 "http://extra-tcp.gl.at.ply.gg:47078/dashjs/index.html" "Mozilla/5.0 (Windows NT 10.0; Win64; x64) AppleWebKit/537.36 (KHTML, like Gecko) Chrome/134.0.0.0 Safari/537.36" "-"
127.4.151.177 - - [08/Mar/2025:00:56:03 +0530] "GET /tmp_dash/stream/391666.m4a HTTP/1.1" 200 137411 "http://extra-tcp.gl.at.ply.gg:47078/dashjs/index.html" "Mozilla/5.0 (Windows NT 10.0; Win64; x64) AppleWebKit/537.36 (KHTML, like Gecko) Chrome/134.0.0.0 Safari/537.36" "-"
127.4.151.177 - - [08/Mar/2025:00:56:04 +0530] "GET /tmp_dash/stream/391666.m4v HTTP/1.1" 200 1567482 "http://extra-tcp.gl.at.ply.gg:47078/dashjs/index.html" "Mozilla/5.0 (Windows NT 10.0; Win64; x64) AppleWebKit/537.36 (KHTML, like Gecko) Chrome/134.0.0.0 Safari/537.36" "-"
127.4.151.177 - - [08/Mar/2025:00:56:06 +0530] "\x16\x03\x01\x06\xDF\x01\x00\x06\xDB\x03\x03~\xC3\x83\x88\xCD\xFC=\xA1\x080M\x1B6\xA2#\xC8%\xB4V\xC2!-a/\xD2\xCF\xE9v\xC4\xA8\x1F\x98 \x8E\x12\xA8\xAF\xBF\xCB\xE1\x9D\x08\x92>X}\xD8\xE3H\x04{D9\xCF\xD2\x8B\x01\x82\xBBu\x9C~\x9FV\xD5\x00 ZZ\x13\x01\x13\x02\x13\x03\xC0+\xC0/\xC0,\xC00\xCC\xA9\xCC\xA8\xC0\x13\xC0\x14\x00\x9C\x00\x9D\x00/\x005\x01\x00\x06rJJ\x00\x00\x00\x0B\x00\x02\x01\x00\x00-\x00\x02\x01\x01\x00\x00\x00\x1B\x00\x19\x00\x00\x16extra-tcp.gl.at.ply.gg\x00\x17\x00\x00\x00#\x00\x00\x00" 400 158 "-" "-" "-"
127.4.151.177 - - [08/Mar/2025:00:56:06 +0530] "\x16\x03\x01\x07\x1F\x01\x00\x07\x1B\x03\x03\x9AH\xD1\xBA\xE6)\xD4\xCE f\x16\x13\xA0\xA7\x0E\x81\xB7\xBE\xF4\xB6b\xE8y\xDA\x85tv\xEAo\xB3N\xFD \xD9\x8C(g-%\xF3\x9EJ'\xC2\xAD\xE4Y\xD4\xF7\xD6\x0E\x81\x0C\x85\x85-O\x1FL\xDC\xCA\xB7\x22\x1B8\x00 \x1A\x1A\x13\x01\x13\x02\x13\x03\xC0+\xC0/\xC0,\xC00\xCC\xA9\xCC\xA8\xC0\x13\xC0\x14\x00\x9C\x00\x9D\x00/\x005\x01\x00\x06\xB2\x9A\x9A\x00\x00\x00\x1B\x00\x03\x02\x00\x02\x003\x04\xEF\x04\xED\x8A\x8A\x00\x01\x00\x11\xEC\x04\xC0\xF0\x97\xB73\x98W\x98\xB8\x18S)\xA9Cz\xCA\xF34q\x84\xA4\xA1\xED\xE1\x16\xE0\xC3\x03\xFBS\x8EV\x9ASV\xA7%\xF8I\x7Fy!\x0E\x8C\xB6\x87\xA7\xE8M\xC7\x98Ap\xF1\x15\xA0\xECR8R\xA6\xE3\xE3(\xB9\xAC\xC9H;\x8C\xB8j&LV\x86\x87V=\x1FB\xAFo\x06\x92\xF7\x82TJD6\x8F&4\xF1\x19\x8D\x88\x99\x08\xD7\xF4U,\xC3\xC2\xF0D\x16\xF1\xB5\x04\x0B\xD5\x8C" 400 158 "-" "-" "-"
127.4.151.177 - - [08/Mar/2025:00:56:07 +0530] "\x16\x03\x01\x07\x1F\x01\x00\x07\x1B\x03\x03\xBF\xB4]\xE2$>\xD3\xBA\xEC\xA3/\x061\xDB\xD1\xA2\xA6\x1A\xA9e\x00WK\x84\x85\xD0\xD8K\xC5pg. \xE1\xCD\x8F\xA4\xA9\x12\x1Bpu\xD7\xCA)W\xD0oQ\xB3W\xA1S\xAA*%\x0C\xBF\xBD\xD9\xB70%\x1C\xBD\x00 ::\x13\x01\x13\x02\x13\x03\xC0+\xC0/\xC0,\xC00\xCC\xA9\xCC\xA8\xC0\x13\xC0\x14\x00\x9C\x00\x9D\x00/\x005\x01\x00\x06\xB2\x1A\x1A\x00\x00\x00\x12\x00\x00\x00" 400 158 "-" "-" "-"
127.4.151.177 - - [08/Mar/2025:00:56:07 +0530] "\x16\x03\x01\x06\xDF\x01\x00\x06\xDB\x03\x03\xBA\x1F\x9A\x7F0b\xA6\x7F\xB3\xD9\xACm\xC7\xBE\xE5\xFE@\xE4J\x0C\x1E\xA8h\x9CU\xE4{=\xBCPX\x06 v3n\xDA\xCA\x8E\x19\xC5%\xED\xFF~\xFF\xE4\x98\x889\xCD5\x89\xE7[\xD7\xAC'\xFDq['\xD4Z\x1D\x00 \x8A\x8A\x13\x01\x13\x02\x13\x03\xC0+\xC0/\xC0,\xC00\xCC\xA9\xCC\xA8\xC0\x13\xC0\x14\x00\x9C\x00\x9D\x00/\x005\x01\x00\x06r" 400 158 "-" "-" "-"
192.168.0.102 - - [08/Mar/2025:00:56:07 +0530] "GET /tmp_dash/stream/index.mpd HTTP/1.1" 200 2282 "http://192.168.0.102/dashjs/index.html" "Mozilla/5.0 (Windows NT 10.0; Win64; x64) AppleWebKit/537.36 (KHTML, like Gecko) Chrome/134.0.0.0 Safari/537.36" "-"
127.0.0.1 - - [08/Mar/2025:00:56:07 +0530] "GET /tmp_dash/stream/index.mpd HTTP/1.1" 200 2282 "http://localhost/dashjs/index.html" "Mozilla/5.0 (Windows NT 10.0; Win64; x64) AppleWebKit/537.36 (KHTML, like Gecko) Chrome/134.0.0.0 Safari/537.36" "-"
127.4.151.177 - - [08/Mar/2025:00:56:08 +0530] "GET /tmp_dash/stream/index.mpd HTTP/1.1" 304 0 "http://extra-tcp.gl.at.ply.gg:47078/dashjs/index.html" "Mozilla/5.0 (Windows NT 10.0; Win64; x64) AppleWebKit/537.36 (KHTML, like Gecko) Chrome/134.0.0.0 Safari/537.36" "-"
127.4.151.177 - - [08/Mar/2025:00:56:09 +0530] "\x16\x03\x01\x06\xDF\x01\x00\x06\xDB\x03\x03\xF0\x13\xD4\xFD\x9BY\xE2>\x90\xB0\xA3\x9E\x8B\xC2\x8AFMW\x16%j\xC7\x02y" 400 158 "-" "-" "-"
127.4.151.177 - - [08/Mar/2025:00:56:09 +0530] "\x16\x03\x01\x06\xDF\x01\x00\x06\xDB\x03\x03F\x18\xA6B\xA3j\x09\x1D\xAAV\x8D*\xAD\xE5\xEF\xD23\xE6\xD0+\xE4\xD0Ns=\xC9\xFA\xFF\xBC3:G \x14\x14\xB4c\xCF\xA2=\xD1\xF6<\x08\xC3'p\x99\xD7\x87#\xFD\x82\xC2&\xC6\x9A\xFF\xDF\xFCGW\xA1\x0F\x85\x00 \x8A\x8A\x13\x01\x13\x02\x13\x03\xC0+\xC0/\xC0,\xC00\xCC\xA9\xCC\xA8\xC0\x13\xC0\x14\x00\x9C\x00\x9D\x00/\x005\x01\x00\x06rJJ\x00\x00\x00\x17\x00\x00\x00\x10\x00\x0E\x00\x0C\x02h2\x08http/1.1\x00\x1B\x00\x03\x02\x00\x02\x00\x05\x00\x05\x01\x00\x00\x00\x00\x00+\x00\x07\x06JJ\x03\x04\x03\x03\xFF\x01\x00\x01\x00D\xCD\x00\x05\x00\x03\x02h2\x00#\x00\x00\x00\x0B\x00\x02\x01\x00\x00" 400 158 "-" "-" "-"
127.0.0.1 - - [08/Mar/2025:00:56:09 +0530] "GET /tmp_hls/stream/index.m3u8 HTTP/1.1" 200 266 "http://localhost/videojs/index.html" "Mozilla/5.0 (Windows NT 10.0; Win64; x64) AppleWebKit/537.36 (KHTML, like Gecko) Chrome/134.0.0.0 Safari/537.36" "-"
127.4.151.177 - - [08/Mar/2025:00:56:09 +0530] "\x16\x03\x01\x07\x1F\x01\x00\x07\x1B\x03\x032G+|\xC1\xBC\x7F\xE4T\xA1k\xBD\xF1h\x10|\xE7\x12c\xF2\xDE\xDA\xFFQm\x9C8\xDC[d\xC7\x0F \xB1\xC0\xF3\x87~\xBF\xBD\x98\x07@\xFF\xEEU.\xC1%W\xD5\xFC\xEDe\x00TH\x91\x7FS\x17@\x00\x1D\x14\x00 **\x13\x01\x13\x02\x13\x03\xC0+\xC0/\xC0,\xC00\xCC\xA9\xCC\xA8\xC0\x13\xC0\x14\x00\x9C\x00\x9D\x00/\x005\x01\x00\x06\xB2::\x00\x00\x00\x0B\x00\x02\x01\x00\x00\x17\x00\x00\x00\x10\x00\x0E\x00\x0C\x02h2\x08http/1.1\x00\x00\x00\x1B\x00\x19\x00\x00\x16extra-tcp.gl.at.ply.gg\x003\x04\xEF\x04\xEDZZ\x00\x01\x00\x11\xEC\x04\xC0&\xEC" 400 158 "-" "-" "-"
127.4.151.177 - - [08/Mar/2025:00:56:09 +0530] "\x16\x03\x01\x06\xDF\x01\x00\x06\xDB\x03\x03\x1E\xA8\xEEOE\xF7\xDB\xAF\xB1\xFD\x15\xA6\xC3\xB0;\xCBC\xB7\xA8\x0C\x1D\x07\xF2v\xE1\xAB\x99\xA7\x85}k\xAE >\xD3\x94~\x1C\xA7\xEE\x81\xC6v/\xA3\xA5\xC8\xFE\x9C\xA8\x02\xA5\xF8E\x14\x1Cz]\xE1\xB6\xCE3\x97O\x1C\x00 ZZ\x13\x01\x13\x02\x13\x03\xC0+\xC0/\xC0,\xC00\xCC\xA9\xCC\xA8\xC0\x13\xC0\x14\x00\x9C\x00\x9D\x00/\x005\x01\x00\x06r\x8A\x8A\x00\x00\x00\x12\x00\x00\x00\x1B\x00\x03\x02\x00\x02\x00\x10\x00\x0E\x00\x0C\x02h2\x08http/1.1\x00" 400 158 "-" "-" "-"
127.0.0.1 - - [08/Mar/2025:00:56:13 +0530] "GET /tmp_dash/stream/index.mpd HTTP/1.1" 200 2282 "http://localhost/dashjs/index.html" "Mozilla/5.0 (Windows NT 10.0; Win64; x64) AppleWebKit/537.36 (KHTML, like Gecko) Chrome/134.0.0.0 Safari/537.36" "-"
192.168.0.102 - - [08/Mar/2025:00:56:13 +0530] "GET /tmp_dash/stream/index.mpd HTTP/1.1" 200 2282 "http://192.168.0.102/dashjs/index.html" "Mozilla/5.0 (Windows NT 10.0; Win64; x64) AppleWebKit/537.36 (KHTML, like Gecko) Chrome/134.0.0.0 Safari/537.36" "-"
127.4.151.177 - - [08/Mar/2025:00:56:13 +0530] "GET /tmp_dash/stream/index.mpd HTTP/1.1" 200 2282 "http://extra-tcp.gl.at.ply.gg:47078/dashjs/index.html" "Mozilla/5.0 (Windows NT 10.0; Win64; x64) AppleWebKit/537.36 (KHTML, like Gecko) Chrome/134.0.0.0 Safari/537.36" "-"
127.4.151.177 - - [08/Mar/2025:00:56:14 +0530] "GET /tmp_dash/stream/399999.m4a HTTP/1.1" 200 137242 "http://extra-tcp.gl.at.ply.gg:47078/dashjs/index.html" "Mozilla/5.0 (Windows NT 10.0; Win64; x64) AppleWebKit/537.36 (KHTML, like Gecko) Chrome/134.0.0.0 Safari/537.36" "-"
127.4.151.177 - - [08/Mar/2025:00:56:14 +0530] "GET /tmp_dash/stream/399999.m4v HTTP/1.1" 200 1620060 "http://extra-tcp.gl.at.ply.gg:47078/dashjs/index.html" "Mozilla/5.0 (Windows NT 10.0; Win64; x64) AppleWebKit/537.36 (KHTML, like Gecko) Chrome/134.0.0.0 Safari/537.36" "-"
127.4.151.177 - - [08/Mar/2025:00:56:18 +0530] "GET /tmp_dash/stream/index.mpd HTTP/1.1" 200 2282 "http://extra-tcp.gl.at.ply.gg:47078/dashjs/index.html" "Mozilla/5.0 (Windows NT 10.0; Win64; x64) AppleWebKit/537.36 (KHTML, like Gecko) Chrome/134.0.0.0 Safari/537.36" "-"
127.0.0.1 - - [08/Mar/2025:00:56:18 +0530] "GET /tmp_hls/stream/index.m3u8 HTTP/1.1" 200 266 "http://localhost/videojs/index.html" "Mozilla/5.0 (Windows NT 10.0; Win64; x64) AppleWebKit/537.36 (KHTML, like Gecko) Chrome/134.0.0.0 Safari/537.36" "-"
127.4.151.177 - - [08/Mar/2025:00:56:19 +0530] "GET /tmp_dash/stream/408332.m4a HTTP/1.1" 200 137847 "http://extra-tcp.gl.at.ply.gg:47078/dashjs/index.html" "Mozilla/5.0 (Windows NT 10.0; Win64; x64) AppleWebKit/537.36 (KHTML, like Gecko) Chrome/134.0.0.0 Safari/537.36" "-"
192.168.0.102 - - [08/Mar/2025:00:56:19 +0530] "GET /tmp_dash/stream/index.mpd HTTP/1.1" 200 2282 "http://192.168.0.102/dashjs/index.html" "Mozilla/5.0 (Windows NT 10.0; Win64; x64) AppleWebKit/537.36 (KHTML, like Gecko) Chrome/134.0.0.0 Safari/537.36" "-"
127.0.0.1 - - [08/Mar/2025:00:56:19 +0530] "GET /tmp_dash/stream/index.mpd HTTP/1.1" 200 2282 "http://localhost/dashjs/index.html" "Mozilla/5.0 (Windows NT 10.0; Win64; x64) AppleWebKit/537.36 (KHTML, like Gecko) Chrome/134.0.0.0 Safari/537.36" "-"
127.4.151.177 - - [08/Mar/2025:00:56:20 +0530] "GET /tmp_dash/stream/408332.m4v HTTP/1.1" 200 1516635 "http://extra-tcp.gl.at.ply.gg:47078/dashjs/index.html" "Mozilla/5.0 (Windows NT 10.0; Win64; x64) AppleWebKit/537.36 (KHTML, like Gecko) Chrome/134.0.0.0 Safari/537.36" "-"
127.4.151.177 - - [08/Mar/2025:00:56:24 +0530] "GET /tmp_dash/stream/index.mpd HTTP/1.1" 304 0 "http://extra-tcp.gl.at.ply.gg:47078/dashjs/index.html" "Mozilla/5.0 (Windows NT 10.0; Win64; x64) AppleWebKit/537.36 (KHTML, like Gecko) Chrome/134.0.0.0 Safari/537.36" "-"
127.0.0.1 - - [08/Mar/2025:00:56:25 +0530] "GET /tmp_dash/stream/index.mpd HTTP/1.1" 304 0 "http://localhost/dashjs/index.html" "Mozilla/5.0 (Windows NT 10.0; Win64; x64) AppleWebKit/537.36 (KHTML, like Gecko) Chrome/134.0.0.0 Safari/537.36" "-"
192.168.0.102 - - [08/Mar/2025:00:56:25 +0530] "GET /tmp_dash/stream/index.mpd HTTP/1.1" 304 0 "http://192.168.0.102/dashjs/index.html" "Mozilla/5.0 (Windows NT 10.0; Win64; x64) AppleWebKit/537.36 (KHTML, like Gecko) Chrome/134.0.0.0 Safari/537.36" "-"
127.0.0.1 - - [08/Mar/2025:00:56:27 +0530] "GET /tmp_hls/stream/index.m3u8 HTTP/1.1" 200 266 "http://localhost/videojs/index.html" "Mozilla/5.0 (Windows NT 10.0; Win64; x64) AppleWebKit/537.36 (KHTML, like Gecko) Chrome/134.0.0.0 Safari/537.36" "-"
127.4.151.177 - - [08/Mar/2025:00:56:29 +0530] "GET /tmp_dash/stream/index.mpd HTTP/1.1" 200 2282 "http://extra-tcp.gl.at.ply.gg:47078/dashjs/index.html" "Mozilla/5.0 (Windows NT 10.0; Win64; x64) AppleWebKit/537.36 (KHTML, like Gecko) Chrome/134.0.0.0 Safari/537.36" "-"
127.4.151.177 - - [08/Mar/2025:00:56:29 +0530] "GET /tmp_dash/stream/416666.m4v HTTP/1.1" 200 1577547 "http://extra-tcp.gl.at.ply.gg:47078/dashjs/index.html" "Mozilla/5.0 (Windows NT 10.0; Win64; x64) AppleWebKit/537.36 (KHTML, like Gecko) Chrome/134.0.0.0 Safari/537.36" "-"
127.4.151.177 - - [08/Mar/2025:00:56:30 +0530] "GET /tmp_dash/stream/416666.m4a HTTP/1.1" 200 137154 "http://extra-tcp.gl.at.ply.gg:47078/dashjs/index.html" "Mozilla/5.0 (Windows NT 10.0; Win64; x64) AppleWebKit/537.36 (KHTML, like Gecko) Chrome/134.0.0.0 Safari/537.36" "-"
127.4.151.177 - - [08/Mar/2025:00:56:30 +0530] "\x16\x03\x01\x06\xDF\x01\x00\x06\xDB\x03\x03^\xDD\x17\xA9\xE9\xC5\xCBn?\xCBsN\xFBR\x94H\x82\xCFk&\x99X#\xB3\x83" 400 158 "-" "-" "-"
127.4.151.177 - - [08/Mar/2025:00:56:30 +0530] "\x16\x03\x01\x07\x1F\x01\x00\x07\x1B\x03\x03/\xD0n\xB0'\xF8\xF9e\xF9w(\x18Mr@\x9E\xA9\x9Ao\x14d\xAC\xE0m\xF6$\x19\x0BY\xDCu\xAF \xEB\x0B\x0B^\xAE\xC63\xFE\xED\x0C\xFF\xA2!F\x08[~\x99\xFF\x9C\xE1\x22v\xE8\x01\x108\xCE\x91\x22[\xF6\x00 \xCA\xCA\x13\x01\x13\x02\x13\x03\xC0+\xC0/\xC0,\xC00\xCC\xA9\xCC\xA8\xC0\x13\xC0\x14\x00\x9C\x00\x9D\x00/\x005\x01\x00\x06\xB2ZZ\x00\x00\x003\x04\xEF\x04\xED\x1A\x1A\x00\x01\x00\x11\xEC\x04\xC0\xC2\xB4&\x03\xACp\xB7\xCBc`\x1C\x11\xA3\xC7\x88\xCD\x96\x9A\x84\x8BQ-\xAB\xCB*\x13\x12\xDB\xB8\xB4p\x17\xC4\xB0\xC5\xCE_\xDC\x8A\xF0\xF5x:l\xABpk\xA6\xE8\xF4\x83\x9F\xC7=\x0C\xFB7Il\x8F\xEF;\x0Chj\x06V\x94\xAD\xB7%m\x91\xB18}\x977\x06\x80\x0C);\xA4-\x92y\xF6\xB3\xC7\xA2\x85\x00\x10\xC93\xE8h\xCA\xE6\xA6\x0CV3'\xCBF\x14X\x81d2\xEA\xB3t\x0BM\xFFxO\x12" 400 158 "-" "-" "-"
127.4.151.177 - - [08/Mar/2025:00:56:31 +0530] "\x16\x03\x01\x07\x1F\x01\x00\x07\x1B\x03\x03\xBBVG\x7FK`\xEA)\xD8b[`\x05\xA9\x0B\x97\xCC\x9C%\xD7&\xFD\x9E\x5Ci\xB9@K\x1E\x14r\xAE R\x90\x86eP\x5C\xD9\xCA\x85\xAAs#8\x14k\xDD\xFE\xE7\xBC\x0B\x19\xA8\x17\xC4te\xF7\xE1_\xE6T\xFD\x00 zz\x13\x01\x13\x02\x13\x03\xC0+\xC0/\xC0,\xC00\xCC\xA9\xCC\xA8\xC0\x13\xC0\x14\x00\x9C\x00\x9D\x00/\x005\x01\x00\x06\xB2::\x00\x00\x00" 400 158 "-" "-" "-"
192.168.0.102 - - [08/Mar/2025:00:56:31 +0530] "GET /tmp_dash/stream/index.mpd HTTP/1.1" 200 2282 "http://192.168.0.102/dashjs/index.html" "Mozilla/5.0 (Windows NT 10.0; Win64; x64) AppleWebKit/537.36 (KHTML, like Gecko) Chrome/134.0.0.0 Safari/537.36" "-"
127.4.151.177 - - [08/Mar/2025:00:56:31 +0530] "\x16\x03\x01\x06\xBF\x01\x00\x06\xBB\x03\x03B\x05[\xEF\x11=|\x1F<5%m\x91\xE9\xF4\x98{\x11p\xE8=\xBDBNEK\x9F\xF5\xD5\xC9\x86\xF2 \xA1\xB0\x8D`\x9Ar\xBCp{vsb\xBF\x94\x85\xAF\xCF\xC2\x82\xCD\xD7\x14c\x89\x1E\x1A\xE1\x83v\x00\xA2\x8E\x00 **\x13\x01\x13\x02\x13\x03\xC0+\xC0/\xC0,\xC00\xCC\xA9\xCC\xA8\xC0\x13\xC0\x14\x00\x9C\x00\x9D\x00/\x005\x01\x00\x06R\xFA\xFA\x00\x00\x00" 400 158 "-" "-" "-"
127.0.0.1 - - [08/Mar/2025:00:56:31 +0530] "GET /tmp_dash/stream/index.mpd HTTP/1.1" 200 2282 "http://localhost/dashjs/index.html" "Mozilla/5.0 (Windows NT 10.0; Win64; x64) AppleWebKit/537.36 (KHTML, like Gecko) Chrome/134.0.0.0 Safari/537.36" "-"
127.4.151.177 - - [08/Mar/2025:00:56:34 +0530] "GET /tmp_dash/stream/index.mpd HTTP/1.1" 304 0 "http://extra-tcp.gl.at.ply.gg:47078/dashjs/index.html" "Mozilla/5.0 (Windows NT 10.0; Win64; x64) AppleWebKit/537.36 (KHTML, like Gecko) Chrome/134.0.0.0 Safari/537.36" "-"
127.4.151.177 - - [08/Mar/2025:00:56:35 +0530] "\x16\x03\x01\x07\x1F\x01\x00\x07\x1B\x03\x03J\xC0\x01\x97\x9Ef\xD879\x22#\xFBS,\xEE\xA9\x84_Q\x7Fy\xBC\xAD\xA6\xFD\xD9\x19\xC1\xB3\x95\xA6\x81 e\xB6\xCEMW\xAD" 400 158 "-" "-" "-"
127.4.151.177 - - [08/Mar/2025:00:56:35 +0530] "\x16\x03\x01\x06\xBF\x01\x00\x06\xBB\x03\x03\xA1 \xDB5\x05\xAB\x14m!\xA6\x12\xC5\x8A\xB5M+\x83" 400 158 "-" "-" "-"
127.4.151.177 - - [08/Mar/2025:00:56:35 +0530] "\x16\x03\x01\x06\xDF\x01\x00\x06\xDB\x03\x030\x98\xA2\xC6\xBAe\xA2Iv\xB6\xB6iQ\x1B\xB5\xF4\x9A\x96\x9C\xA1\x0C6\xE1\xA7\xD0\x83f#\xD3\x7F\xB8\x97 \x9Bt\xE8c'5\xC8m\x90\xA3Gu\xFF\x06c\x1Am0\xAB\xD8p3b\xBF\xEF\x92\x22\xEB\xD1\xBD\x8Ez\x00 ZZ\x13\x01\x13\x02\x13\x03\xC0+\xC0/\xC0,\xC00\xCC\xA9\xCC\xA8\xC0\x13\xC0\x14\x00\x9C\x00\x9D\x00/\x005\x01\x00\x06r\x8A\x8A\x00\x00\x00#\x00\x00\x00" 400 158 "-" "-" "-"
127.0.0.1 - - [08/Mar/2025:00:56:36 +0530] "GET /tmp_hls/stream/index.m3u8 HTTP/1.1" 200 266 "http://localhost/videojs/index.html" "Mozilla/5.0 (Windows NT 10.0; Win64; x64) AppleWebKit/537.36 (KHTML, like Gecko) Chrome/134.0.0.0 Safari/537.36" "-"
192.168.0.102 - - [08/Mar/2025:00:56:37 +0530] "GET /tmp_dash/stream/index.mpd HTTP/1.1" 200 2282 "http://192.168.0.102/dashjs/index.html" "Mozilla/5.0 (Windows NT 10.0; Win64; x64) AppleWebKit/537.36 (KHTML, like Gecko) Chrome/134.0.0.0 Safari/537.36" "-"
127.0.0.1 - - [08/Mar/2025:00:56:37 +0530] "GET /tmp_dash/stream/index.mpd HTTP/1.1" 200 2282 "http://localhost/dashjs/index.html" "Mozilla/5.0 (Windows NT 10.0; Win64; x64) AppleWebKit/537.36 (KHTML, like Gecko) Chrome/134.0.0.0 Safari/537.36" "-"
127.4.151.177 - - [08/Mar/2025:00:56:39 +0530] "GET /tmp_dash/stream/index.mpd HTTP/1.1" 200 2282 "http://extra-tcp.gl.at.ply.gg:47078/dashjs/index.html" "Mozilla/5.0 (Windows NT 10.0; Win64; x64) AppleWebKit/537.36 (KHTML, like Gecko) Chrome/134.0.0.0 Safari/537.36" "-"
127.4.151.177 - - [08/Mar/2025:00:56:40 +0530] "GET /tmp_dash/stream/424999.m4v HTTP/1.1" 200 1554755 "http://extra-tcp.gl.at.ply.gg:47078/dashjs/index.html" "Mozilla/5.0 (Windows NT 10.0; Win64; x64) AppleWebKit/537.36 (KHTML, like Gecko) Chrome/134.0.0.0 Safari/537.36" "-"
127.4.151.177 - - [08/Mar/2025:00:56:40 +0530] "GET /tmp_dash/stream/424999.m4a HTTP/1.1" 200 137349 "http://extra-tcp.gl.at.ply.gg:47078/dashjs/index.html" "Mozilla/5.0 (Windows NT 10.0; Win64; x64) AppleWebKit/537.36 (KHTML, like Gecko) Chrome/134.0.0.0 Safari/537.36" "-"
192.168.0.102 - - [08/Mar/2025:00:56:43 +0530] "GET /tmp_dash/stream/index.mpd HTTP/1.1" 304 0 "http://192.168.0.102/dashjs/index.html" "Mozilla/5.0 (Windows NT 10.0; Win64; x64) AppleWebKit/537.36 (KHTML, like Gecko) Chrome/134.0.0.0 Safari/537.36" "-"
127.0.0.1 - - [08/Mar/2025:00:56:43 +0530] "GET /tmp_dash/stream/index.mpd HTTP/1.1" 304 0 "http://localhost/dashjs/index.html" "Mozilla/5.0 (Windows NT 10.0; Win64; x64) AppleWebKit/537.36 (KHTML, like Gecko) Chrome/134.0.0.0 Safari/537.36" "-"
127.4.151.177 - - [08/Mar/2025:00:56:45 +0530] "GET /tmp_dash/stream/index.mpd HTTP/1.1" 200 2282 "http://extra-tcp.gl.at.ply.gg:47078/dashjs/index.html" "Mozilla/5.0 (Windows NT 10.0; Win64; x64) AppleWebKit/537.36 (KHTML, like Gecko) Chrome/134.0.0.0 Safari/537.36" "-"
127.0.0.1 - - [08/Mar/2025:00:56:45 +0530] "GET /tmp_hls/stream/index.m3u8 HTTP/1.1" 200 266 "http://localhost/videojs/index.html" "Mozilla/5.0 (Windows NT 10.0; Win64; x64) AppleWebKit/537.36 (KHTML, like Gecko) Chrome/134.0.0.0 Safari/537.36" "-"
127.4.151.177 - - [08/Mar/2025:00:56:45 +0530] "GET /tmp_dash/stream/433332.m4a HTTP/1.1" 200 137332 "http://extra-tcp.gl.at.ply.gg:47078/dashjs/index.html" "Mozilla/5.0 (Windows NT 10.0; Win64; x64) AppleWebKit/537.36 (KHTML, like Gecko) Chrome/134.0.0.0 Safari/537.36" "-"
127.4.151.177 - - [08/Mar/2025:00:56:45 +0530] "GET /tmp_dash/stream/433332.m4v HTTP/1.1" 200 1621641 "http://extra-tcp.gl.at.ply.gg:47078/dashjs/index.html" "Mozilla/5.0 (Windows NT 10.0; Win64; x64) AppleWebKit/537.36 (KHTML, like Gecko) Chrome/134.0.0.0 Safari/537.36" "-"
192.168.0.102 - - [08/Mar/2025:00:56:49 +0530] "GET /tmp_dash/stream/index.mpd HTTP/1.1" 200 2282 "http://192.168.0.102/dashjs/index.html" "Mozilla/5.0 (Windows NT 10.0; Win64; x64) AppleWebKit/537.36 (KHTML, like Gecko) Chrome/134.0.0.0 Safari/537.36" "-"
127.0.0.1 - - [08/Mar/2025:00:56:49 +0530] "GET /tmp_dash/stream/index.mpd HTTP/1.1" 200 2282 "http://localhost/dashjs/index.html" "Mozilla/5.0 (Windows NT 10.0; Win64; x64) AppleWebKit/537.36 (KHTML, like Gecko) Chrome/134.0.0.0 Safari/537.36" "-"
127.4.151.177 - - [08/Mar/2025:00:56:50 +0530] "GET /tmp_dash/stream/index.mpd HTTP/1.1" 304 0 "http://extra-tcp.gl.at.ply.gg:47078/dashjs/index.html" "Mozilla/5.0 (Windows NT 10.0; Win64; x64) AppleWebKit/537.36 (KHTML, like Gecko) Chrome/134.0.0.0 Safari/537.36" "-"
127.4.151.177 - - [08/Mar/2025:00:56:50 +0530] "GET /tmp_dash/stream/index.mpd HTTP/1.1" 304 0 "http://extra-tcp.gl.at.ply.gg:47078/dashjs/index.html" "Mozilla/5.0 (Windows NT 10.0; Win64; x64) AppleWebKit/537.36 (KHTML, like Gecko) Chrome/134.0.0.0 Safari/537.36" "-"
127.4.151.177 - - [08/Mar/2025:00:56:50 +0530] "GET /tmp_dash/stream/init.m4v HTTP/1.1" 304 0 "http://extra-tcp.gl.at.ply.gg:47078/dashjs/index.html" "Mozilla/5.0 (Windows NT 10.0; Win64; x64) AppleWebKit/537.36 (KHTML, like Gecko) Chrome/134.0.0.0 Safari/537.36" "-"
127.4.151.177 - - [08/Mar/2025:00:56:50 +0530] "GET /tmp_dash/stream/init.m4a HTTP/1.1" 304 0 "http://extra-tcp.gl.at.ply.gg:47078/dashjs/index.html" "Mozilla/5.0 (Windows NT 10.0; Win64; x64) AppleWebKit/537.36 (KHTML, like Gecko) Chrome/134.0.0.0 Safari/537.36" "-"
127.4.151.177 - - [08/Mar/2025:00:56:50 +0530] "GET /tmp_dash/stream/424999.m4a HTTP/1.1" 304 0 "http://extra-tcp.gl.at.ply.gg:47078/dashjs/index.html" "Mozilla/5.0 (Windows NT 10.0; Win64; x64) AppleWebKit/537.36 (KHTML, like Gecko) Chrome/134.0.0.0 Safari/537.36" "-"
127.4.151.177 - - [08/Mar/2025:00:56:50 +0530] "GET /tmp_dash/stream/424999.m4v HTTP/1.1" 304 0 "http://extra-tcp.gl.at.ply.gg:47078/dashjs/index.html" "Mozilla/5.0 (Windows NT 10.0; Win64; x64) AppleWebKit/537.36 (KHTML, like Gecko) Chrome/134.0.0.0 Safari/537.36" "-"
127.4.151.177 - - [08/Mar/2025:00:56:51 +0530] "GET /tmp_dash/stream/433332.m4a HTTP/1.1" 304 0 "http://extra-tcp.gl.at.ply.gg:47078/dashjs/index.html" "Mozilla/5.0 (Windows NT 10.0; Win64; x64) AppleWebKit/537.36 (KHTML, like Gecko) Chrome/134.0.0.0 Safari/537.36" "-"
127.4.151.177 - - [08/Mar/2025:00:56:51 +0530] "GET /tmp_dash/stream/433332.m4v HTTP/1.1" 304 0 "http://extra-tcp.gl.at.ply.gg:47078/dashjs/index.html" "Mozilla/5.0 (Windows NT 10.0; Win64; x64) AppleWebKit/537.36 (KHTML, like Gecko) Chrome/134.0.0.0 Safari/537.36" "-"
127.0.0.1 - - [08/Mar/2025:00:56:54 +0530] "GET /tmp_hls/stream/index.m3u8 HTTP/1.1" 200 266 "http://localhost/videojs/index.html" "Mozilla/5.0 (Windows NT 10.0; Win64; x64) AppleWebKit/537.36 (KHTML, like Gecko) Chrome/134.0.0.0 Safari/537.36" "-"
127.0.0.1 - - [08/Mar/2025:00:56:54 +0530] "GET /tmp_dash/stream/index.mpd HTTP/1.1" 200 2282 "http://localhost/dashjs/index.html" "Mozilla/5.0 (Windows NT 10.0; Win64; x64) AppleWebKit/537.36 (KHTML, like Gecko) Chrome/134.0.0.0 Safari/537.36" "-"
192.168.0.102 - - [08/Mar/2025:00:56:55 +0530] "GET /tmp_dash/stream/index.mpd HTTP/1.1" 200 2282 "http://192.168.0.102/dashjs/index.html" "Mozilla/5.0 (Windows NT 10.0; Win64; x64) AppleWebKit/537.36 (KHTML, like Gecko) Chrome/134.0.0.0 Safari/537.36" "-"
127.4.151.177 - - [08/Mar/2025:00:56:55 +0530] "GET /tmp_dash/stream/index.mpd HTTP/1.1" 200 2282 "http://extra-tcp.gl.at.ply.gg:47078/dashjs/index.html" "Mozilla/5.0 (Windows NT 10.0; Win64; x64) AppleWebKit/537.36 (KHTML, like Gecko) Chrome/134.0.0.0 Safari/537.36" "-"
127.4.151.177 - - [08/Mar/2025:00:56:56 +0530] "GET /tmp_dash/stream/441666.m4v HTTP/1.1" 200 1506639 "http://extra-tcp.gl.at.ply.gg:47078/dashjs/index.html" "Mozilla/5.0 (Windows NT 10.0; Win64; x64) AppleWebKit/537.36 (KHTML, like Gecko) Chrome/134.0.0.0 Safari/537.36" "-"
127.4.151.177 - - [08/Mar/2025:00:56:56 +0530] "GET /tmp_dash/stream/441666.m4a HTTP/1.1" 200 137707 "http://extra-tcp.gl.at.ply.gg:47078/dashjs/index.html" "Mozilla/5.0 (Windows NT 10.0; Win64; x64) AppleWebKit/537.36 (KHTML, like Gecko) Chrome/134.0.0.0 Safari/537.36" "-"
127.0.0.1 - - [08/Mar/2025:00:57:00 +0530] "GET /tmp_dash/stream/index.mpd HTTP/1.1" 200 2282 "http://localhost/dashjs/index.html" "Mozilla/5.0 (Windows NT 10.0; Win64; x64) AppleWebKit/537.36 (KHTML, like Gecko) Chrome/134.0.0.0 Safari/537.36" "-"
127.4.151.177 - - [08/Mar/2025:00:57:00 +0530] "GET /tmp_dash/stream/index.mpd HTTP/1.1" 200 2282 "http://extra-tcp.gl.at.ply.gg:47078/dashjs/index.html" "Mozilla/5.0 (Windows NT 10.0; Win64; x64) AppleWebKit/537.36 (KHTML, like Gecko) Chrome/134.0.0.0 Safari/537.36" "-"
127.4.151.177 - - [08/Mar/2025:00:57:01 +0530] "GET /tmp_dash/stream/449999.m4a HTTP/1.1" 200 138193 "http://extra-tcp.gl.at.ply.gg:47078/dashjs/index.html" "Mozilla/5.0 (Windows NT 10.0; Win64; x64) AppleWebKit/537.36 (KHTML, like Gecko) Chrome/134.0.0.0 Safari/537.36" "-"
192.168.0.102 - - [08/Mar/2025:00:57:01 +0530] "GET /tmp_dash/stream/index.mpd HTTP/1.1" 200 2282 "http://192.168.0.102/dashjs/index.html" "Mozilla/5.0 (Windows NT 10.0; Win64; x64) AppleWebKit/537.36 (KHTML, like Gecko) Chrome/134.0.0.0 Safari/537.36" "-"
127.4.151.177 - - [08/Mar/2025:00:57:01 +0530] "GET /tmp_dash/stream/449999.m4v HTTP/1.1" 200 1575034 "http://extra-tcp.gl.at.ply.gg:47078/dashjs/index.html" "Mozilla/5.0 (Windows NT 10.0; Win64; x64) AppleWebKit/537.36 (KHTML, like Gecko) Chrome/134.0.0.0 Safari/537.36" "-"
127.4.151.177 - - [08/Mar/2025:00:57:01 +0530] "GET /dashjs/index.html HTTP/1.1" 304 0 "-" "Mozilla/5.0 (Windows NT 10.0; Win64; x64) AppleWebKit/537.36 (KHTML, like Gecko) Chrome/134.0.0.0 Safari/537.36" "-"
127.4.151.177 - - [08/Mar/2025:00:57:02 +0530] "GET /dashjs/js/dash.all.min.js HTTP/1.1" 304 0 "http://extra-tcp.gl.at.ply.gg:47078/dashjs/index.html" "Mozilla/5.0 (Windows NT 10.0; Win64; x64) AppleWebKit/537.36 (KHTML, like Gecko) Chrome/134.0.0.0 Safari/537.36" "-"
127.4.151.177 - - [08/Mar/2025:00:57:02 +0530] "GET /tmp_dash/stream/index.mpd HTTP/1.1" 304 0 "http://extra-tcp.gl.at.ply.gg:47078/dashjs/index.html" "Mozilla/5.0 (Windows NT 10.0; Win64; x64) AppleWebKit/537.36 (KHTML, like Gecko) Chrome/134.0.0.0 Safari/537.36" "-"
127.4.151.177 - - [08/Mar/2025:00:57:02 +0530] "GET /tmp_dash/stream/init.m4v HTTP/1.1" 304 0 "http://extra-tcp.gl.at.ply.gg:47078/dashjs/index.html" "Mozilla/5.0 (Windows NT 10.0; Win64; x64) AppleWebKit/537.36 (KHTML, like Gecko) Chrome/134.0.0.0 Safari/537.36" "-"
127.4.151.177 - - [08/Mar/2025:00:57:02 +0530] "GET /tmp_dash/stream/441666.m4v HTTP/1.1" 304 0 "http://extra-tcp.gl.at.ply.gg:47078/dashjs/index.html" "Mozilla/5.0 (Windows NT 10.0; Win64; x64) AppleWebKit/537.36 (KHTML, like Gecko) Chrome/134.0.0.0 Safari/537.36" "-"
127.4.151.177 - - [08/Mar/2025:00:57:02 +0530] "GET /tmp_dash/stream/449999.m4v HTTP/1.1" 304 0 "http://extra-tcp.gl.at.ply.gg:47078/dashjs/index.html" "Mozilla/5.0 (Windows NT 10.0; Win64; x64) AppleWebKit/537.36 (KHTML, like Gecko) Chrome/134.0.0.0 Safari/537.36" "-"
127.4.151.177 - - [08/Mar/2025:00:57:02 +0530] "GET /tmp_dash/stream/init.m4a HTTP/1.1" 304 0 "http://extra-tcp.gl.at.ply.gg:47078/dashjs/index.html" "Mozilla/5.0 (Windows NT 10.0; Win64; x64) AppleWebKit/537.36 (KHTML, like Gecko) Chrome/134.0.0.0 Safari/537.36" "-"
127.4.151.177 - - [08/Mar/2025:00:57:03 +0530] "GET /tmp_dash/stream/441666.m4a HTTP/1.1" 304 0 "http://extra-tcp.gl.at.ply.gg:47078/dashjs/index.html" "Mozilla/5.0 (Windows NT 10.0; Win64; x64) AppleWebKit/537.36 (KHTML, like Gecko) Chrome/134.0.0.0 Safari/537.36" "-"
127.4.151.177 - - [08/Mar/2025:00:57:03 +0530] "GET /tmp_dash/stream/449999.m4a HTTP/1.1" 304 0 "http://extra-tcp.gl.at.ply.gg:47078/dashjs/index.html" "Mozilla/5.0 (Windows NT 10.0; Win64; x64) AppleWebKit/537.36 (KHTML, like Gecko) Chrome/134.0.0.0 Safari/537.36" "-"
127.0.0.1 - - [08/Mar/2025:00:57:03 +0530] "GET /tmp_hls/stream/index.m3u8 HTTP/1.1" 200 266 "http://localhost/videojs/index.html" "Mozilla/5.0 (Windows NT 10.0; Win64; x64) AppleWebKit/537.36 (KHTML, like Gecko) Chrome/134.0.0.0 Safari/537.36" "-"
127.0.0.1 - - [08/Mar/2025:00:57:05 +0530] "GET /tmp_dash/stream/index.mpd HTTP/1.1" 304 0 "http://localhost/dashjs/index.html" "Mozilla/5.0 (Windows NT 10.0; Win64; x64) AppleWebKit/537.36 (KHTML, like Gecko) Chrome/134.0.0.0 Safari/537.36" "-"
127.4.151.177 - - [08/Mar/2025:00:57:05 +0530] "GET /tmp_dash/stream/index.mpd HTTP/1.1" 304 0 "http://extra-tcp.gl.at.ply.gg:47078/dashjs/index.html" "Mozilla/5.0 (Windows NT 10.0; Win64; x64) AppleWebKit/537.36 (KHTML, like Gecko) Chrome/134.0.0.0 Safari/537.36" "-"
192.168.0.102 - - [08/Mar/2025:00:57:07 +0530] "GET /tmp_dash/stream/index.mpd HTTP/1.1" 304 0 "http://192.168.0.102/dashjs/index.html" "Mozilla/5.0 (Windows NT 10.0; Win64; x64) AppleWebKit/537.36 (KHTML, like Gecko) Chrome/134.0.0.0 Safari/537.36" "-"
127.4.151.177 - - [08/Mar/2025:00:57:09 +0530] "\x16\x03\x01\x07\x1F\x01\x00\x07\x1B\x03\x03\x18\xDB4\x92\x9D\xD2>xL+|\x1D\xEB\xDA?\xB5\xC3\xD5@\x8B\x82\x5C\x0E\xF9\xC1Dk\xDA!g\x1D\xC8 \x09\xA4e^\xD1\xF8\xD3&\xC1\x0F\xC8\xC0\x90\x04\x8ES\x1EP\xDA\xE6\x9C}]\xA2\x22\x9C+\xDC\xFC\xED\xAC7\x00 \x9A\x9A\x13\x01\x13\x02\x13\x03\xC0+\xC0/\xC0,\xC00\xCC\xA9\xCC\xA8\xC0\x13\xC0\x14\x00\x9C\x00\x9D\x00/\x005\x01\x00\x06\xB2\xBA\xBA\x00\x00\x003\x04\xEF\x04\xED**\x00\x01\x00\x11\xEC\x04\xC0O|e(`\x02\xE7QhrG\x89\x12\x05!/x\xAFZtr>l\x93q\x99\x18g|\x84b\x83\xA9\xBD2\xB2\x0B\xD0\x1E\x8B\x06\xBD'\xDC\x07-\x8C'\xF5wU\xB3\x01w\x95\x5C\x118$\xB7\xB2\xC0\x8D\xA5\xF9k\xB6\xF3m\x12uD\x9C," 400 158 "-" "-" "-"
127.4.151.177 - - [08/Mar/2025:00:57:09 +0530] "\x16\x03\x01\x06\xFF\x01\x00\x06\xFB\x03\x03\xA3&\xF9\x12K\xC9\x01h\xB0n\xA9\x1A\x0E\x7F\xBBA\xD5 \x7F\xB83rX\xC5t\xE9\x97f\xB7\x9C6| \xA0\x9B\x9Cy\xF9\x80\xB8\xF9\xD3\xF3I\xC3S\xBC\x85 \xBF\xD8\xF9\x10\x1B\xE6\x1Ee`+j\x80U\xA8\xC3\x09\x00 \xFA\xFA\x13\x01\x13\x02\x13\x03\xC0+\xC0/\xC0,\xC00\xCC\xA9\xCC\xA8\xC0\x13\xC0\x14\x00\x9C\x00\x9D\x00/\x005\x01\x00\x06\x92\xAA\xAA\x00\x00\x00\x12\x00\x00\x00#\x00\x00\x00" 400 158 "-" "-" "-"
127.4.151.177 - - [08/Mar/2025:00:57:10 +0530] "\x16\x03\x01\x06\xFF\x01\x00\x06\xFB\x03\x03\x9D\xE0es\x14c\xF3\x10)f_\xBD\x22\xE8\xB8p/v\x0E\xF0\xA5Vu\x91*\xA7?\x88\x93\x19\xBA\x5C eKkn\xC5g\x15\xB8\xB9\xF4\xC6\x1BZZ/\xA5\xDB\x99\xDC\xC8\xF1\xD9\x9B\xC0\x15\xFC\xA3\x5C\x95\x98\xD2E\x00 zz\x13\x01\x13\x02\x13\x03\xC0+\xC0/\xC0,\xC00\xCC\xA9\xCC\xA8\xC0\x13\xC0\x14\x00\x9C\x00\x9D\x00/\x005\x01\x00\x06\x92\x1A\x1A\x00\x00D\xCD\x00\x05\x00\x03\x02h2\xFE" 400 158 "-" "-" "-"
127.0.0.1 - - [08/Mar/2025:00:57:10 +0530] "GET /tmp_dash/stream/index.mpd HTTP/1.1" 200 2282 "http://localhost/dashjs/index.html" "Mozilla/5.0 (Windows NT 10.0; Win64; x64) AppleWebKit/537.36 (KHTML, like Gecko) Chrome/134.0.0.0 Safari/537.36" "-"
127.4.151.177 - - [08/Mar/2025:00:57:10 +0530] "\x16\x03\x01\x07\x1F\x01\x00\x07\x1B\x03\x03-\xC8\xC7\xCD\x83\xE4\x06\xAA\xB1\xD6\xC5\x89;\xAB\xCA\x97\xB4\x13lwP\xB4]X\x1Do\x86\xAAF\xB1b\x0C R\x1F\x01\xA8\x8ET7\xE6\xF4\x8FW\xCD\x10\xE3K\xBC4d\xDBD\x08\xE3Z\xAB\x80\xEC\xBC\x9B\x87 \xB70\x00 " 400 158 "-" "-" "-"
127.4.151.177 - - [08/Mar/2025:00:57:11 +0530] "GET /tmp_dash/stream/index.mpd HTTP/1.1" 200 2282 "http://extra-tcp.gl.at.ply.gg:47078/dashjs/index.html" "Mozilla/5.0 (Windows NT 10.0; Win64; x64) AppleWebKit/537.36 (KHTML, like Gecko) Chrome/134.0.0.0 Safari/537.36" "-"
127.4.151.177 - - [08/Mar/2025:00:57:11 +0530] "GET /tmp_dash/stream/458332.m4a HTTP/1.1" 200 137401 "http://extra-tcp.gl.at.ply.gg:47078/dashjs/index.html" "Mozilla/5.0 (Windows NT 10.0; Win64; x64) AppleWebKit/537.36 (KHTML, like Gecko) Chrome/134.0.0.0 Safari/537.36" "-"
127.4.151.177 - - [08/Mar/2025:00:57:11 +0530] "GET /tmp_dash/stream/458332.m4v HTTP/1.1" 200 1566729 "http://extra-tcp.gl.at.ply.gg:47078/dashjs/index.html" "Mozilla/5.0 (Windows NT 10.0; Win64; x64) AppleWebKit/537.36 (KHTML, like Gecko) Chrome/134.0.0.0 Safari/537.36" "-"
127.0.0.1 - - [08/Mar/2025:00:57:12 +0530] "GET /tmp_hls/stream/index.m3u8 HTTP/1.1" 200 266 "http://localhost/videojs/index.html" "Mozilla/5.0 (Windows NT 10.0; Win64; x64) AppleWebKit/537.36 (KHTML, like Gecko) Chrome/134.0.0.0 Safari/537.36" "-"
192.168.0.102 - - [08/Mar/2025:00:57:13 +0530] "GET /tmp_dash/stream/index.mpd HTTP/1.1" 200 2282 "http://192.168.0.102/dashjs/index.html" "Mozilla/5.0 (Windows NT 10.0; Win64; x64) AppleWebKit/537.36 (KHTML, like Gecko) Chrome/134.0.0.0 Safari/537.36" "-"
127.0.0.1 - - [08/Mar/2025:00:57:15 +0530] "GET /tmp_dash/stream/index.mpd HTTP/1.1" 304 0 "http://localhost/dashjs/index.html" "Mozilla/5.0 (Windows NT 10.0; Win64; x64) AppleWebKit/537.36 (KHTML, like Gecko) Chrome/134.0.0.0 Safari/537.36" "-"
127.4.151.177 - - [08/Mar/2025:00:57:16 +0530] "GET /tmp_dash/stream/index.mpd HTTP/1.1" 304 0 "http://extra-tcp.gl.at.ply.gg:47078/dashjs/index.html" "Mozilla/5.0 (Windows NT 10.0; Win64; x64) AppleWebKit/537.36 (KHTML, like Gecko) Chrome/134.0.0.0 Safari/537.36" "-"
192.168.0.102 - - [08/Mar/2025:00:57:19 +0530] "GET /tmp_dash/stream/index.mpd HTTP/1.1" 200 2282 "http://192.168.0.102/dashjs/index.html" "Mozilla/5.0 (Windows NT 10.0; Win64; x64) AppleWebKit/537.36 (KHTML, like Gecko) Chrome/134.0.0.0 Safari/537.36" "-"
127.0.0.1 - - [08/Mar/2025:00:57:20 +0530] "GET /tmp_dash/stream/index.mpd HTTP/1.1" 200 2282 "http://localhost/dashjs/index.html" "Mozilla/5.0 (Windows NT 10.0; Win64; x64) AppleWebKit/537.36 (KHTML, like Gecko) Chrome/134.0.0.0 Safari/537.36" "-"
127.0.0.1 - - [08/Mar/2025:00:57:21 +0530] "GET /tmp_hls/stream/index.m3u8 HTTP/1.1" 200 266 "http://localhost/videojs/index.html" "Mozilla/5.0 (Windows NT 10.0; Win64; x64) AppleWebKit/537.36 (KHTML, like Gecko) Chrome/134.0.0.0 Safari/537.36" "-"
127.4.151.177 - - [08/Mar/2025:00:57:21 +0530] "GET /tmp_dash/stream/index.mpd HTTP/1.1" 200 2282 "http://extra-tcp.gl.at.ply.gg:47078/dashjs/index.html" "Mozilla/5.0 (Windows NT 10.0; Win64; x64) AppleWebKit/537.36 (KHTML, like Gecko) Chrome/134.0.0.0 Safari/537.36" "-"
127.4.151.177 - - [08/Mar/2025:00:57:21 +0530] "GET /tmp_dash/stream/466666.m4a HTTP/1.1" 200 138624 "http://extra-tcp.gl.at.ply.gg:47078/dashjs/index.html" "Mozilla/5.0 (Windows NT 10.0; Win64; x64) AppleWebKit/537.36 (KHTML, like Gecko) Chrome/134.0.0.0 Safari/537.36" "-"
127.4.151.177 - - [08/Mar/2025:00:57:22 +0530] "GET /tmp_dash/stream/466666.m4v HTTP/1.1" 200 1562773 "http://extra-tcp.gl.at.ply.gg:47078/dashjs/index.html" "Mozilla/5.0 (Windows NT 10.0; Win64; x64) AppleWebKit/537.36 (KHTML, like Gecko) Chrome/134.0.0.0 Safari/537.36" "-"
192.168.0.102 - - [08/Mar/2025:00:57:25 +0530] "GET /tmp_dash/stream/index.mpd HTTP/1.1" 200 2282 "http://192.168.0.102/dashjs/index.html" "Mozilla/5.0 (Windows NT 10.0; Win64; x64) AppleWebKit/537.36 (KHTML, like Gecko) Chrome/134.0.0.0 Safari/537.36" "-"
127.0.0.1 - - [08/Mar/2025:00:57:25 +0530] "GET /tmp_dash/stream/index.mpd HTTP/1.1" 200 2282 "http://localhost/dashjs/index.html" "Mozilla/5.0 (Windows NT 10.0; Win64; x64) AppleWebKit/537.36 (KHTML, like Gecko) Chrome/134.0.0.0 Safari/537.36" "-"
127.4.151.177 - - [08/Mar/2025:00:57:26 +0530] "GET /tmp_dash/stream/index.mpd HTTP/1.1" 200 2282 "http://extra-tcp.gl.at.ply.gg:47078/dashjs/index.html" "Mozilla/5.0 (Windows NT 10.0; Win64; x64) AppleWebKit/537.36 (KHTML, like Gecko) Chrome/134.0.0.0 Safari/537.36" "-"
127.4.151.177 - - [08/Mar/2025:00:57:27 +0530] "GET /tmp_dash/stream/474999.m4a HTTP/1.1" 200 137391 "http://extra-tcp.gl.at.ply.gg:47078/dashjs/index.html" "Mozilla/5.0 (Windows NT 10.0; Win64; x64) AppleWebKit/537.36 (KHTML, like Gecko) Chrome/134.0.0.0 Safari/537.36" "-"
