192.168.0.102 - - [08/Mar/2025:01:07:49 +0530] "GET /tmp_hls/stream/1741376252352.ts HTTP/1.1" 200 1764004 "http://192.168.0.102/videojs/index.html" "Mozilla/5.0 (Windows NT 10.0; Win64; x64) AppleWebKit/537.36 (KHTML, like Gecko) Chrome/134.0.0.0 Safari/537.36" "-"
127.4.151.177 - - [08/Mar/2025:01:07:50 +0530] "GET /tmp_dash/stream/index.mpd HTTP/1.1" 200 2294 "http://extra-tcp.gl.at.ply.gg:47078/dashjs/index.html" "Mozilla/5.0 (Linux; Android 10; K) AppleWebKit/537.36 (KHTML, like Gecko) Chrome/134.0.0.0 Mobile Safari/537.36" "-"
127.4.151.177 - - [08/Mar/2025:01:07:50 +0530] "GET /tmp_dash/stream/1098799.m4v HTTP/1.1" 200 1562868 "http://extra-tcp.gl.at.ply.gg:47078/dashjs/index.html" "Mozilla/5.0 (Linux; Android 10; K) AppleWebKit/537.36 (KHTML, like Gecko) Chrome/134.0.0.0 Mobile Safari/537.36" "-"
127.4.151.177 - - [08/Mar/2025:01:07:50 +0530] "GET /tmp_dash/stream/1098799.m4a HTTP/1.1" 200 136017 "http://extra-tcp.gl.at.ply.gg:47078/dashjs/index.html" "Mozilla/5.0 (Linux; Android 10; K) AppleWebKit/537.36 (KHTML, like Gecko) Chrome/134.0.0.0 Mobile Safari/537.36" "-"
192.168.0.102 - - [08/Mar/2025:01:07:53 +0530] "GET /tmp_dash/stream/index.mpd HTTP/1.1" 200 2294 "http://192.168.0.102/dashjs/index.html" "Mozilla/5.0 (Windows NT 10.0; Win64; x64) AppleWebKit/537.36 (KHTML, like Gecko) Chrome/134.0.0.0 Safari/537.36" "-"
127.4.151.177 - - [08/Mar/2025:01:07:55 +0530] "GET /tmp_dash/stream/index.mpd HTTP/1.1" 304 0 "http://extra-tcp.gl.at.ply.gg:47078/dashjs/index.html" "Mozilla/5.0 (Linux; Android 10; K) AppleWebKit/537.36 (KHTML, like Gecko) Chrome/134.0.0.0 Mobile Safari/537.36" "-"
192.168.0.102 - - [08/Mar/2025:01:07:56 +0530] "GET /videojs/index.html HTTP/1.1" 200 904 "http://192.168.0.102/" "Mozilla/5.0 (Windows NT 10.0; Win64; x64) AppleWebKit/537.36 (KHTML, like Gecko) Chrome/134.0.0.0 Safari/537.36" "-"
192.168.0.102 - - [08/Mar/2025:01:07:56 +0530] "GET /videojs/js/video-js.css HTTP/1.1" 304 0 "http://192.168.0.102/videojs/index.html" "Mozilla/5.0 (Windows NT 10.0; Win64; x64) AppleWebKit/537.36 (KHTML, like Gecko) Chrome/134.0.0.0 Safari/537.36" "-"
192.168.0.102 - - [08/Mar/2025:01:07:56 +0530] "GET /videojs/js/video.min.js HTTP/1.1" 304 0 "http://192.168.0.102/videojs/index.html" "Mozilla/5.0 (Windows NT 10.0; Win64; x64) AppleWebKit/537.36 (KHTML, like Gecko) Chrome/134.0.0.0 Safari/537.36" "-"
192.168.0.102 - - [08/Mar/2025:01:07:56 +0530] "GET /videojs/js/videojs-http-streaming.js HTTP/1.1" 304 0 "http://192.168.0.102/videojs/index.html" "Mozilla/5.0 (Windows NT 10.0; Win64; x64) AppleWebKit/537.36 (KHTML, like Gecko) Chrome/134.0.0.0 Safari/537.36" "-"
192.168.0.102 - - [08/Mar/2025:01:07:56 +0530] "GET /tmp_hls/stream/index.m3u8 HTTP/1.1" 200 267 "http://192.168.0.102/videojs/index.html" "Mozilla/5.0 (Windows NT 10.0; Win64; x64) AppleWebKit/537.36 (KHTML, like Gecko) Chrome/134.0.0.0 Safari/537.36" "-"
192.168.0.102 - - [08/Mar/2025:01:07:56 +0530] "GET /tmp_hls/stream/1741376235690.ts HTTP/1.1" 304 0 "http://192.168.0.102/videojs/index.html" "Mozilla/5.0 (Windows NT 10.0; Win64; x64) AppleWebKit/537.36 (KHTML, like Gecko) Chrome/134.0.0.0 Safari/537.36" "-"
192.168.0.102 - - [08/Mar/2025:01:07:56 +0530] "GET /tmp_hls/stream/1741376244009.ts HTTP/1.1" 304 0 "http://192.168.0.102/videojs/index.html" "Mozilla/5.0 (Windows NT 10.0; Win64; x64) AppleWebKit/537.36 (KHTML, like Gecko) Chrome/134.0.0.0 Safari/537.36" "-"
192.168.0.102 - - [08/Mar/2025:01:07:57 +0530] "GET /tmp_hls/stream/1741376252352.ts HTTP/1.1" 304 0 "http://192.168.0.102/videojs/index.html" "Mozilla/5.0 (Windows NT 10.0; Win64; x64) AppleWebKit/537.36 (KHTML, like Gecko) Chrome/134.0.0.0 Safari/537.36" "-"
192.168.0.102 - - [08/Mar/2025:01:07:57 +0530] "GET /tmp_hls/stream/1741376260694.ts HTTP/1.1" 200 1769644 "http://192.168.0.102/videojs/index.html" "Mozilla/5.0 (Windows NT 10.0; Win64; x64) AppleWebKit/537.36 (KHTML, like Gecko) Chrome/134.0.0.0 Safari/537.36" "-"
192.168.0.102 - - [08/Mar/2025:01:07:57 +0530] "GET /favicon.ico HTTP/1.1" 404 556 "http://192.168.0.102/videojs/index.html" "Mozilla/5.0 (Windows NT 10.0; Win64; x64) AppleWebKit/537.36 (KHTML, like Gecko) Chrome/134.0.0.0 Safari/537.36" "-"
192.168.0.102 - - [08/Mar/2025:01:07:57 +0530] "GET /tmp_hls/stream/index.m3u8 HTTP/1.1" 200 267 "http://192.168.0.102/videojs/index.html" "Mozilla/5.0 (Windows NT 10.0; Win64; x64) AppleWebKit/537.36 (KHTML, like Gecko) Chrome/134.0.0.0 Safari/537.36" "-"
192.168.0.102 - - [08/Mar/2025:01:07:58 +0530] "GET /tmp_hls/stream/1741376260694.ts HTTP/1.1" 304 0 "http://192.168.0.102/videojs/index.html" "Mozilla/5.0 (Windows NT 10.0; Win64; x64) AppleWebKit/537.36 (KHTML, like Gecko) Chrome/134.0.0.0 Safari/537.36" "-"
192.168.0.102 - - [08/Mar/2025:01:07:59 +0530] "GET /videojs/index.html HTTP/1.1" 304 0 "http://192.168.0.102/" "Mozilla/5.0 (Windows NT 10.0; Win64; x64) AppleWebKit/537.36 (KHTML, like Gecko) Chrome/134.0.0.0 Safari/537.36" "-"
192.168.0.102 - - [08/Mar/2025:01:07:59 +0530] "GET /tmp_hls/stream/index.m3u8 HTTP/1.1" 304 0 "http://192.168.0.102/videojs/index.html" "Mozilla/5.0 (Windows NT 10.0; Win64; x64) AppleWebKit/537.36 (KHTML, like Gecko) Chrome/134.0.0.0 Safari/537.36" "-"
192.168.0.102 - - [08/Mar/2025:01:07:59 +0530] "GET /tmp_hls/stream/1741376269012.ts HTTP/1.1" 200 1775848 "http://192.168.0.102/videojs/index.html" "Mozilla/5.0 (Windows NT 10.0; Win64; x64) AppleWebKit/537.36 (KHTML, like Gecko) Chrome/134.0.0.0 Safari/537.36" "-"
192.168.0.102 - - [08/Mar/2025:01:07:59 +0530] "GET /tmp_dash/stream/index.mpd HTTP/1.1" 200 2294 "http://192.168.0.102/dashjs/index.html" "Mozilla/5.0 (Windows NT 10.0; Win64; x64) AppleWebKit/537.36 (KHTML, like Gecko) Chrome/134.0.0.0 Safari/537.36" "-"
192.168.0.102 - - [08/Mar/2025:01:08:00 +0530] "GET /tmp_hls/stream/1741376244009.ts HTTP/1.1" 304 0 "http://192.168.0.102/videojs/index.html" "Mozilla/5.0 (Windows NT 10.0; Win64; x64) AppleWebKit/537.36 (KHTML, like Gecko) Chrome/134.0.0.0 Safari/537.36" "-"
192.168.0.102 - - [08/Mar/2025:01:08:00 +0530] "GET /tmp_hls/stream/1741376252352.ts HTTP/1.1" 304 0 "http://192.168.0.102/videojs/index.html" "Mozilla/5.0 (Windows NT 10.0; Win64; x64) AppleWebKit/537.36 (KHTML, like Gecko) Chrome/134.0.0.0 Safari/537.36" "-"
192.168.0.102 - - [08/Mar/2025:01:08:00 +0530] "GET /tmp_hls/stream/1741376260694.ts HTTP/1.1" 304 0 "http://192.168.0.102/videojs/index.html" "Mozilla/5.0 (Windows NT 10.0; Win64; x64) AppleWebKit/537.36 (KHTML, like Gecko) Chrome/134.0.0.0 Safari/537.36" "-"
192.168.0.102 - - [08/Mar/2025:01:08:00 +0530] "GET /favicon.ico HTTP/1.1" 404 556 "http://192.168.0.102/videojs/index.html" "Mozilla/5.0 (Windows NT 10.0; Win64; x64) AppleWebKit/537.36 (KHTML, like Gecko) Chrome/134.0.0.0 Safari/537.36" "-"
127.4.151.177 - - [08/Mar/2025:01:08:00 +0530] "GET /tmp_dash/stream/index.mpd HTTP/1.1" 200 2294 "http://extra-tcp.gl.at.ply.gg:47078/dashjs/index.html" "Mozilla/5.0 (Linux; Android 10; K) AppleWebKit/537.36 (KHTML, like Gecko) Chrome/134.0.0.0 Mobile Safari/537.36" "-"
192.168.0.102 - - [08/Mar/2025:01:08:00 +0530] "GET /tmp_hls/stream/1741376269012.ts HTTP/1.1" 304 0 "http://192.168.0.102/videojs/index.html" "Mozilla/5.0 (Windows NT 10.0; Win64; x64) AppleWebKit/537.36 (KHTML, like Gecko) Chrome/134.0.0.0 Safari/537.36" "-"
127.4.151.177 - - [08/Mar/2025:01:08:01 +0530] "GET /tmp_dash/stream/1107132.m4v HTTP/1.1" 200 1571183 "http://extra-tcp.gl.at.ply.gg:47078/dashjs/index.html" "Mozilla/5.0 (Linux; Android 10; K) AppleWebKit/537.36 (KHTML, like Gecko) Chrome/134.0.0.0 Mobile Safari/537.36" "-"
127.4.151.177 - - [08/Mar/2025:01:08:01 +0530] "GET /tmp_dash/stream/1107132.m4a HTTP/1.1" 200 136481 "http://extra-tcp.gl.at.ply.gg:47078/dashjs/index.html" "Mozilla/5.0 (Linux; Android 10; K) AppleWebKit/537.36 (KHTML, like Gecko) Chrome/134.0.0.0 Mobile Safari/537.36" "-"
192.168.0.102 - - [08/Mar/2025:01:08:04 +0530] "GET /videojs/index.html HTTP/1.1" 304 0 "http://192.168.0.102/" "Mozilla/5.0 (Windows NT 10.0; Win64; x64) AppleWebKit/537.36 (KHTML, like Gecko) Chrome/134.0.0.0 Safari/537.36" "-"
192.168.0.102 - - [08/Mar/2025:01:08:04 +0530] "GET /tmp_hls/stream/index.m3u8 HTTP/1.1" 304 0 "http://192.168.0.102/videojs/index.html" "Mozilla/5.0 (Windows NT 10.0; Win64; x64) AppleWebKit/537.36 (KHTML, like Gecko) Chrome/134.0.0.0 Safari/537.36" "-"
192.168.0.102 - - [08/Mar/2025:01:08:05 +0530] "GET /tmp_dash/stream/index.mpd HTTP/1.1" 304 0 "http://192.168.0.102/dashjs/index.html" "Mozilla/5.0 (Windows NT 10.0; Win64; x64) AppleWebKit/537.36 (KHTML, like Gecko) Chrome/134.0.0.0 Safari/537.36" "-"
192.168.0.102 - - [08/Mar/2025:01:08:06 +0530] "GET /tmp_hls/stream/1741376244009.ts HTTP/1.1" 304 0 "http://192.168.0.102/videojs/index.html" "Mozilla/5.0 (Windows NT 10.0; Win64; x64) AppleWebKit/537.36 (KHTML, like Gecko) Chrome/134.0.0.0 Safari/537.36" "-"
192.168.0.102 - - [08/Mar/2025:01:08:06 +0530] "GET /tmp_hls/stream/1741376252352.ts HTTP/1.1" 304 0 "http://192.168.0.102/videojs/index.html" "Mozilla/5.0 (Windows NT 10.0; Win64; x64) AppleWebKit/537.36 (KHTML, like Gecko) Chrome/134.0.0.0 Safari/537.36" "-"
192.168.0.102 - - [08/Mar/2025:01:08:06 +0530] "GET /tmp_hls/stream/1741376260694.ts HTTP/1.1" 304 0 "http://192.168.0.102/videojs/index.html" "Mozilla/5.0 (Windows NT 10.0; Win64; x64) AppleWebKit/537.36 (KHTML, like Gecko) Chrome/134.0.0.0 Safari/537.36" "-"
192.168.0.102 - - [08/Mar/2025:01:08:06 +0530] "GET /favicon.ico HTTP/1.1" 404 556 "http://192.168.0.102/videojs/index.html" "Mozilla/5.0 (Windows NT 10.0; Win64; x64) AppleWebKit/537.36 (KHTML, like Gecko) Chrome/134.0.0.0 Safari/537.36" "-"
127.4.151.177 - - [08/Mar/2025:01:08:06 +0530] "GET /tmp_dash/stream/index.mpd HTTP/1.1" 200 2294 "http://extra-tcp.gl.at.ply.gg:47078/dashjs/index.html" "Mozilla/5.0 (Linux; Android 10; K) AppleWebKit/537.36 (KHTML, like Gecko) Chrome/134.0.0.0 Mobile Safari/537.36" "-"
192.168.0.102 - - [08/Mar/2025:01:08:06 +0530] "GET /tmp_hls/stream/1741376269012.ts HTTP/1.1" 304 0 "http://192.168.0.102/videojs/index.html" "Mozilla/5.0 (Windows NT 10.0; Win64; x64) AppleWebKit/537.36 (KHTML, like Gecko) Chrome/134.0.0.0 Safari/537.36" "-"
127.4.151.177 - - [08/Mar/2025:01:08:06 +0530] "GET /tmp_dash/stream/1115466.m4a HTTP/1.1" 200 137190 "http://extra-tcp.gl.at.ply.gg:47078/dashjs/index.html" "Mozilla/5.0 (Linux; Android 10; K) AppleWebKit/537.36 (KHTML, like Gecko) Chrome/134.0.0.0 Mobile Safari/537.36" "-"
127.4.151.177 - - [08/Mar/2025:01:08:06 +0530] "GET /tmp_dash/stream/1115466.m4v HTTP/1.1" 200 1552775 "http://extra-tcp.gl.at.ply.gg:47078/dashjs/index.html" "Mozilla/5.0 (Linux; Android 10; K) AppleWebKit/537.36 (KHTML, like Gecko) Chrome/134.0.0.0 Mobile Safari/537.36" "-"
192.168.0.102 - - [08/Mar/2025:01:08:07 +0530] "GET /tmp_hls/stream/index.m3u8 HTTP/1.1" 200 267 "http://192.168.0.102/videojs/index.html" "Mozilla/5.0 (Windows NT 10.0; Win64; x64) AppleWebKit/537.36 (KHTML, like Gecko) Chrome/134.0.0.0 Safari/537.36" "-"
192.168.0.102 - - [08/Mar/2025:01:08:07 +0530] "GET /tmp_hls/stream/1741376277354.ts HTTP/1.1" 200 1758364 "http://192.168.0.102/videojs/index.html" "Mozilla/5.0 (Windows NT 10.0; Win64; x64) AppleWebKit/537.36 (KHTML, like Gecko) Chrome/134.0.0.0 Safari/537.36" "-"
192.168.0.102 - - [08/Mar/2025:01:08:11 +0530] "GET /tmp_dash/stream/index.mpd HTTP/1.1" 200 2294 "http://192.168.0.102/dashjs/index.html" "Mozilla/5.0 (Windows NT 10.0; Win64; x64) AppleWebKit/537.36 (KHTML, like Gecko) Chrome/134.0.0.0 Safari/537.36" "-"
127.4.151.177 - - [08/Mar/2025:01:08:11 +0530] "GET /tmp_dash/stream/index.mpd HTTP/1.1" 304 0 "http://extra-tcp.gl.at.ply.gg:47078/dashjs/index.html" "Mozilla/5.0 (Linux; Android 10; K) AppleWebKit/537.36 (KHTML, like Gecko) Chrome/134.0.0.0 Mobile Safari/537.36" "-"
192.168.0.102 - - [08/Mar/2025:01:08:13 +0530] "GET /tmp_dash/stream/1073799.m4v HTTP/1.1" 200 1630219 "http://192.168.0.102/dashjs/index.html" "Mozilla/5.0 (Windows NT 10.0; Win64; x64) AppleWebKit/537.36 (KHTML, like Gecko) Chrome/134.0.0.0 Safari/537.36" "-"
192.168.0.102 - - [08/Mar/2025:01:08:13 +0530] "GET /tmp_dash/stream/1073799.m4a HTTP/1.1" 200 135900 "http://192.168.0.102/dashjs/index.html" "Mozilla/5.0 (Windows NT 10.0; Win64; x64) AppleWebKit/537.36 (KHTML, like Gecko) Chrome/134.0.0.0 Safari/537.36" "-"
192.168.0.102 - - [08/Mar/2025:01:08:13 +0530] "GET /tmp_dash/stream/1082132.m4a HTTP/1.1" 200 136300 "http://192.168.0.102/dashjs/index.html" "Mozilla/5.0 (Windows NT 10.0; Win64; x64) AppleWebKit/537.36 (KHTML, like Gecko) Chrome/134.0.0.0 Safari/537.36" "-"
192.168.0.102 - - [08/Mar/2025:01:08:13 +0530] "GET /tmp_dash/stream/1082132.m4v HTTP/1.1" 200 1518815 "http://192.168.0.102/dashjs/index.html" "Mozilla/5.0 (Windows NT 10.0; Win64; x64) AppleWebKit/537.36 (KHTML, like Gecko) Chrome/134.0.0.0 Safari/537.36" "-"
192.168.0.102 - - [08/Mar/2025:01:08:13 +0530] "GET /tmp_dash/stream/1090466.m4a HTTP/1.1" 200 136275 "http://192.168.0.102/dashjs/index.html" "Mozilla/5.0 (Windows NT 10.0; Win64; x64) AppleWebKit/537.36 (KHTML, like Gecko) Chrome/134.0.0.0 Safari/537.36" "-"
192.168.0.102 - - [08/Mar/2025:01:08:13 +0530] "GET /tmp_dash/stream/1098799.m4a HTTP/1.1" 200 136017 "http://192.168.0.102/dashjs/index.html" "Mozilla/5.0 (Windows NT 10.0; Win64; x64) AppleWebKit/537.36 (KHTML, like Gecko) Chrome/134.0.0.0 Safari/537.36" "-"
192.168.0.102 - - [08/Mar/2025:01:08:13 +0530] "GET /tmp_dash/stream/1090466.m4v HTTP/1.1" 200 1560198 "http://192.168.0.102/dashjs/index.html" "Mozilla/5.0 (Windows NT 10.0; Win64; x64) AppleWebKit/537.36 (KHTML, like Gecko) Chrome/134.0.0.0 Safari/537.36" "-"
192.168.0.102 - - [08/Mar/2025:01:08:13 +0530] "GET /tmp_dash/stream/1107132.m4a HTTP/1.1" 200 136481 "http://192.168.0.102/dashjs/index.html" "Mozilla/5.0 (Windows NT 10.0; Win64; x64) AppleWebKit/537.36 (KHTML, like Gecko) Chrome/134.0.0.0 Safari/537.36" "-"
192.168.0.102 - - [08/Mar/2025:01:08:13 +0530] "GET /tmp_dash/stream/1115466.m4a HTTP/1.1" 200 137190 "http://192.168.0.102/dashjs/index.html" "Mozilla/5.0 (Windows NT 10.0; Win64; x64) AppleWebKit/537.36 (KHTML, like Gecko) Chrome/134.0.0.0 Safari/537.36" "-"
192.168.0.102 - - [08/Mar/2025:01:08:13 +0530] "GET /tmp_dash/stream/1098799.m4v HTTP/1.1" 200 1562868 "http://192.168.0.102/dashjs/index.html" "Mozilla/5.0 (Windows NT 10.0; Win64; x64) AppleWebKit/537.36 (KHTML, like Gecko) Chrome/134.0.0.0 Safari/537.36" "-"
192.168.0.102 - - [08/Mar/2025:01:08:13 +0530] "GET /tmp_dash/stream/1107132.m4v HTTP/1.1" 200 1571183 "http://192.168.0.102/dashjs/index.html" "Mozilla/5.0 (Windows NT 10.0; Win64; x64) AppleWebKit/537.36 (KHTML, like Gecko) Chrome/134.0.0.0 Safari/537.36" "-"
192.168.0.102 - - [08/Mar/2025:01:08:13 +0530] "GET /tmp_dash/stream/1115466.m4v HTTP/1.1" 200 1552775 "http://192.168.0.102/dashjs/index.html" "Mozilla/5.0 (Windows NT 10.0; Win64; x64) AppleWebKit/537.36 (KHTML, like Gecko) Chrome/134.0.0.0 Safari/537.36" "-"
192.168.0.102 - - [08/Mar/2025:01:08:13 +0530] "GET /tmp_hls/stream/index.m3u8 HTTP/1.1" 304 0 "http://192.168.0.102/videojs/index.html" "Mozilla/5.0 (Windows NT 10.0; Win64; x64) AppleWebKit/537.36 (KHTML, like Gecko) Chrome/134.0.0.0 Safari/537.36" "-"
192.168.0.102 - - [08/Mar/2025:01:08:13 +0530] "GET /tmp_hls/stream/1741376277354.ts HTTP/1.1" 304 0 "http://192.168.0.102/videojs/index.html" "Mozilla/5.0 (Windows NT 10.0; Win64; x64) AppleWebKit/537.36 (KHTML, like Gecko) Chrome/134.0.0.0 Safari/537.36" "-"
192.168.0.102 - - [08/Mar/2025:01:08:14 +0530] "GET /dashjs/index.html HTTP/1.1" 304 0 "http://192.168.0.102/" "Mozilla/5.0 (Windows NT 10.0; Win64; x64) AppleWebKit/537.36 (KHTML, like Gecko) Chrome/134.0.0.0 Safari/537.36" "-"
192.168.0.102 - - [08/Mar/2025:01:08:14 +0530] "GET /dashjs/js/dash.all.min.js HTTP/1.1" 304 0 "http://192.168.0.102/dashjs/index.html" "Mozilla/5.0 (Windows NT 10.0; Win64; x64) AppleWebKit/537.36 (KHTML, like Gecko) Chrome/134.0.0.0 Safari/537.36" "-"
192.168.0.102 - - [08/Mar/2025:01:08:15 +0530] "GET /dashjs/js/dash.all.min.js.map HTTP/1.1" 404 556 "-" "Mozilla/5.0 (Windows NT 10.0; Win64; x64) AppleWebKit/537.36 (KHTML, like Gecko) Chrome/134.0.0.0 Safari/537.36" "-"
192.168.0.102 - - [08/Mar/2025:01:08:15 +0530] "GET /tmp_dash/stream/index.mpd HTTP/1.1" 200 2294 "http://192.168.0.102/dashjs/index.html" "Mozilla/5.0 (Windows NT 10.0; Win64; x64) AppleWebKit/537.36 (KHTML, like Gecko) Chrome/134.0.0.0 Safari/537.36" "-"
192.168.0.102 - - [08/Mar/2025:01:08:15 +0530] "GET /tmp_dash/stream/init.m4v HTTP/1.1" 304 0 "http://192.168.0.102/dashjs/index.html" "Mozilla/5.0 (Windows NT 10.0; Win64; x64) AppleWebKit/537.36 (KHTML, like Gecko) Chrome/134.0.0.0 Safari/537.36" "-"
192.168.0.102 - - [08/Mar/2025:01:08:15 +0530] "GET /tmp_dash/stream/init.m4a HTTP/1.1" 304 0 "http://192.168.0.102/dashjs/index.html" "Mozilla/5.0 (Windows NT 10.0; Win64; x64) AppleWebKit/537.36 (KHTML, like Gecko) Chrome/134.0.0.0 Safari/537.36" "-"
192.168.0.102 - - [08/Mar/2025:01:08:15 +0530] "GET /tmp_dash/stream/1107132.m4v HTTP/1.1" 304 0 "http://192.168.0.102/dashjs/index.html" "Mozilla/5.0 (Windows NT 10.0; Win64; x64) AppleWebKit/537.36 (KHTML, like Gecko) Chrome/134.0.0.0 Safari/537.36" "-"
192.168.0.102 - - [08/Mar/2025:01:08:15 +0530] "GET /tmp_dash/stream/1107132.m4a HTTP/1.1" 304 0 "http://192.168.0.102/dashjs/index.html" "Mozilla/5.0 (Windows NT 10.0; Win64; x64) AppleWebKit/537.36 (KHTML, like Gecko) Chrome/134.0.0.0 Safari/537.36" "-"
192.168.0.102 - - [08/Mar/2025:01:08:15 +0530] "GET /tmp_dash/stream/1115466.m4a HTTP/1.1" 304 0 "http://192.168.0.102/dashjs/index.html" "Mozilla/5.0 (Windows NT 10.0; Win64; x64) AppleWebKit/537.36 (KHTML, like Gecko) Chrome/134.0.0.0 Safari/537.36" "-"
192.168.0.102 - - [08/Mar/2025:01:08:15 +0530] "GET /tmp_dash/stream/1115466.m4v HTTP/1.1" 304 0 "http://192.168.0.102/dashjs/index.html" "Mozilla/5.0 (Windows NT 10.0; Win64; x64) AppleWebKit/537.36 (KHTML, like Gecko) Chrome/134.0.0.0 Safari/537.36" "-"
192.168.0.102 - - [08/Mar/2025:01:08:15 +0530] "GET /tmp_dash/stream/1123799.m4a HTTP/1.1" 200 136505 "http://192.168.0.102/dashjs/index.html" "Mozilla/5.0 (Windows NT 10.0; Win64; x64) AppleWebKit/537.36 (KHTML, like Gecko) Chrome/134.0.0.0 Safari/537.36" "-"
192.168.0.102 - - [08/Mar/2025:01:08:15 +0530] "GET /tmp_dash/stream/1123799.m4v HTTP/1.1" 200 1586938 "http://192.168.0.102/dashjs/index.html" "Mozilla/5.0 (Windows NT 10.0; Win64; x64) AppleWebKit/537.36 (KHTML, like Gecko) Chrome/134.0.0.0 Safari/537.36" "-"
127.4.151.177 - - [08/Mar/2025:01:08:16 +0530] "GET /tmp_dash/stream/index.mpd HTTP/1.1" 200 2294 "http://extra-tcp.gl.at.ply.gg:47078/dashjs/index.html" "Mozilla/5.0 (Linux; Android 10; K) AppleWebKit/537.36 (KHTML, like Gecko) Chrome/134.0.0.0 Mobile Safari/537.36" "-"
127.4.151.177 - - [08/Mar/2025:01:08:17 +0530] "GET /tmp_dash/stream/1123799.m4a HTTP/1.1" 200 136505 "http://extra-tcp.gl.at.ply.gg:47078/dashjs/index.html" "Mozilla/5.0 (Linux; Android 10; K) AppleWebKit/537.36 (KHTML, like Gecko) Chrome/134.0.0.0 Mobile Safari/537.36" "-"
127.4.151.177 - - [08/Mar/2025:01:08:17 +0530] "GET /tmp_dash/stream/1123799.m4v HTTP/1.1" 200 1586938 "http://extra-tcp.gl.at.ply.gg:47078/dashjs/index.html" "Mozilla/5.0 (Linux; Android 10; K) AppleWebKit/537.36 (KHTML, like Gecko) Chrome/134.0.0.0 Mobile Safari/537.36" "-"
192.168.0.102 - - [08/Mar/2025:01:08:21 +0530] "GET /tmp_hls/stream/index.m3u8 HTTP/1.1" 200 267 "http://192.168.0.102/videojs/index.html" "Mozilla/5.0 (Windows NT 10.0; Win64; x64) AppleWebKit/537.36 (KHTML, like Gecko) Chrome/134.0.0.0 Safari/537.36" "-"
192.168.0.102 - - [08/Mar/2025:01:08:21 +0530] "GET /tmp_hls/stream/1741376285674.ts HTTP/1.1" 200 1790700 "http://192.168.0.102/videojs/index.html" "Mozilla/5.0 (Windows NT 10.0; Win64; x64) AppleWebKit/537.36 (KHTML, like Gecko) Chrome/134.0.0.0 Safari/537.36" "-"
127.4.151.177 - - [08/Mar/2025:01:08:21 +0530] "GET /tmp_dash/stream/index.mpd HTTP/1.1" 304 0 "http://extra-tcp.gl.at.ply.gg:47078/dashjs/index.html" "Mozilla/5.0 (Linux; Android 10; K) AppleWebKit/537.36 (KHTML, like Gecko) Chrome/134.0.0.0 Mobile Safari/537.36" "-"
192.168.0.102 - - [08/Mar/2025:01:08:25 +0530] "GET /tmp_dash/stream/index.mpd HTTP/1.1" 200 2294 "http://192.168.0.102/dashjs/index.html" "Mozilla/5.0 (Windows NT 10.0; Win64; x64) AppleWebKit/537.36 (KHTML, like Gecko) Chrome/134.0.0.0 Safari/537.36" "-"
192.168.0.102 - - [08/Mar/2025:01:08:26 +0530] "GET /tmp_dash/stream/1132132.m4a HTTP/1.1" 200 135416 "http://192.168.0.102/dashjs/index.html" "Mozilla/5.0 (Windows NT 10.0; Win64; x64) AppleWebKit/537.36 (KHTML, like Gecko) Chrome/134.0.0.0 Safari/537.36" "-"
192.168.0.102 - - [08/Mar/2025:01:08:26 +0530] "GET /tmp_dash/stream/1132132.m4v HTTP/1.1" 200 1595336 "http://192.168.0.102/dashjs/index.html" "Mozilla/5.0 (Windows NT 10.0; Win64; x64) AppleWebKit/537.36 (KHTML, like Gecko) Chrome/134.0.0.0 Safari/537.36" "-"
127.4.151.177 - - [08/Mar/2025:01:08:27 +0530] "GET /tmp_dash/stream/index.mpd HTTP/1.1" 200 2294 "http://extra-tcp.gl.at.ply.gg:47078/dashjs/index.html" "Mozilla/5.0 (Linux; Android 10; K) AppleWebKit/537.36 (KHTML, like Gecko) Chrome/134.0.0.0 Mobile Safari/537.36" "-"
127.4.151.177 - - [08/Mar/2025:01:08:27 +0530] "GET /tmp_dash/stream/1132132.m4v HTTP/1.1" 200 1595336 "http://extra-tcp.gl.at.ply.gg:47078/dashjs/index.html" "Mozilla/5.0 (Linux; Android 10; K) AppleWebKit/537.36 (KHTML, like Gecko) Chrome/134.0.0.0 Mobile Safari/537.36" "-"
127.4.151.177 - - [08/Mar/2025:01:08:28 +0530] "GET /tmp_dash/stream/1132132.m4a HTTP/1.1" 200 135416 "http://extra-tcp.gl.at.ply.gg:47078/dashjs/index.html" "Mozilla/5.0 (Linux; Android 10; K) AppleWebKit/537.36 (KHTML, like Gecko) Chrome/134.0.0.0 Mobile Safari/537.36" "-"
192.168.0.102 - - [08/Mar/2025:01:08:29 +0530] "GET /tmp_hls/stream/index.m3u8 HTTP/1.1" 200 267 "http://192.168.0.102/videojs/index.html" "Mozilla/5.0 (Windows NT 10.0; Win64; x64) AppleWebKit/537.36 (KHTML, like Gecko) Chrome/134.0.0.0 Safari/537.36" "-"
192.168.0.102 - - [08/Mar/2025:01:08:29 +0530] "GET /tmp_hls/stream/1741376294014.ts HTTP/1.1" 200 1797844 "http://192.168.0.102/videojs/index.html" "Mozilla/5.0 (Windows NT 10.0; Win64; x64) AppleWebKit/537.36 (KHTML, like Gecko) Chrome/134.0.0.0 Safari/537.36" "-"
192.168.0.102 - - [08/Mar/2025:01:08:31 +0530] "GET /tmp_dash/stream/index.mpd HTTP/1.1" 200 2294 "http://192.168.0.102/dashjs/index.html" "Mozilla/5.0 (Windows NT 10.0; Win64; x64) AppleWebKit/537.36 (KHTML, like Gecko) Chrome/134.0.0.0 Safari/537.36" "-"
127.4.151.177 - - [08/Mar/2025:01:08:32 +0530] "GET /tmp_dash/stream/index.mpd HTTP/1.1" 200 2294 "http://extra-tcp.gl.at.ply.gg:47078/dashjs/index.html" "Mozilla/5.0 (Linux; Android 10; K) AppleWebKit/537.36 (KHTML, like Gecko) Chrome/134.0.0.0 Mobile Safari/537.36" "-"
192.168.0.102 - - [08/Mar/2025:01:08:32 +0530] "GET /tmp_dash/stream/1140466.m4a HTTP/1.1" 200 135536 "http://192.168.0.102/dashjs/index.html" "Mozilla/5.0 (Windows NT 10.0; Win64; x64) AppleWebKit/537.36 (KHTML, like Gecko) Chrome/134.0.0.0 Safari/537.36" "-"
192.168.0.102 - - [08/Mar/2025:01:08:32 +0530] "GET /tmp_dash/stream/1140466.m4v HTTP/1.1" 200 1554020 "http://192.168.0.102/dashjs/index.html" "Mozilla/5.0 (Windows NT 10.0; Win64; x64) AppleWebKit/537.36 (KHTML, like Gecko) Chrome/134.0.0.0 Safari/537.36" "-"
127.4.151.177 - - [08/Mar/2025:01:08:32 +0530] "GET /tmp_dash/stream/1140466.m4a HTTP/1.1" 200 135536 "http://extra-tcp.gl.at.ply.gg:47078/dashjs/index.html" "Mozilla/5.0 (Linux; Android 10; K) AppleWebKit/537.36 (KHTML, like Gecko) Chrome/134.0.0.0 Mobile Safari/537.36" "-"
127.4.151.177 - - [08/Mar/2025:01:08:32 +0530] "GET /tmp_dash/stream/1140466.m4v HTTP/1.1" 200 1554020 "http://extra-tcp.gl.at.ply.gg:47078/dashjs/index.html" "Mozilla/5.0 (Linux; Android 10; K) AppleWebKit/537.36 (KHTML, like Gecko) Chrome/134.0.0.0 Mobile Safari/537.36" "-"
192.168.0.102 - - [08/Mar/2025:01:08:37 +0530] "GET /tmp_dash/stream/index.mpd HTTP/1.1" 304 0 "http://192.168.0.102/dashjs/index.html" "Mozilla/5.0 (Windows NT 10.0; Win64; x64) AppleWebKit/537.36 (KHTML, like Gecko) Chrome/134.0.0.0 Safari/537.36" "-"
127.4.151.177 - - [08/Mar/2025:01:08:37 +0530] "GET /tmp_dash/stream/index.mpd HTTP/1.1" 304 0 "http://extra-tcp.gl.at.ply.gg:47078/dashjs/index.html" "Mozilla/5.0 (Linux; Android 10; K) AppleWebKit/537.36 (KHTML, like Gecko) Chrome/134.0.0.0 Mobile Safari/537.36" "-"
192.168.0.102 - - [08/Mar/2025:01:08:38 +0530] "GET /tmp_hls/stream/index.m3u8 HTTP/1.1" 200 267 "http://192.168.0.102/videojs/index.html" "Mozilla/5.0 (Windows NT 10.0; Win64; x64) AppleWebKit/537.36 (KHTML, like Gecko) Chrome/134.0.0.0 Safari/537.36" "-"
192.168.0.102 - - [08/Mar/2025:01:08:38 +0530] "GET /tmp_hls/stream/1741376302357.ts HTTP/1.1" 200 1756860 "http://192.168.0.102/videojs/index.html" "Mozilla/5.0 (Windows NT 10.0; Win64; x64) AppleWebKit/537.36 (KHTML, like Gecko) Chrome/134.0.0.0 Safari/537.36" "-"
127.4.151.177 - - [08/Mar/2025:01:08:42 +0530] "GET /tmp_dash/stream/index.mpd HTTP/1.1" 200 2294 "http://extra-tcp.gl.at.ply.gg:47078/dashjs/index.html" "Mozilla/5.0 (Linux; Android 10; K) AppleWebKit/537.36 (KHTML, like Gecko) Chrome/134.0.0.0 Mobile Safari/537.36" "-"
127.4.151.177 - - [08/Mar/2025:01:08:43 +0530] "GET /tmp_dash/stream/1148799.m4v HTTP/1.1" 200 1543350 "http://extra-tcp.gl.at.ply.gg:47078/dashjs/index.html" "Mozilla/5.0 (Linux; Android 10; K) AppleWebKit/537.36 (KHTML, like Gecko) Chrome/134.0.0.0 Mobile Safari/537.36" "-"
127.4.151.177 - - [08/Mar/2025:01:08:43 +0530] "GET /tmp_dash/stream/1148799.m4a HTTP/1.1" 200 136303 "http://extra-tcp.gl.at.ply.gg:47078/dashjs/index.html" "Mozilla/5.0 (Linux; Android 10; K) AppleWebKit/537.36 (KHTML, like Gecko) Chrome/134.0.0.0 Mobile Safari/537.36" "-"
192.168.0.102 - - [08/Mar/2025:01:08:43 +0530] "GET /tmp_dash/stream/index.mpd HTTP/1.1" 200 2294 "http://192.168.0.102/dashjs/index.html" "Mozilla/5.0 (Windows NT 10.0; Win64; x64) AppleWebKit/537.36 (KHTML, like Gecko) Chrome/134.0.0.0 Safari/537.36" "-"
192.168.0.102 - - [08/Mar/2025:01:08:44 +0530] "GET /tmp_dash/stream/1148799.m4a HTTP/1.1" 200 136303 "http://192.168.0.102/dashjs/index.html" "Mozilla/5.0 (Windows NT 10.0; Win64; x64) AppleWebKit/537.36 (KHTML, like Gecko) Chrome/134.0.0.0 Safari/537.36" "-"
192.168.0.102 - - [08/Mar/2025:01:08:44 +0530] "GET /tmp_dash/stream/1148799.m4v HTTP/1.1" 200 1543350 "http://192.168.0.102/dashjs/index.html" "Mozilla/5.0 (Windows NT 10.0; Win64; x64) AppleWebKit/537.36 (KHTML, like Gecko) Chrome/134.0.0.0 Safari/537.36" "-"
192.168.0.102 - - [08/Mar/2025:01:08:47 +0530] "GET /tmp_hls/stream/index.m3u8 HTTP/1.1" 200 267 "http://192.168.0.102/videojs/index.html" "Mozilla/5.0 (Windows NT 10.0; Win64; x64) AppleWebKit/537.36 (KHTML, like Gecko) Chrome/134.0.0.0 Safari/537.36" "-"
127.4.151.177 - - [08/Mar/2025:01:08:48 +0530] "GET /tmp_dash/stream/index.mpd HTTP/1.1" 200 2294 "http://extra-tcp.gl.at.ply.gg:47078/dashjs/index.html" "Mozilla/5.0 (Linux; Android 10; K) AppleWebKit/537.36 (KHTML, like Gecko) Chrome/134.0.0.0 Mobile Safari/537.36" "-"
127.4.151.177 - - [08/Mar/2025:01:08:48 +0530] "GET /tmp_dash/stream/1157132.m4v HTTP/1.1" 200 1562398 "http://extra-tcp.gl.at.ply.gg:47078/dashjs/index.html" "Mozilla/5.0 (Linux; Android 10; K) AppleWebKit/537.36 (KHTML, like Gecko) Chrome/134.0.0.0 Mobile Safari/537.36" "-"
192.168.0.102 - - [08/Mar/2025:01:08:48 +0530] "GET /tmp_hls/stream/1741376310678.ts HTTP/1.1" 200 1747084 "http://192.168.0.102/videojs/index.html" "Mozilla/5.0 (Windows NT 10.0; Win64; x64) AppleWebKit/537.36 (KHTML, like Gecko) Chrome/134.0.0.0 Safari/537.36" "-"
127.4.151.177 - - [08/Mar/2025:01:08:48 +0530] "GET /tmp_dash/stream/1157132.m4a HTTP/1.1" 200 136558 "http://extra-tcp.gl.at.ply.gg:47078/dashjs/index.html" "Mozilla/5.0 (Linux; Android 10; K) AppleWebKit/537.36 (KHTML, like Gecko) Chrome/134.0.0.0 Mobile Safari/537.36" "-"
192.168.0.102 - - [08/Mar/2025:01:08:49 +0530] "GET /tmp_hls/stream/1741376319019.ts HTTP/1.1" 200 1766824 "http://192.168.0.102/videojs/index.html" "Mozilla/5.0 (Windows NT 10.0; Win64; x64) AppleWebKit/537.36 (KHTML, like Gecko) Chrome/134.0.0.0 Safari/537.36" "-"
192.168.0.102 - - [08/Mar/2025:01:08:49 +0530] "GET /tmp_dash/stream/index.mpd HTTP/1.1" 200 2294 "http://192.168.0.102/dashjs/index.html" "Mozilla/5.0 (Windows NT 10.0; Win64; x64) AppleWebKit/537.36 (KHTML, like Gecko) Chrome/134.0.0.0 Safari/537.36" "-"
192.168.0.102 - - [08/Mar/2025:01:08:50 +0530] "GET /tmp_dash/stream/1157132.m4a HTTP/1.1" 200 136558 "http://192.168.0.102/dashjs/index.html" "Mozilla/5.0 (Windows NT 10.0; Win64; x64) AppleWebKit/537.36 (KHTML, like Gecko) Chrome/134.0.0.0 Safari/537.36" "-"
192.168.0.102 - - [08/Mar/2025:01:08:50 +0530] "GET /tmp_dash/stream/1157132.m4v HTTP/1.1" 200 1562398 "http://192.168.0.102/dashjs/index.html" "Mozilla/5.0 (Windows NT 10.0; Win64; x64) AppleWebKit/537.36 (KHTML, like Gecko) Chrome/134.0.0.0 Safari/537.36" "-"
127.4.151.177 - - [08/Mar/2025:01:08:53 +0530] "GET /tmp_dash/stream/index.mpd HTTP/1.1" 304 0 "http://extra-tcp.gl.at.ply.gg:47078/dashjs/index.html" "Mozilla/5.0 (Linux; Android 10; K) AppleWebKit/537.36 (KHTML, like Gecko) Chrome/134.0.0.0 Mobile Safari/537.36" "-"
192.168.0.102 - - [08/Mar/2025:01:08:55 +0530] "GET /tmp_dash/stream/index.mpd HTTP/1.1" 304 0 "http://192.168.0.102/dashjs/index.html" "Mozilla/5.0 (Windows NT 10.0; Win64; x64) AppleWebKit/537.36 (KHTML, like Gecko) Chrome/134.0.0.0 Safari/537.36" "-"
192.168.0.102 - - [08/Mar/2025:01:08:56 +0530] "GET /tmp_hls/stream/index.m3u8 HTTP/1.1" 200 267 "http://192.168.0.102/videojs/index.html" "Mozilla/5.0 (Windows NT 10.0; Win64; x64) AppleWebKit/537.36 (KHTML, like Gecko) Chrome/134.0.0.0 Safari/537.36" "-"
192.168.0.102 - - [08/Mar/2025:01:08:57 +0530] "GET /tmp_hls/stream/1741376327361.ts HTTP/1.1" 200 1765884 "http://192.168.0.102/videojs/index.html" "Mozilla/5.0 (Windows NT 10.0; Win64; x64) AppleWebKit/537.36 (KHTML, like Gecko) Chrome/134.0.0.0 Safari/537.36" "-"
127.4.151.177 - - [08/Mar/2025:01:08:58 +0530] "GET /tmp_dash/stream/index.mpd HTTP/1.1" 200 2294 "http://extra-tcp.gl.at.ply.gg:47078/dashjs/index.html" "Mozilla/5.0 (Linux; Android 10; K) AppleWebKit/537.36 (KHTML, like Gecko) Chrome/134.0.0.0 Mobile Safari/537.36" "-"
127.4.151.177 - - [08/Mar/2025:01:08:59 +0530] "GET /tmp_dash/stream/1165466.m4v HTTP/1.1" 200 1562140 "http://extra-tcp.gl.at.ply.gg:47078/dashjs/index.html" "Mozilla/5.0 (Linux; Android 10; K) AppleWebKit/537.36 (KHTML, like Gecko) Chrome/134.0.0.0 Mobile Safari/537.36" "-"
127.4.151.177 - - [08/Mar/2025:01:08:59 +0530] "GET /tmp_dash/stream/1165466.m4a HTTP/1.1" 200 135449 "http://extra-tcp.gl.at.ply.gg:47078/dashjs/index.html" "Mozilla/5.0 (Linux; Android 10; K) AppleWebKit/537.36 (KHTML, like Gecko) Chrome/134.0.0.0 Mobile Safari/537.36" "-"
192.168.0.102 - - [08/Mar/2025:01:09:01 +0530] "GET /tmp_dash/stream/index.mpd HTTP/1.1" 200 2294 "http://192.168.0.102/dashjs/index.html" "Mozilla/5.0 (Windows NT 10.0; Win64; x64) AppleWebKit/537.36 (KHTML, like Gecko) Chrome/134.0.0.0 Safari/537.36" "-"
192.168.0.102 - - [08/Mar/2025:01:09:02 +0530] "GET /tmp_dash/stream/1165466.m4a HTTP/1.1" 200 135449 "http://192.168.0.102/dashjs/index.html" "Mozilla/5.0 (Windows NT 10.0; Win64; x64) AppleWebKit/537.36 (KHTML, like Gecko) Chrome/134.0.0.0 Safari/537.36" "-"
192.168.0.102 - - [08/Mar/2025:01:09:02 +0530] "GET /tmp_dash/stream/1165466.m4v HTTP/1.1" 200 1562140 "http://192.168.0.102/dashjs/index.html" "Mozilla/5.0 (Windows NT 10.0; Win64; x64) AppleWebKit/537.36 (KHTML, like Gecko) Chrome/134.0.0.0 Safari/537.36" "-"
127.4.151.177 - - [08/Mar/2025:01:09:03 +0530] "GET /tmp_dash/stream/index.mpd HTTP/1.1" 304 0 "http://extra-tcp.gl.at.ply.gg:47078/dashjs/index.html" "Mozilla/5.0 (Linux; Android 10; K) AppleWebKit/537.36 (KHTML, like Gecko) Chrome/134.0.0.0 Mobile Safari/537.36" "-"
192.168.0.102 - - [08/Mar/2025:01:09:05 +0530] "GET /tmp_hls/stream/index.m3u8 HTTP/1.1" 200 267 "http://192.168.0.102/videojs/index.html" "Mozilla/5.0 (Windows NT 10.0; Win64; x64) AppleWebKit/537.36 (KHTML, like Gecko) Chrome/134.0.0.0 Safari/537.36" "-"
192.168.0.102 - - [08/Mar/2025:01:09:06 +0530] "GET /tmp_hls/stream/1741376335679.ts HTTP/1.1" 200 1791076 "http://192.168.0.102/videojs/index.html" "Mozilla/5.0 (Windows NT 10.0; Win64; x64) AppleWebKit/537.36 (KHTML, like Gecko) Chrome/134.0.0.0 Safari/537.36" "-"
192.168.0.102 - - [08/Mar/2025:01:09:07 +0530] "GET /tmp_dash/stream/index.mpd HTTP/1.1" 200 2294 "http://192.168.0.102/dashjs/index.html" "Mozilla/5.0 (Windows NT 10.0; Win64; x64) AppleWebKit/537.36 (KHTML, like Gecko) Chrome/134.0.0.0 Safari/537.36" "-"
192.168.0.102 - - [08/Mar/2025:01:09:08 +0530] "GET /tmp_dash/stream/1173799.m4a HTTP/1.1" 200 136275 "http://192.168.0.102/dashjs/index.html" "Mozilla/5.0 (Windows NT 10.0; Win64; x64) AppleWebKit/537.36 (KHTML, like Gecko) Chrome/134.0.0.0 Safari/537.36" "-"
192.168.0.102 - - [08/Mar/2025:01:09:08 +0530] "GET /tmp_dash/stream/1173799.m4v HTTP/1.1" 200 1586624 "http://192.168.0.102/dashjs/index.html" "Mozilla/5.0 (Windows NT 10.0; Win64; x64) AppleWebKit/537.36 (KHTML, like Gecko) Chrome/134.0.0.0 Safari/537.36" "-"
127.4.151.177 - - [08/Mar/2025:01:09:08 +0530] "GET /tmp_dash/stream/index.mpd HTTP/1.1" 200 2294 "http://extra-tcp.gl.at.ply.gg:47078/dashjs/index.html" "Mozilla/5.0 (Linux; Android 10; K) AppleWebKit/537.36 (KHTML, like Gecko) Chrome/134.0.0.0 Mobile Safari/537.36" "-"
127.4.151.177 - - [08/Mar/2025:01:09:09 +0530] "GET /tmp_dash/stream/1173799.m4v HTTP/1.1" 200 1586624 "http://extra-tcp.gl.at.ply.gg:47078/dashjs/index.html" "Mozilla/5.0 (Linux; Android 10; K) AppleWebKit/537.36 (KHTML, like Gecko) Chrome/134.0.0.0 Mobile Safari/537.36" "-"
127.4.151.177 - - [08/Mar/2025:01:09:09 +0530] "GET /tmp_dash/stream/1173799.m4a HTTP/1.1" 200 136275 "http://extra-tcp.gl.at.ply.gg:47078/dashjs/index.html" "Mozilla/5.0 (Linux; Android 10; K) AppleWebKit/537.36 (KHTML, like Gecko) Chrome/134.0.0.0 Mobile Safari/537.36" "-"
192.168.0.102 - - [08/Mar/2025:01:09:12 +0530] "GET /tmp_dash/stream/index.mpd HTTP/1.1" 200 2294 "http://192.168.0.102/dashjs/index.html" "Mozilla/5.0 (Windows NT 10.0; Win64; x64) AppleWebKit/537.36 (KHTML, like Gecko) Chrome/134.0.0.0 Safari/537.36" "-"
127.4.151.177 - - [08/Mar/2025:01:09:14 +0530] "GET /tmp_dash/stream/index.mpd HTTP/1.1" 200 2294 "http://extra-tcp.gl.at.ply.gg:47078/dashjs/index.html" "Mozilla/5.0 (Linux; Android 10; K) AppleWebKit/537.36 (KHTML, like Gecko) Chrome/134.0.0.0 Mobile Safari/537.36" "-"
192.168.0.102 - - [08/Mar/2025:01:09:14 +0530] "GET /tmp_hls/stream/index.m3u8 HTTP/1.1" 200 267 "http://192.168.0.102/videojs/index.html" "Mozilla/5.0 (Windows NT 10.0; Win64; x64) AppleWebKit/537.36 (KHTML, like Gecko) Chrome/134.0.0.0 Safari/537.36" "-"
127.4.151.177 - - [08/Mar/2025:01:09:14 +0530] "GET /tmp_dash/stream/1182132.m4v HTTP/1.1" 200 1570969 "http://extra-tcp.gl.at.ply.gg:47078/dashjs/index.html" "Mozilla/5.0 (Linux; Android 10; K) AppleWebKit/537.36 (KHTML, like Gecko) Chrome/134.0.0.0 Mobile Safari/537.36" "-"
127.4.151.177 - - [08/Mar/2025:01:09:14 +0530] "GET /tmp_dash/stream/1182132.m4a HTTP/1.1" 200 135719 "http://extra-tcp.gl.at.ply.gg:47078/dashjs/index.html" "Mozilla/5.0 (Linux; Android 10; K) AppleWebKit/537.36 (KHTML, like Gecko) Chrome/134.0.0.0 Mobile Safari/537.36" "-"
192.168.0.102 - - [08/Mar/2025:01:09:15 +0530] "GET /tmp_hls/stream/1741376344020.ts HTTP/1.1" 200 1775660 "http://192.168.0.102/videojs/index.html" "Mozilla/5.0 (Windows NT 10.0; Win64; x64) AppleWebKit/537.36 (KHTML, like Gecko) Chrome/134.0.0.0 Safari/537.36" "-"
192.168.0.102 - - [08/Mar/2025:01:09:18 +0530] "GET /tmp_dash/stream/index.mpd HTTP/1.1" 304 0 "http://192.168.0.102/dashjs/index.html" "Mozilla/5.0 (Windows NT 10.0; Win64; x64) AppleWebKit/537.36 (KHTML, like Gecko) Chrome/134.0.0.0 Safari/537.36" "-"
127.4.151.177 - - [08/Mar/2025:01:09:19 +0530] "GET /tmp_dash/stream/index.mpd HTTP/1.1" 304 0 "http://extra-tcp.gl.at.ply.gg:47078/dashjs/index.html" "Mozilla/5.0 (Linux; Android 10; K) AppleWebKit/537.36 (KHTML, like Gecko) Chrome/134.0.0.0 Mobile Safari/537.36" "-"
192.168.0.102 - - [08/Mar/2025:01:09:23 +0530] "GET /tmp_hls/stream/index.m3u8 HTTP/1.1" 200 267 "http://192.168.0.102/videojs/index.html" "Mozilla/5.0 (Windows NT 10.0; Win64; x64) AppleWebKit/537.36 (KHTML, like Gecko) Chrome/134.0.0.0 Safari/537.36" "-"
192.168.0.102 - - [08/Mar/2025:01:09:24 +0530] "GET /tmp_hls/stream/1741376352340.ts HTTP/1.1" 200 1765320 "http://192.168.0.102/videojs/index.html" "Mozilla/5.0 (Windows NT 10.0; Win64; x64) AppleWebKit/537.36 (KHTML, like Gecko) Chrome/134.0.0.0 Safari/537.36" "-"
192.168.0.102 - - [08/Mar/2025:01:09:24 +0530] "GET /tmp_dash/stream/index.mpd HTTP/1.1" 200 2294 "http://192.168.0.102/dashjs/index.html" "Mozilla/5.0 (Windows NT 10.0; Win64; x64) AppleWebKit/537.36 (KHTML, like Gecko) Chrome/134.0.0.0 Safari/537.36" "-"
127.4.151.177 - - [08/Mar/2025:01:09:24 +0530] "GET /tmp_dash/stream/index.mpd HTTP/1.1" 200 2294 "http://extra-tcp.gl.at.ply.gg:47078/dashjs/index.html" "Mozilla/5.0 (Linux; Android 10; K) AppleWebKit/537.36 (KHTML, like Gecko) Chrome/134.0.0.0 Mobile Safari/537.36" "-"
127.4.151.177 - - [08/Mar/2025:01:09:25 +0530] "GET /tmp_dash/stream/1190466.m4v HTTP/1.1" 200 1561056 "http://extra-tcp.gl.at.ply.gg:47078/dashjs/index.html" "Mozilla/5.0 (Linux; Android 10; K) AppleWebKit/537.36 (KHTML, like Gecko) Chrome/134.0.0.0 Mobile Safari/537.36" "-"
127.4.151.177 - - [08/Mar/2025:01:09:25 +0530] "GET /tmp_dash/stream/1190466.m4a HTTP/1.1" 200 136293 "http://extra-tcp.gl.at.ply.gg:47078/dashjs/index.html" "Mozilla/5.0 (Linux; Android 10; K) AppleWebKit/537.36 (KHTML, like Gecko) Chrome/134.0.0.0 Mobile Safari/537.36" "-"
127.4.151.177 - - [08/Mar/2025:01:09:30 +0530] "GET /tmp_dash/stream/index.mpd HTTP/1.1" 200 2294 "http://extra-tcp.gl.at.ply.gg:47078/dashjs/index.html" "Mozilla/5.0 (Linux; Android 10; K) AppleWebKit/537.36 (KHTML, like Gecko) Chrome/134.0.0.0 Mobile Safari/537.36" "-"
127.4.151.177 - - [08/Mar/2025:01:09:30 +0530] "GET /tmp_dash/stream/1198799.m4v HTTP/1.1" 200 1547274 "http://extra-tcp.gl.at.ply.gg:47078/dashjs/index.html" "Mozilla/5.0 (Linux; Android 10; K) AppleWebKit/537.36 (KHTML, like Gecko) Chrome/134.0.0.0 Mobile Safari/537.36" "-"
192.168.0.102 - - [08/Mar/2025:01:09:30 +0530] "GET /tmp_dash/stream/index.mpd HTTP/1.1" 200 2294 "http://192.168.0.102/dashjs/index.html" "Mozilla/5.0 (Windows NT 10.0; Win64; x64) AppleWebKit/537.36 (KHTML, like Gecko) Chrome/134.0.0.0 Safari/537.36" "-"
127.4.151.177 - - [08/Mar/2025:01:09:31 +0530] "GET /tmp_dash/stream/1198799.m4a HTTP/1.1" 200 136144 "http://extra-tcp.gl.at.ply.gg:47078/dashjs/index.html" "Mozilla/5.0 (Linux; Android 10; K) AppleWebKit/537.36 (KHTML, like Gecko) Chrome/134.0.0.0 Mobile Safari/537.36" "-"
192.168.0.102 - - [08/Mar/2025:01:09:32 +0530] "GET /tmp_hls/stream/index.m3u8 HTTP/1.1" 200 267 "http://192.168.0.102/videojs/index.html" "Mozilla/5.0 (Windows NT 10.0; Win64; x64) AppleWebKit/537.36 (KHTML, like Gecko) Chrome/134.0.0.0 Safari/537.36" "-"
192.168.0.102 - - [08/Mar/2025:01:09:33 +0530] "GET /tmp_hls/stream/1741376360681.ts HTTP/1.1" 200 1751408 "http://192.168.0.102/videojs/index.html" "Mozilla/5.0 (Windows NT 10.0; Win64; x64) AppleWebKit/537.36 (KHTML, like Gecko) Chrome/134.0.0.0 Safari/537.36" "-"
127.4.151.177 - - [08/Mar/2025:01:09:35 +0530] "GET /tmp_dash/stream/index.mpd HTTP/1.1" 304 0 "http://extra-tcp.gl.at.ply.gg:47078/dashjs/index.html" "Mozilla/5.0 (Linux; Android 10; K) AppleWebKit/537.36 (KHTML, like Gecko) Chrome/134.0.0.0 Mobile Safari/537.36" "-"
192.168.0.102 - - [08/Mar/2025:01:09:36 +0530] "GET /tmp_dash/stream/index.mpd HTTP/1.1" 304 0 "http://192.168.0.102/dashjs/index.html" "Mozilla/5.0 (Windows NT 10.0; Win64; x64) AppleWebKit/537.36 (KHTML, like Gecko) Chrome/134.0.0.0 Safari/537.36" "-"
127.4.151.177 - - [08/Mar/2025:01:09:40 +0530] "GET /tmp_dash/stream/index.mpd HTTP/1.1" 200 2294 "http://extra-tcp.gl.at.ply.gg:47078/dashjs/index.html" "Mozilla/5.0 (Linux; Android 10; K) AppleWebKit/537.36 (KHTML, like Gecko) Chrome/134.0.0.0 Mobile Safari/537.36" "-"
127.4.151.177 - - [08/Mar/2025:01:09:40 +0530] "GET /tmp_dash/stream/1207132.m4v HTTP/1.1" 200 1574620 "http://extra-tcp.gl.at.ply.gg:47078/dashjs/index.html" "Mozilla/5.0 (Linux; Android 10; K) AppleWebKit/537.36 (KHTML, like Gecko) Chrome/134.0.0.0 Mobile Safari/537.36" "-"
127.4.151.177 - - [08/Mar/2025:01:09:40 +0530] "GET /tmp_dash/stream/1207132.m4a HTTP/1.1" 200 135474 "http://extra-tcp.gl.at.ply.gg:47078/dashjs/index.html" "Mozilla/5.0 (Linux; Android 10; K) AppleWebKit/537.36 (KHTML, like Gecko) Chrome/134.0.0.0 Mobile Safari/537.36" "-"
192.168.0.102 - - [08/Mar/2025:01:09:41 +0530] "GET /tmp_dash/stream/1173799.m4v HTTP/1.1" 304 0 "http://192.168.0.102/dashjs/index.html" "Mozilla/5.0 (Windows NT 10.0; Win64; x64) AppleWebKit/537.36 (KHTML, like Gecko) Chrome/134.0.0.0 Safari/537.36" "-"
192.168.0.102 - - [08/Mar/2025:01:09:41 +0530] "GET /tmp_dash/stream/1173799.m4a HTTP/1.1" 304 0 "http://192.168.0.102/dashjs/index.html" "Mozilla/5.0 (Windows NT 10.0; Win64; x64) AppleWebKit/537.36 (KHTML, like Gecko) Chrome/134.0.0.0 Safari/537.36" "-"
192.168.0.102 - - [08/Mar/2025:01:09:41 +0530] "GET /tmp_dash/stream/1182132.m4a HTTP/1.1" 200 135719 "http://192.168.0.102/dashjs/index.html" "Mozilla/5.0 (Windows NT 10.0; Win64; x64) AppleWebKit/537.36 (KHTML, like Gecko) Chrome/134.0.0.0 Safari/537.36" "-"
192.168.0.102 - - [08/Mar/2025:01:09:41 +0530] "GET /tmp_dash/stream/1182132.m4v HTTP/1.1" 200 1570969 "http://192.168.0.102/dashjs/index.html" "Mozilla/5.0 (Windows NT 10.0; Win64; x64) AppleWebKit/537.36 (KHTML, like Gecko) Chrome/134.0.0.0 Safari/537.36" "-"
192.168.0.102 - - [08/Mar/2025:01:09:41 +0530] "GET /tmp_dash/stream/1190466.m4a HTTP/1.1" 200 136293 "http://192.168.0.102/dashjs/index.html" "Mozilla/5.0 (Windows NT 10.0; Win64; x64) AppleWebKit/537.36 (KHTML, like Gecko) Chrome/134.0.0.0 Safari/537.36" "-"
192.168.0.102 - - [08/Mar/2025:01:09:41 +0530] "GET /tmp_dash/stream/1198799.m4a HTTP/1.1" 200 136144 "http://192.168.0.102/dashjs/index.html" "Mozilla/5.0 (Windows NT 10.0; Win64; x64) AppleWebKit/537.36 (KHTML, like Gecko) Chrome/134.0.0.0 Safari/537.36" "-"
192.168.0.102 - - [08/Mar/2025:01:09:41 +0530] "GET /tmp_dash/stream/1190466.m4v HTTP/1.1" 200 1561056 "http://192.168.0.102/dashjs/index.html" "Mozilla/5.0 (Windows NT 10.0; Win64; x64) AppleWebKit/537.36 (KHTML, like Gecko) Chrome/134.0.0.0 Safari/537.36" "-"
192.168.0.102 - - [08/Mar/2025:01:09:41 +0530] "GET /tmp_hls/stream/index.m3u8 HTTP/1.1" 200 267 "http://192.168.0.102/videojs/index.html" "Mozilla/5.0 (Windows NT 10.0; Win64; x64) AppleWebKit/537.36 (KHTML, like Gecko) Chrome/134.0.0.0 Safari/537.36" "-"
192.168.0.102 - - [08/Mar/2025:01:09:41 +0530] "GET /tmp_dash/stream/1198799.m4v HTTP/1.1" 200 1547274 "http://192.168.0.102/dashjs/index.html" "Mozilla/5.0 (Windows NT 10.0; Win64; x64) AppleWebKit/537.36 (KHTML, like Gecko) Chrome/134.0.0.0 Safari/537.36" "-"
192.168.0.102 - - [08/Mar/2025:01:09:42 +0530] "GET /tmp_hls/stream/1741376369023.ts HTTP/1.1" 200 1776788 "http://192.168.0.102/videojs/index.html" "Mozilla/5.0 (Windows NT 10.0; Win64; x64) AppleWebKit/537.36 (KHTML, like Gecko) Chrome/134.0.0.0 Safari/537.36" "-"
127.4.151.177 - - [08/Mar/2025:01:09:45 +0530] "GET /tmp_dash/stream/index.mpd HTTP/1.1" 304 0 "http://extra-tcp.gl.at.ply.gg:47078/dashjs/index.html" "Mozilla/5.0 (Linux; Android 10; K) AppleWebKit/537.36 (KHTML, like Gecko) Chrome/134.0.0.0 Mobile Safari/537.36" "-"
192.168.0.102 - - [08/Mar/2025:01:09:50 +0530] "GET / HTTP/1.1" 200 934 "-" "Mozilla/5.0 (Windows NT 10.0; Win64; x64) AppleWebKit/537.36 (KHTML, like Gecko) Chrome/134.0.0.0 Safari/537.36" "-"
192.168.0.102 - - [08/Mar/2025:01:09:50 +0530] "GET /tmp_dash/stream/index.mpd HTTP/1.1" 200 2294 "http://192.168.0.102/" "Mozilla/5.0 (Windows NT 10.0; Win64; x64) AppleWebKit/537.36 (KHTML, like Gecko) Chrome/134.0.0.0 Safari/537.36" "-"
192.168.0.102 - - [08/Mar/2025:01:09:50 +0530] "GET /tmp_dash/stream/init.m4v HTTP/1.1" 304 0 "http://192.168.0.102/" "Mozilla/5.0 (Windows NT 10.0; Win64; x64) AppleWebKit/537.36 (KHTML, like Gecko) Chrome/134.0.0.0 Safari/537.36" "-"
192.168.0.102 - - [08/Mar/2025:01:09:50 +0530] "GET /tmp_dash/stream/init.m4a HTTP/1.1" 304 0 "http://192.168.0.102/" "Mozilla/5.0 (Windows NT 10.0; Win64; x64) AppleWebKit/537.36 (KHTML, like Gecko) Chrome/134.0.0.0 Safari/537.36" "-"
192.168.0.102 - - [08/Mar/2025:01:09:50 +0530] "GET /tmp_dash/stream/1207132.m4a HTTP/1.1" 200 135474 "http://192.168.0.102/" "Mozilla/5.0 (Windows NT 10.0; Win64; x64) AppleWebKit/537.36 (KHTML, like Gecko) Chrome/134.0.0.0 Safari/537.36" "-"
192.168.0.102 - - [08/Mar/2025:01:09:50 +0530] "GET /tmp_dash/stream/1207132.m4v HTTP/1.1" 200 1574620 "http://192.168.0.102/" "Mozilla/5.0 (Windows NT 10.0; Win64; x64) AppleWebKit/537.36 (KHTML, like Gecko) Chrome/134.0.0.0 Safari/537.36" "-"
192.168.0.102 - - [08/Mar/2025:01:09:50 +0530] "GET /tmp_dash/stream/1215466.m4a HTTP/1.1" 200 135942 "http://192.168.0.102/" "Mozilla/5.0 (Windows NT 10.0; Win64; x64) AppleWebKit/537.36 (KHTML, like Gecko) Chrome/134.0.0.0 Safari/537.36" "-"
192.168.0.102 - - [08/Mar/2025:01:09:50 +0530] "GET /tmp_dash/stream/1215466.m4v HTTP/1.1" 200 1571306 "http://192.168.0.102/" "Mozilla/5.0 (Windows NT 10.0; Win64; x64) AppleWebKit/537.36 (KHTML, like Gecko) Chrome/134.0.0.0 Safari/537.36" "-"
192.168.0.102 - - [08/Mar/2025:01:09:50 +0530] "GET /tmp_hls/stream/index.m3u8 HTTP/1.1" 200 267 "http://192.168.0.102/videojs/index.html" "Mozilla/5.0 (Windows NT 10.0; Win64; x64) AppleWebKit/537.36 (KHTML, like Gecko) Chrome/134.0.0.0 Safari/537.36" "-"
192.168.0.102 - - [08/Mar/2025:01:09:50 +0530] "GET /tmp_dash/stream/index.mpd HTTP/1.1" 304 0 "http://192.168.0.102/dashjs/index.html" "Mozilla/5.0 (Windows NT 10.0; Win64; x64) AppleWebKit/537.36 (KHTML, like Gecko) Chrome/134.0.0.0 Safari/537.36" "-"
127.4.151.177 - - [08/Mar/2025:01:09:50 +0530] "GET /tmp_dash/stream/index.mpd HTTP/1.1" 200 2294 "http://extra-tcp.gl.at.ply.gg:47078/dashjs/index.html" "Mozilla/5.0 (Linux; Android 10; K) AppleWebKit/537.36 (KHTML, like Gecko) Chrome/134.0.0.0 Mobile Safari/537.36" "-"
127.4.151.177 - - [08/Mar/2025:01:09:51 +0530] "GET /tmp_dash/stream/1215466.m4v HTTP/1.1" 200 1571306 "http://extra-tcp.gl.at.ply.gg:47078/dashjs/index.html" "Mozilla/5.0 (Linux; Android 10; K) AppleWebKit/537.36 (KHTML, like Gecko) Chrome/134.0.0.0 Mobile Safari/537.36" "-"
192.168.0.102 - - [08/Mar/2025:01:09:51 +0530] "GET /tmp_hls/stream/1741376377343.ts HTTP/1.1" 200 1774720 "http://192.168.0.102/videojs/index.html" "Mozilla/5.0 (Windows NT 10.0; Win64; x64) AppleWebKit/537.36 (KHTML, like Gecko) Chrome/134.0.0.0 Safari/537.36" "-"
192.168.0.102 - - [08/Mar/2025:01:09:51 +0530] "GET /tmp_dash/stream/1207132.m4v HTTP/1.1" 304 0 "http://192.168.0.102/dashjs/index.html" "Mozilla/5.0 (Windows NT 10.0; Win64; x64) AppleWebKit/537.36 (KHTML, like Gecko) Chrome/134.0.0.0 Safari/537.36" "-"
192.168.0.102 - - [08/Mar/2025:01:09:51 +0530] "GET /tmp_dash/stream/1207132.m4a HTTP/1.1" 304 0 "http://192.168.0.102/dashjs/index.html" "Mozilla/5.0 (Windows NT 10.0; Win64; x64) AppleWebKit/537.36 (KHTML, like Gecko) Chrome/134.0.0.0 Safari/537.36" "-"
192.168.0.102 - - [08/Mar/2025:01:09:51 +0530] "GET /tmp_dash/stream/1215466.m4a HTTP/1.1" 304 0 "http://192.168.0.102/dashjs/index.html" "Mozilla/5.0 (Windows NT 10.0; Win64; x64) AppleWebKit/537.36 (KHTML, like Gecko) Chrome/134.0.0.0 Safari/537.36" "-"
192.168.0.102 - - [08/Mar/2025:01:09:51 +0530] "GET /tmp_dash/stream/1215466.m4v HTTP/1.1" 304 0 "http://192.168.0.102/dashjs/index.html" "Mozilla/5.0 (Windows NT 10.0; Win64; x64) AppleWebKit/537.36 (KHTML, like Gecko) Chrome/134.0.0.0 Safari/537.36" "-"
127.4.151.177 - - [08/Mar/2025:01:09:52 +0530] "GET /tmp_dash/stream/1215466.m4a HTTP/1.1" 200 135942 "http://extra-tcp.gl.at.ply.gg:47078/dashjs/index.html" "Mozilla/5.0 (Linux; Android 10; K) AppleWebKit/537.36 (KHTML, like Gecko) Chrome/134.0.0.0 Mobile Safari/537.36" "-"
192.168.0.102 - - [08/Mar/2025:01:09:55 +0530] "GET / HTTP/1.1" 304 0 "-" "Mozilla/5.0 (Windows NT 10.0; Win64; x64) AppleWebKit/537.36 (KHTML, like Gecko) Chrome/134.0.0.0 Safari/537.36" "-"
192.168.0.102 - - [08/Mar/2025:01:09:55 +0530] "GET /tmp_dash/stream/index.mpd HTTP/1.1" 200 2294 "http://192.168.0.102/" "Mozilla/5.0 (Windows NT 10.0; Win64; x64) AppleWebKit/537.36 (KHTML, like Gecko) Chrome/134.0.0.0 Safari/537.36" "-"
192.168.0.102 - - [08/Mar/2025:01:09:55 +0530] "GET /tmp_dash/stream/init.m4v HTTP/1.1" 304 0 "http://192.168.0.102/" "Mozilla/5.0 (Windows NT 10.0; Win64; x64) AppleWebKit/537.36 (KHTML, like Gecko) Chrome/134.0.0.0 Safari/537.36" "-"
192.168.0.102 - - [08/Mar/2025:01:09:55 +0530] "GET /tmp_dash/stream/init.m4a HTTP/1.1" 304 0 "http://192.168.0.102/" "Mozilla/5.0 (Windows NT 10.0; Win64; x64) AppleWebKit/537.36 (KHTML, like Gecko) Chrome/134.0.0.0 Safari/537.36" "-"
192.168.0.102 - - [08/Mar/2025:01:09:55 +0530] "GET /tmp_dash/stream/1207132.m4v HTTP/1.1" 304 0 "http://192.168.0.102/" "Mozilla/5.0 (Windows NT 10.0; Win64; x64) AppleWebKit/537.36 (KHTML, like Gecko) Chrome/134.0.0.0 Safari/537.36" "-"
192.168.0.102 - - [08/Mar/2025:01:09:55 +0530] "GET /tmp_dash/stream/1207132.m4a HTTP/1.1" 304 0 "http://192.168.0.102/" "Mozilla/5.0 (Windows NT 10.0; Win64; x64) AppleWebKit/537.36 (KHTML, like Gecko) Chrome/134.0.0.0 Safari/537.36" "-"
192.168.0.102 - - [08/Mar/2025:01:09:55 +0530] "GET /tmp_dash/stream/1215466.m4a HTTP/1.1" 304 0 "http://192.168.0.102/" "Mozilla/5.0 (Windows NT 10.0; Win64; x64) AppleWebKit/537.36 (KHTML, like Gecko) Chrome/134.0.0.0 Safari/537.36" "-"
192.168.0.102 - - [08/Mar/2025:01:09:55 +0530] "GET /tmp_dash/stream/1215466.m4v HTTP/1.1" 304 0 "http://192.168.0.102/" "Mozilla/5.0 (Windows NT 10.0; Win64; x64) AppleWebKit/537.36 (KHTML, like Gecko) Chrome/134.0.0.0 Safari/537.36" "-"
